Archive member included because of file (symbol)

/Users/manu/LPCXpresso/tp_2016/lpc_chip_175x_6x/Debug/liblpc_chip_175x_6x.a(chip_17xx_40xx.o)
                              ./src/asdfgh.o (SystemCoreClock)
/Users/manu/LPCXpresso/tp_2016/lpc_chip_175x_6x/Debug/liblpc_chip_175x_6x.a(clock_17xx_40xx.o)
                              /Users/manu/LPCXpresso/tp_2016/lpc_chip_175x_6x/Debug/liblpc_chip_175x_6x.a(chip_17xx_40xx.o) (Chip_Clock_EnablePLL)
/Users/manu/LPCXpresso/tp_2016/lpc_chip_175x_6x/Debug/liblpc_chip_175x_6x.a(sysinit_17xx_40xx.o)
                              ./src/sysinit.o (Chip_SystemInit)
/Applications/lpcxpresso_7.5.0_254/lpcxpresso/tools/bin/../lib/gcc/arm-none-eabi/4.8.4/../../../../arm-none-eabi/lib/armv7-m/libcr_c.a(__weak__main.o)
                              ./src/cr_startup_lpc175x_6x.o (__main)

Allocating common symbols
Common symbol       size              file

SystemCoreClock     0x4               /Users/manu/LPCXpresso/tp_2016/lpc_chip_175x_6x/Debug/liblpc_chip_175x_6x.a(chip_17xx_40xx.o)

Discarded input sections

 .group         0x0000000000000000        0x8 ./src/asdfgh.o
 .group         0x0000000000000000        0x8 ./src/asdfgh.o
 .group         0x0000000000000000        0x8 ./src/asdfgh.o
 .group         0x0000000000000000        0x8 ./src/asdfgh.o
 .group         0x0000000000000000        0x8 ./src/asdfgh.o
 .group         0x0000000000000000        0x8 ./src/asdfgh.o
 .group         0x0000000000000000        0x8 ./src/asdfgh.o
 .group         0x0000000000000000        0x8 ./src/asdfgh.o
 .group         0x0000000000000000        0x8 ./src/asdfgh.o
 .group         0x0000000000000000        0x8 ./src/asdfgh.o
 .group         0x0000000000000000        0x8 ./src/asdfgh.o
 .group         0x0000000000000000        0x8 ./src/asdfgh.o
 .group         0x0000000000000000        0x8 ./src/asdfgh.o
 .group         0x0000000000000000        0x8 ./src/asdfgh.o
 .group         0x0000000000000000        0x8 ./src/asdfgh.o
 .group         0x0000000000000000        0x8 ./src/asdfgh.o
 .group         0x0000000000000000        0x8 ./src/asdfgh.o
 .group         0x0000000000000000        0x8 ./src/asdfgh.o
 .group         0x0000000000000000        0x8 ./src/asdfgh.o
 .group         0x0000000000000000        0x8 ./src/asdfgh.o
 .group         0x0000000000000000        0x8 ./src/asdfgh.o
 .group         0x0000000000000000        0x8 ./src/asdfgh.o
 .group         0x0000000000000000        0x8 ./src/asdfgh.o
 .group         0x0000000000000000        0x8 ./src/asdfgh.o
 .group         0x0000000000000000        0x8 ./src/asdfgh.o
 .group         0x0000000000000000        0x8 ./src/asdfgh.o
 .group         0x0000000000000000        0x8 ./src/asdfgh.o
 .group         0x0000000000000000        0x8 ./src/asdfgh.o
 .group         0x0000000000000000        0x8 ./src/asdfgh.o
 .group         0x0000000000000000        0x8 ./src/asdfgh.o
 .group         0x0000000000000000        0x8 ./src/asdfgh.o
 .group         0x0000000000000000        0x8 ./src/asdfgh.o
 .group         0x0000000000000000        0x8 ./src/asdfgh.o
 .group         0x0000000000000000        0x8 ./src/asdfgh.o
 .group         0x0000000000000000        0x8 ./src/asdfgh.o
 .group         0x0000000000000000        0x8 ./src/asdfgh.o
 .text          0x0000000000000000        0x0 ./src/asdfgh.o
 .data          0x0000000000000000        0x0 ./src/asdfgh.o
 .bss           0x0000000000000000        0x0 ./src/asdfgh.o
 .group         0x0000000000000000        0x8 ./src/cr_startup_lpc175x_6x.o
 .text          0x0000000000000000        0x0 ./src/cr_startup_lpc175x_6x.o
 .data          0x0000000000000000        0x0 ./src/cr_startup_lpc175x_6x.o
 .bss           0x0000000000000000        0x0 ./src/cr_startup_lpc175x_6x.o
 .debug_macro   0x0000000000000000      0x862 ./src/cr_startup_lpc175x_6x.o
 .group         0x0000000000000000        0x8 ./src/crp.o
 .group         0x0000000000000000        0x8 ./src/crp.o
 .text          0x0000000000000000        0x0 ./src/crp.o
 .data          0x0000000000000000        0x0 ./src/crp.o
 .bss           0x0000000000000000        0x0 ./src/crp.o
 .crp           0x0000000000000000        0x4 ./src/crp.o
 .debug_info    0x0000000000000000       0x3f ./src/crp.o
 .debug_abbrev  0x0000000000000000       0x36 ./src/crp.o
 .debug_aranges
                0x0000000000000000       0x18 ./src/crp.o
 .debug_macro   0x0000000000000000       0x1a ./src/crp.o
 .debug_macro   0x0000000000000000      0x862 ./src/crp.o
 .debug_macro   0x0000000000000000       0x34 ./src/crp.o
 .debug_line    0x0000000000000000       0x7f ./src/crp.o
 .debug_str     0x0000000000000000     0x24c9 ./src/crp.o
 .comment       0x0000000000000000       0x71 ./src/crp.o
 .ARM.attributes
                0x0000000000000000       0x33 ./src/crp.o
 .group         0x0000000000000000        0x8 ./src/sysinit.o
 .group         0x0000000000000000        0x8 ./src/sysinit.o
 .group         0x0000000000000000        0x8 ./src/sysinit.o
 .group         0x0000000000000000        0x8 ./src/sysinit.o
 .group         0x0000000000000000        0x8 ./src/sysinit.o
 .group         0x0000000000000000        0x8 ./src/sysinit.o
 .group         0x0000000000000000        0x8 ./src/sysinit.o
 .group         0x0000000000000000        0x8 ./src/sysinit.o
 .group         0x0000000000000000        0x8 ./src/sysinit.o
 .group         0x0000000000000000        0x8 ./src/sysinit.o
 .group         0x0000000000000000        0x8 ./src/sysinit.o
 .group         0x0000000000000000        0x8 ./src/sysinit.o
 .group         0x0000000000000000        0x8 ./src/sysinit.o
 .group         0x0000000000000000        0x8 ./src/sysinit.o
 .group         0x0000000000000000        0x8 ./src/sysinit.o
 .group         0x0000000000000000        0x8 ./src/sysinit.o
 .group         0x0000000000000000        0x8 ./src/sysinit.o
 .group         0x0000000000000000        0x8 ./src/sysinit.o
 .group         0x0000000000000000        0x8 ./src/sysinit.o
 .group         0x0000000000000000        0x8 ./src/sysinit.o
 .group         0x0000000000000000        0x8 ./src/sysinit.o
 .group         0x0000000000000000        0x8 ./src/sysinit.o
 .group         0x0000000000000000        0x8 ./src/sysinit.o
 .group         0x0000000000000000        0x8 ./src/sysinit.o
 .group         0x0000000000000000        0x8 ./src/sysinit.o
 .group         0x0000000000000000        0x8 ./src/sysinit.o
 .group         0x0000000000000000        0x8 ./src/sysinit.o
 .group         0x0000000000000000        0x8 ./src/sysinit.o
 .group         0x0000000000000000        0x8 ./src/sysinit.o
 .group         0x0000000000000000        0x8 ./src/sysinit.o
 .group         0x0000000000000000        0x8 ./src/sysinit.o
 .group         0x0000000000000000        0x8 ./src/sysinit.o
 .group         0x0000000000000000        0x8 ./src/sysinit.o
 .group         0x0000000000000000        0x8 ./src/sysinit.o
 .group         0x0000000000000000        0x8 ./src/sysinit.o
 .text          0x0000000000000000        0x0 ./src/sysinit.o
 .data          0x0000000000000000        0x0 ./src/sysinit.o
 .bss           0x0000000000000000        0x0 ./src/sysinit.o
 .debug_macro   0x0000000000000000      0x862 ./src/sysinit.o
 .debug_macro   0x0000000000000000       0x10 ./src/sysinit.o
 .debug_macro   0x0000000000000000      0x12d ./src/sysinit.o
 .debug_macro   0x0000000000000000      0x5b2 ./src/sysinit.o
 .debug_macro   0x0000000000000000       0x22 ./src/sysinit.o
 .debug_macro   0x0000000000000000       0x7b ./src/sysinit.o
 .debug_macro   0x0000000000000000       0x10 ./src/sysinit.o
 .debug_macro   0x0000000000000000       0x2d ./src/sysinit.o
 .debug_macro   0x0000000000000000       0x3a ./src/sysinit.o
 .debug_macro   0x0000000000000000       0x2d ./src/sysinit.o
 .debug_macro   0x0000000000000000      0xbb1 ./src/sysinit.o
 .debug_macro   0x0000000000000000      0x22c ./src/sysinit.o
 .debug_macro   0x0000000000000000       0x42 ./src/sysinit.o
 .debug_macro   0x0000000000000000       0x52 ./src/sysinit.o
 .debug_macro   0x0000000000000000       0x78 ./src/sysinit.o
 .debug_macro   0x0000000000000000       0x82 ./src/sysinit.o
 .debug_macro   0x0000000000000000      0x48c ./src/sysinit.o
 .debug_macro   0x0000000000000000       0x34 ./src/sysinit.o
 .debug_macro   0x0000000000000000      0x4c5 ./src/sysinit.o
 .debug_macro   0x0000000000000000      0x1b7 ./src/sysinit.o
 .debug_macro   0x0000000000000000       0x10 ./src/sysinit.o
 .debug_macro   0x0000000000000000      0x21b ./src/sysinit.o
 .debug_macro   0x0000000000000000      0x1b9 ./src/sysinit.o
 .debug_macro   0x0000000000000000       0x40 ./src/sysinit.o
 .debug_macro   0x0000000000000000       0x22 ./src/sysinit.o
 .debug_macro   0x0000000000000000      0x162 ./src/sysinit.o
 .debug_macro   0x0000000000000000       0x94 ./src/sysinit.o
 .debug_macro   0x0000000000000000       0xb8 ./src/sysinit.o
 .debug_macro   0x0000000000000000       0x4c ./src/sysinit.o
 .debug_macro   0x0000000000000000       0x16 ./src/sysinit.o
 .debug_macro   0x0000000000000000      0x328 ./src/sysinit.o
 .debug_macro   0x0000000000000000       0x49 ./src/sysinit.o
 .debug_macro   0x0000000000000000       0x16 ./src/sysinit.o
 .debug_macro   0x0000000000000000       0xca ./src/sysinit.o
 .debug_macro   0x0000000000000000       0x18 ./src/sysinit.o
 .group         0x0000000000000000        0x8 /Users/manu/LPCXpresso/tp_2016/lpc_chip_175x_6x/Debug/liblpc_chip_175x_6x.a(chip_17xx_40xx.o)
 .group         0x0000000000000000        0x8 /Users/manu/LPCXpresso/tp_2016/lpc_chip_175x_6x/Debug/liblpc_chip_175x_6x.a(chip_17xx_40xx.o)
 .group         0x0000000000000000        0x8 /Users/manu/LPCXpresso/tp_2016/lpc_chip_175x_6x/Debug/liblpc_chip_175x_6x.a(chip_17xx_40xx.o)
 .group         0x0000000000000000        0x8 /Users/manu/LPCXpresso/tp_2016/lpc_chip_175x_6x/Debug/liblpc_chip_175x_6x.a(chip_17xx_40xx.o)
 .group         0x0000000000000000        0x8 /Users/manu/LPCXpresso/tp_2016/lpc_chip_175x_6x/Debug/liblpc_chip_175x_6x.a(chip_17xx_40xx.o)
 .group         0x0000000000000000        0x8 /Users/manu/LPCXpresso/tp_2016/lpc_chip_175x_6x/Debug/liblpc_chip_175x_6x.a(chip_17xx_40xx.o)
 .group         0x0000000000000000        0x8 /Users/manu/LPCXpresso/tp_2016/lpc_chip_175x_6x/Debug/liblpc_chip_175x_6x.a(chip_17xx_40xx.o)
 .group         0x0000000000000000        0x8 /Users/manu/LPCXpresso/tp_2016/lpc_chip_175x_6x/Debug/liblpc_chip_175x_6x.a(chip_17xx_40xx.o)
 .group         0x0000000000000000        0x8 /Users/manu/LPCXpresso/tp_2016/lpc_chip_175x_6x/Debug/liblpc_chip_175x_6x.a(chip_17xx_40xx.o)
 .group         0x0000000000000000        0x8 /Users/manu/LPCXpresso/tp_2016/lpc_chip_175x_6x/Debug/liblpc_chip_175x_6x.a(chip_17xx_40xx.o)
 .group         0x0000000000000000        0x8 /Users/manu/LPCXpresso/tp_2016/lpc_chip_175x_6x/Debug/liblpc_chip_175x_6x.a(chip_17xx_40xx.o)
 .group         0x0000000000000000        0x8 /Users/manu/LPCXpresso/tp_2016/lpc_chip_175x_6x/Debug/liblpc_chip_175x_6x.a(chip_17xx_40xx.o)
 .group         0x0000000000000000        0x8 /Users/manu/LPCXpresso/tp_2016/lpc_chip_175x_6x/Debug/liblpc_chip_175x_6x.a(chip_17xx_40xx.o)
 .group         0x0000000000000000        0x8 /Users/manu/LPCXpresso/tp_2016/lpc_chip_175x_6x/Debug/liblpc_chip_175x_6x.a(chip_17xx_40xx.o)
 .group         0x0000000000000000        0x8 /Users/manu/LPCXpresso/tp_2016/lpc_chip_175x_6x/Debug/liblpc_chip_175x_6x.a(chip_17xx_40xx.o)
 .group         0x0000000000000000        0x8 /Users/manu/LPCXpresso/tp_2016/lpc_chip_175x_6x/Debug/liblpc_chip_175x_6x.a(chip_17xx_40xx.o)
 .group         0x0000000000000000        0x8 /Users/manu/LPCXpresso/tp_2016/lpc_chip_175x_6x/Debug/liblpc_chip_175x_6x.a(chip_17xx_40xx.o)
 .group         0x0000000000000000        0x8 /Users/manu/LPCXpresso/tp_2016/lpc_chip_175x_6x/Debug/liblpc_chip_175x_6x.a(chip_17xx_40xx.o)
 .group         0x0000000000000000        0x8 /Users/manu/LPCXpresso/tp_2016/lpc_chip_175x_6x/Debug/liblpc_chip_175x_6x.a(chip_17xx_40xx.o)
 .group         0x0000000000000000        0x8 /Users/manu/LPCXpresso/tp_2016/lpc_chip_175x_6x/Debug/liblpc_chip_175x_6x.a(chip_17xx_40xx.o)
 .group         0x0000000000000000        0x8 /Users/manu/LPCXpresso/tp_2016/lpc_chip_175x_6x/Debug/liblpc_chip_175x_6x.a(chip_17xx_40xx.o)
 .group         0x0000000000000000        0x8 /Users/manu/LPCXpresso/tp_2016/lpc_chip_175x_6x/Debug/liblpc_chip_175x_6x.a(chip_17xx_40xx.o)
 .group         0x0000000000000000        0x8 /Users/manu/LPCXpresso/tp_2016/lpc_chip_175x_6x/Debug/liblpc_chip_175x_6x.a(chip_17xx_40xx.o)
 .group         0x0000000000000000        0x8 /Users/manu/LPCXpresso/tp_2016/lpc_chip_175x_6x/Debug/liblpc_chip_175x_6x.a(chip_17xx_40xx.o)
 .group         0x0000000000000000        0x8 /Users/manu/LPCXpresso/tp_2016/lpc_chip_175x_6x/Debug/liblpc_chip_175x_6x.a(chip_17xx_40xx.o)
 .group         0x0000000000000000        0x8 /Users/manu/LPCXpresso/tp_2016/lpc_chip_175x_6x/Debug/liblpc_chip_175x_6x.a(chip_17xx_40xx.o)
 .group         0x0000000000000000        0x8 /Users/manu/LPCXpresso/tp_2016/lpc_chip_175x_6x/Debug/liblpc_chip_175x_6x.a(chip_17xx_40xx.o)
 .group         0x0000000000000000        0x8 /Users/manu/LPCXpresso/tp_2016/lpc_chip_175x_6x/Debug/liblpc_chip_175x_6x.a(chip_17xx_40xx.o)
 .group         0x0000000000000000        0x8 /Users/manu/LPCXpresso/tp_2016/lpc_chip_175x_6x/Debug/liblpc_chip_175x_6x.a(chip_17xx_40xx.o)
 .group         0x0000000000000000        0x8 /Users/manu/LPCXpresso/tp_2016/lpc_chip_175x_6x/Debug/liblpc_chip_175x_6x.a(chip_17xx_40xx.o)
 .group         0x0000000000000000        0x8 /Users/manu/LPCXpresso/tp_2016/lpc_chip_175x_6x/Debug/liblpc_chip_175x_6x.a(chip_17xx_40xx.o)
 .group         0x0000000000000000        0x8 /Users/manu/LPCXpresso/tp_2016/lpc_chip_175x_6x/Debug/liblpc_chip_175x_6x.a(chip_17xx_40xx.o)
 .group         0x0000000000000000        0x8 /Users/manu/LPCXpresso/tp_2016/lpc_chip_175x_6x/Debug/liblpc_chip_175x_6x.a(chip_17xx_40xx.o)
 .group         0x0000000000000000        0x8 /Users/manu/LPCXpresso/tp_2016/lpc_chip_175x_6x/Debug/liblpc_chip_175x_6x.a(chip_17xx_40xx.o)
 .group         0x0000000000000000        0x8 /Users/manu/LPCXpresso/tp_2016/lpc_chip_175x_6x/Debug/liblpc_chip_175x_6x.a(chip_17xx_40xx.o)
 .text          0x0000000000000000        0x0 /Users/manu/LPCXpresso/tp_2016/lpc_chip_175x_6x/Debug/liblpc_chip_175x_6x.a(chip_17xx_40xx.o)
 .data          0x0000000000000000        0x0 /Users/manu/LPCXpresso/tp_2016/lpc_chip_175x_6x/Debug/liblpc_chip_175x_6x.a(chip_17xx_40xx.o)
 .bss           0x0000000000000000        0x0 /Users/manu/LPCXpresso/tp_2016/lpc_chip_175x_6x/Debug/liblpc_chip_175x_6x.a(chip_17xx_40xx.o)
 .text.Chip_Clock_IsUSBPLLLocked
                0x0000000000000000       0x28 /Users/manu/LPCXpresso/tp_2016/lpc_chip_175x_6x/Debug/liblpc_chip_175x_6x.a(chip_17xx_40xx.o)
 .text.Chip_Clock_IsUSBPLLConnected
                0x0000000000000000       0x28 /Users/manu/LPCXpresso/tp_2016/lpc_chip_175x_6x/Debug/liblpc_chip_175x_6x.a(chip_17xx_40xx.o)
 .text.Chip_USB_Init
                0x0000000000000000       0x4c /Users/manu/LPCXpresso/tp_2016/lpc_chip_175x_6x/Debug/liblpc_chip_175x_6x.a(chip_17xx_40xx.o)
 .debug_macro   0x0000000000000000       0x10 /Users/manu/LPCXpresso/tp_2016/lpc_chip_175x_6x/Debug/liblpc_chip_175x_6x.a(chip_17xx_40xx.o)
 .debug_macro   0x0000000000000000      0x12d /Users/manu/LPCXpresso/tp_2016/lpc_chip_175x_6x/Debug/liblpc_chip_175x_6x.a(chip_17xx_40xx.o)
 .debug_macro   0x0000000000000000      0x5b2 /Users/manu/LPCXpresso/tp_2016/lpc_chip_175x_6x/Debug/liblpc_chip_175x_6x.a(chip_17xx_40xx.o)
 .debug_macro   0x0000000000000000       0x22 /Users/manu/LPCXpresso/tp_2016/lpc_chip_175x_6x/Debug/liblpc_chip_175x_6x.a(chip_17xx_40xx.o)
 .debug_macro   0x0000000000000000       0x7b /Users/manu/LPCXpresso/tp_2016/lpc_chip_175x_6x/Debug/liblpc_chip_175x_6x.a(chip_17xx_40xx.o)
 .debug_macro   0x0000000000000000       0x10 /Users/manu/LPCXpresso/tp_2016/lpc_chip_175x_6x/Debug/liblpc_chip_175x_6x.a(chip_17xx_40xx.o)
 .debug_macro   0x0000000000000000       0x2d /Users/manu/LPCXpresso/tp_2016/lpc_chip_175x_6x/Debug/liblpc_chip_175x_6x.a(chip_17xx_40xx.o)
 .debug_macro   0x0000000000000000       0x3a /Users/manu/LPCXpresso/tp_2016/lpc_chip_175x_6x/Debug/liblpc_chip_175x_6x.a(chip_17xx_40xx.o)
 .debug_macro   0x0000000000000000       0x2d /Users/manu/LPCXpresso/tp_2016/lpc_chip_175x_6x/Debug/liblpc_chip_175x_6x.a(chip_17xx_40xx.o)
 .debug_macro   0x0000000000000000      0xbb1 /Users/manu/LPCXpresso/tp_2016/lpc_chip_175x_6x/Debug/liblpc_chip_175x_6x.a(chip_17xx_40xx.o)
 .debug_macro   0x0000000000000000      0x22c /Users/manu/LPCXpresso/tp_2016/lpc_chip_175x_6x/Debug/liblpc_chip_175x_6x.a(chip_17xx_40xx.o)
 .debug_macro   0x0000000000000000       0x42 /Users/manu/LPCXpresso/tp_2016/lpc_chip_175x_6x/Debug/liblpc_chip_175x_6x.a(chip_17xx_40xx.o)
 .debug_macro   0x0000000000000000       0x52 /Users/manu/LPCXpresso/tp_2016/lpc_chip_175x_6x/Debug/liblpc_chip_175x_6x.a(chip_17xx_40xx.o)
 .debug_macro   0x0000000000000000       0x78 /Users/manu/LPCXpresso/tp_2016/lpc_chip_175x_6x/Debug/liblpc_chip_175x_6x.a(chip_17xx_40xx.o)
 .debug_macro   0x0000000000000000       0x82 /Users/manu/LPCXpresso/tp_2016/lpc_chip_175x_6x/Debug/liblpc_chip_175x_6x.a(chip_17xx_40xx.o)
 .debug_macro   0x0000000000000000      0x48c /Users/manu/LPCXpresso/tp_2016/lpc_chip_175x_6x/Debug/liblpc_chip_175x_6x.a(chip_17xx_40xx.o)
 .debug_macro   0x0000000000000000       0x34 /Users/manu/LPCXpresso/tp_2016/lpc_chip_175x_6x/Debug/liblpc_chip_175x_6x.a(chip_17xx_40xx.o)
 .debug_macro   0x0000000000000000      0x4c5 /Users/manu/LPCXpresso/tp_2016/lpc_chip_175x_6x/Debug/liblpc_chip_175x_6x.a(chip_17xx_40xx.o)
 .debug_macro   0x0000000000000000      0x1b7 /Users/manu/LPCXpresso/tp_2016/lpc_chip_175x_6x/Debug/liblpc_chip_175x_6x.a(chip_17xx_40xx.o)
 .debug_macro   0x0000000000000000       0x10 /Users/manu/LPCXpresso/tp_2016/lpc_chip_175x_6x/Debug/liblpc_chip_175x_6x.a(chip_17xx_40xx.o)
 .debug_macro   0x0000000000000000      0x21b /Users/manu/LPCXpresso/tp_2016/lpc_chip_175x_6x/Debug/liblpc_chip_175x_6x.a(chip_17xx_40xx.o)
 .debug_macro   0x0000000000000000      0x1b9 /Users/manu/LPCXpresso/tp_2016/lpc_chip_175x_6x/Debug/liblpc_chip_175x_6x.a(chip_17xx_40xx.o)
 .debug_macro   0x0000000000000000       0x40 /Users/manu/LPCXpresso/tp_2016/lpc_chip_175x_6x/Debug/liblpc_chip_175x_6x.a(chip_17xx_40xx.o)
 .debug_macro   0x0000000000000000       0x22 /Users/manu/LPCXpresso/tp_2016/lpc_chip_175x_6x/Debug/liblpc_chip_175x_6x.a(chip_17xx_40xx.o)
 .debug_macro   0x0000000000000000      0x162 /Users/manu/LPCXpresso/tp_2016/lpc_chip_175x_6x/Debug/liblpc_chip_175x_6x.a(chip_17xx_40xx.o)
 .debug_macro   0x0000000000000000       0x94 /Users/manu/LPCXpresso/tp_2016/lpc_chip_175x_6x/Debug/liblpc_chip_175x_6x.a(chip_17xx_40xx.o)
 .debug_macro   0x0000000000000000       0xb8 /Users/manu/LPCXpresso/tp_2016/lpc_chip_175x_6x/Debug/liblpc_chip_175x_6x.a(chip_17xx_40xx.o)
 .debug_macro   0x0000000000000000       0x4c /Users/manu/LPCXpresso/tp_2016/lpc_chip_175x_6x/Debug/liblpc_chip_175x_6x.a(chip_17xx_40xx.o)
 .debug_macro   0x0000000000000000       0x16 /Users/manu/LPCXpresso/tp_2016/lpc_chip_175x_6x/Debug/liblpc_chip_175x_6x.a(chip_17xx_40xx.o)
 .debug_macro   0x0000000000000000      0x328 /Users/manu/LPCXpresso/tp_2016/lpc_chip_175x_6x/Debug/liblpc_chip_175x_6x.a(chip_17xx_40xx.o)
 .debug_macro   0x0000000000000000       0x49 /Users/manu/LPCXpresso/tp_2016/lpc_chip_175x_6x/Debug/liblpc_chip_175x_6x.a(chip_17xx_40xx.o)
 .debug_macro   0x0000000000000000       0x16 /Users/manu/LPCXpresso/tp_2016/lpc_chip_175x_6x/Debug/liblpc_chip_175x_6x.a(chip_17xx_40xx.o)
 .debug_macro   0x0000000000000000       0xca /Users/manu/LPCXpresso/tp_2016/lpc_chip_175x_6x/Debug/liblpc_chip_175x_6x.a(chip_17xx_40xx.o)
 .debug_macro   0x0000000000000000       0x18 /Users/manu/LPCXpresso/tp_2016/lpc_chip_175x_6x/Debug/liblpc_chip_175x_6x.a(chip_17xx_40xx.o)
 .group         0x0000000000000000        0x8 /Users/manu/LPCXpresso/tp_2016/lpc_chip_175x_6x/Debug/liblpc_chip_175x_6x.a(clock_17xx_40xx.o)
 .group         0x0000000000000000        0x8 /Users/manu/LPCXpresso/tp_2016/lpc_chip_175x_6x/Debug/liblpc_chip_175x_6x.a(clock_17xx_40xx.o)
 .group         0x0000000000000000        0x8 /Users/manu/LPCXpresso/tp_2016/lpc_chip_175x_6x/Debug/liblpc_chip_175x_6x.a(clock_17xx_40xx.o)
 .group         0x0000000000000000        0x8 /Users/manu/LPCXpresso/tp_2016/lpc_chip_175x_6x/Debug/liblpc_chip_175x_6x.a(clock_17xx_40xx.o)
 .group         0x0000000000000000        0x8 /Users/manu/LPCXpresso/tp_2016/lpc_chip_175x_6x/Debug/liblpc_chip_175x_6x.a(clock_17xx_40xx.o)
 .group         0x0000000000000000        0x8 /Users/manu/LPCXpresso/tp_2016/lpc_chip_175x_6x/Debug/liblpc_chip_175x_6x.a(clock_17xx_40xx.o)
 .group         0x0000000000000000        0x8 /Users/manu/LPCXpresso/tp_2016/lpc_chip_175x_6x/Debug/liblpc_chip_175x_6x.a(clock_17xx_40xx.o)
 .group         0x0000000000000000        0x8 /Users/manu/LPCXpresso/tp_2016/lpc_chip_175x_6x/Debug/liblpc_chip_175x_6x.a(clock_17xx_40xx.o)
 .group         0x0000000000000000        0x8 /Users/manu/LPCXpresso/tp_2016/lpc_chip_175x_6x/Debug/liblpc_chip_175x_6x.a(clock_17xx_40xx.o)
 .group         0x0000000000000000        0x8 /Users/manu/LPCXpresso/tp_2016/lpc_chip_175x_6x/Debug/liblpc_chip_175x_6x.a(clock_17xx_40xx.o)
 .group         0x0000000000000000        0x8 /Users/manu/LPCXpresso/tp_2016/lpc_chip_175x_6x/Debug/liblpc_chip_175x_6x.a(clock_17xx_40xx.o)
 .group         0x0000000000000000        0x8 /Users/manu/LPCXpresso/tp_2016/lpc_chip_175x_6x/Debug/liblpc_chip_175x_6x.a(clock_17xx_40xx.o)
 .group         0x0000000000000000        0x8 /Users/manu/LPCXpresso/tp_2016/lpc_chip_175x_6x/Debug/liblpc_chip_175x_6x.a(clock_17xx_40xx.o)
 .group         0x0000000000000000        0x8 /Users/manu/LPCXpresso/tp_2016/lpc_chip_175x_6x/Debug/liblpc_chip_175x_6x.a(clock_17xx_40xx.o)
 .group         0x0000000000000000        0x8 /Users/manu/LPCXpresso/tp_2016/lpc_chip_175x_6x/Debug/liblpc_chip_175x_6x.a(clock_17xx_40xx.o)
 .group         0x0000000000000000        0x8 /Users/manu/LPCXpresso/tp_2016/lpc_chip_175x_6x/Debug/liblpc_chip_175x_6x.a(clock_17xx_40xx.o)
 .group         0x0000000000000000        0x8 /Users/manu/LPCXpresso/tp_2016/lpc_chip_175x_6x/Debug/liblpc_chip_175x_6x.a(clock_17xx_40xx.o)
 .group         0x0000000000000000        0x8 /Users/manu/LPCXpresso/tp_2016/lpc_chip_175x_6x/Debug/liblpc_chip_175x_6x.a(clock_17xx_40xx.o)
 .group         0x0000000000000000        0x8 /Users/manu/LPCXpresso/tp_2016/lpc_chip_175x_6x/Debug/liblpc_chip_175x_6x.a(clock_17xx_40xx.o)
 .group         0x0000000000000000        0x8 /Users/manu/LPCXpresso/tp_2016/lpc_chip_175x_6x/Debug/liblpc_chip_175x_6x.a(clock_17xx_40xx.o)
 .group         0x0000000000000000        0x8 /Users/manu/LPCXpresso/tp_2016/lpc_chip_175x_6x/Debug/liblpc_chip_175x_6x.a(clock_17xx_40xx.o)
 .group         0x0000000000000000        0x8 /Users/manu/LPCXpresso/tp_2016/lpc_chip_175x_6x/Debug/liblpc_chip_175x_6x.a(clock_17xx_40xx.o)
 .group         0x0000000000000000        0x8 /Users/manu/LPCXpresso/tp_2016/lpc_chip_175x_6x/Debug/liblpc_chip_175x_6x.a(clock_17xx_40xx.o)
 .group         0x0000000000000000        0x8 /Users/manu/LPCXpresso/tp_2016/lpc_chip_175x_6x/Debug/liblpc_chip_175x_6x.a(clock_17xx_40xx.o)
 .group         0x0000000000000000        0x8 /Users/manu/LPCXpresso/tp_2016/lpc_chip_175x_6x/Debug/liblpc_chip_175x_6x.a(clock_17xx_40xx.o)
 .group         0x0000000000000000        0x8 /Users/manu/LPCXpresso/tp_2016/lpc_chip_175x_6x/Debug/liblpc_chip_175x_6x.a(clock_17xx_40xx.o)
 .group         0x0000000000000000        0x8 /Users/manu/LPCXpresso/tp_2016/lpc_chip_175x_6x/Debug/liblpc_chip_175x_6x.a(clock_17xx_40xx.o)
 .group         0x0000000000000000        0x8 /Users/manu/LPCXpresso/tp_2016/lpc_chip_175x_6x/Debug/liblpc_chip_175x_6x.a(clock_17xx_40xx.o)
 .group         0x0000000000000000        0x8 /Users/manu/LPCXpresso/tp_2016/lpc_chip_175x_6x/Debug/liblpc_chip_175x_6x.a(clock_17xx_40xx.o)
 .group         0x0000000000000000        0x8 /Users/manu/LPCXpresso/tp_2016/lpc_chip_175x_6x/Debug/liblpc_chip_175x_6x.a(clock_17xx_40xx.o)
 .group         0x0000000000000000        0x8 /Users/manu/LPCXpresso/tp_2016/lpc_chip_175x_6x/Debug/liblpc_chip_175x_6x.a(clock_17xx_40xx.o)
 .group         0x0000000000000000        0x8 /Users/manu/LPCXpresso/tp_2016/lpc_chip_175x_6x/Debug/liblpc_chip_175x_6x.a(clock_17xx_40xx.o)
 .group         0x0000000000000000        0x8 /Users/manu/LPCXpresso/tp_2016/lpc_chip_175x_6x/Debug/liblpc_chip_175x_6x.a(clock_17xx_40xx.o)
 .group         0x0000000000000000        0x8 /Users/manu/LPCXpresso/tp_2016/lpc_chip_175x_6x/Debug/liblpc_chip_175x_6x.a(clock_17xx_40xx.o)
 .group         0x0000000000000000        0x8 /Users/manu/LPCXpresso/tp_2016/lpc_chip_175x_6x/Debug/liblpc_chip_175x_6x.a(clock_17xx_40xx.o)
 .text          0x0000000000000000        0x0 /Users/manu/LPCXpresso/tp_2016/lpc_chip_175x_6x/Debug/liblpc_chip_175x_6x.a(clock_17xx_40xx.o)
 .data          0x0000000000000000        0x0 /Users/manu/LPCXpresso/tp_2016/lpc_chip_175x_6x/Debug/liblpc_chip_175x_6x.a(clock_17xx_40xx.o)
 .bss           0x0000000000000000        0x0 /Users/manu/LPCXpresso/tp_2016/lpc_chip_175x_6x/Debug/liblpc_chip_175x_6x.a(clock_17xx_40xx.o)
 .text.Chip_Clock_IsUSBPLLEnabled
                0x0000000000000000       0x28 /Users/manu/LPCXpresso/tp_2016/lpc_chip_175x_6x/Debug/liblpc_chip_175x_6x.a(clock_17xx_40xx.o)
 .text.Chip_Clock_IsUSBPLLConnected
                0x0000000000000000       0x28 /Users/manu/LPCXpresso/tp_2016/lpc_chip_175x_6x/Debug/liblpc_chip_175x_6x.a(clock_17xx_40xx.o)
 .text.Chip_Clock_GetUSBPLLInClockRate
                0x0000000000000000       0x10 /Users/manu/LPCXpresso/tp_2016/lpc_chip_175x_6x/Debug/liblpc_chip_175x_6x.a(clock_17xx_40xx.o)
 .text.Chip_Clock_EnablePeriphClock
                0x0000000000000000       0x34 /Users/manu/LPCXpresso/tp_2016/lpc_chip_175x_6x/Debug/liblpc_chip_175x_6x.a(clock_17xx_40xx.o)
 .text.Chip_Clock_DisablePeriphClock
                0x0000000000000000       0x34 /Users/manu/LPCXpresso/tp_2016/lpc_chip_175x_6x/Debug/liblpc_chip_175x_6x.a(clock_17xx_40xx.o)
 .text.Chip_Clock_IsPeripheralClockEnabled
                0x0000000000000000       0x3c /Users/manu/LPCXpresso/tp_2016/lpc_chip_175x_6x/Debug/liblpc_chip_175x_6x.a(clock_17xx_40xx.o)
 .text.Chip_Clock_SetCPUClockSource
                0x0000000000000000       0x28 /Users/manu/LPCXpresso/tp_2016/lpc_chip_175x_6x/Debug/liblpc_chip_175x_6x.a(clock_17xx_40xx.o)
 .text.Chip_Clock_SetUSBClockDiv
                0x0000000000000000       0x30 /Users/manu/LPCXpresso/tp_2016/lpc_chip_175x_6x/Debug/liblpc_chip_175x_6x.a(clock_17xx_40xx.o)
 .text.Chip_Clock_GetUSBClockDiv
                0x0000000000000000       0x20 /Users/manu/LPCXpresso/tp_2016/lpc_chip_175x_6x/Debug/liblpc_chip_175x_6x.a(clock_17xx_40xx.o)
 .text.Chip_Clock_SetPCLKDiv
                0x0000000000000000       0x64 /Users/manu/LPCXpresso/tp_2016/lpc_chip_175x_6x/Debug/liblpc_chip_175x_6x.a(clock_17xx_40xx.o)
 .text.Chip_Clock_GetPCLKDiv
                0x0000000000000000       0x90 /Users/manu/LPCXpresso/tp_2016/lpc_chip_175x_6x/Debug/liblpc_chip_175x_6x.a(clock_17xx_40xx.o)
 .text.Chip_Clock_SetCLKOUTSource
                0x0000000000000000       0x44 /Users/manu/LPCXpresso/tp_2016/lpc_chip_175x_6x/Debug/liblpc_chip_175x_6x.a(clock_17xx_40xx.o)
 .text.Chip_Clock_GetUSBPLLOutClockRate
                0x0000000000000000       0x40 /Users/manu/LPCXpresso/tp_2016/lpc_chip_175x_6x/Debug/liblpc_chip_175x_6x.a(clock_17xx_40xx.o)
 .text.Chip_Clock_GetUSBClockRate
                0x0000000000000000       0x38 /Users/manu/LPCXpresso/tp_2016/lpc_chip_175x_6x/Debug/liblpc_chip_175x_6x.a(clock_17xx_40xx.o)
 .text.Chip_Clock_GetPeripheralClockRate
                0x0000000000000000       0x28 /Users/manu/LPCXpresso/tp_2016/lpc_chip_175x_6x/Debug/liblpc_chip_175x_6x.a(clock_17xx_40xx.o)
 .debug_macro   0x0000000000000000      0x856 /Users/manu/LPCXpresso/tp_2016/lpc_chip_175x_6x/Debug/liblpc_chip_175x_6x.a(clock_17xx_40xx.o)
 .debug_macro   0x0000000000000000       0x10 /Users/manu/LPCXpresso/tp_2016/lpc_chip_175x_6x/Debug/liblpc_chip_175x_6x.a(clock_17xx_40xx.o)
 .debug_macro   0x0000000000000000      0x12d /Users/manu/LPCXpresso/tp_2016/lpc_chip_175x_6x/Debug/liblpc_chip_175x_6x.a(clock_17xx_40xx.o)
 .debug_macro   0x0000000000000000      0x5b2 /Users/manu/LPCXpresso/tp_2016/lpc_chip_175x_6x/Debug/liblpc_chip_175x_6x.a(clock_17xx_40xx.o)
 .debug_macro   0x0000000000000000       0x22 /Users/manu/LPCXpresso/tp_2016/lpc_chip_175x_6x/Debug/liblpc_chip_175x_6x.a(clock_17xx_40xx.o)
 .debug_macro   0x0000000000000000       0x7b /Users/manu/LPCXpresso/tp_2016/lpc_chip_175x_6x/Debug/liblpc_chip_175x_6x.a(clock_17xx_40xx.o)
 .debug_macro   0x0000000000000000       0x10 /Users/manu/LPCXpresso/tp_2016/lpc_chip_175x_6x/Debug/liblpc_chip_175x_6x.a(clock_17xx_40xx.o)
 .debug_macro   0x0000000000000000       0x2d /Users/manu/LPCXpresso/tp_2016/lpc_chip_175x_6x/Debug/liblpc_chip_175x_6x.a(clock_17xx_40xx.o)
 .debug_macro   0x0000000000000000       0x3a /Users/manu/LPCXpresso/tp_2016/lpc_chip_175x_6x/Debug/liblpc_chip_175x_6x.a(clock_17xx_40xx.o)
 .debug_macro   0x0000000000000000       0x2d /Users/manu/LPCXpresso/tp_2016/lpc_chip_175x_6x/Debug/liblpc_chip_175x_6x.a(clock_17xx_40xx.o)
 .debug_macro   0x0000000000000000      0xbb1 /Users/manu/LPCXpresso/tp_2016/lpc_chip_175x_6x/Debug/liblpc_chip_175x_6x.a(clock_17xx_40xx.o)
 .debug_macro   0x0000000000000000      0x22c /Users/manu/LPCXpresso/tp_2016/lpc_chip_175x_6x/Debug/liblpc_chip_175x_6x.a(clock_17xx_40xx.o)
 .debug_macro   0x0000000000000000       0x42 /Users/manu/LPCXpresso/tp_2016/lpc_chip_175x_6x/Debug/liblpc_chip_175x_6x.a(clock_17xx_40xx.o)
 .debug_macro   0x0000000000000000       0x52 /Users/manu/LPCXpresso/tp_2016/lpc_chip_175x_6x/Debug/liblpc_chip_175x_6x.a(clock_17xx_40xx.o)
 .debug_macro   0x0000000000000000       0x78 /Users/manu/LPCXpresso/tp_2016/lpc_chip_175x_6x/Debug/liblpc_chip_175x_6x.a(clock_17xx_40xx.o)
 .debug_macro   0x0000000000000000       0x82 /Users/manu/LPCXpresso/tp_2016/lpc_chip_175x_6x/Debug/liblpc_chip_175x_6x.a(clock_17xx_40xx.o)
 .debug_macro   0x0000000000000000      0x48c /Users/manu/LPCXpresso/tp_2016/lpc_chip_175x_6x/Debug/liblpc_chip_175x_6x.a(clock_17xx_40xx.o)
 .debug_macro   0x0000000000000000       0x34 /Users/manu/LPCXpresso/tp_2016/lpc_chip_175x_6x/Debug/liblpc_chip_175x_6x.a(clock_17xx_40xx.o)
 .debug_macro   0x0000000000000000      0x4c5 /Users/manu/LPCXpresso/tp_2016/lpc_chip_175x_6x/Debug/liblpc_chip_175x_6x.a(clock_17xx_40xx.o)
 .debug_macro   0x0000000000000000      0x1b7 /Users/manu/LPCXpresso/tp_2016/lpc_chip_175x_6x/Debug/liblpc_chip_175x_6x.a(clock_17xx_40xx.o)
 .debug_macro   0x0000000000000000       0x10 /Users/manu/LPCXpresso/tp_2016/lpc_chip_175x_6x/Debug/liblpc_chip_175x_6x.a(clock_17xx_40xx.o)
 .debug_macro   0x0000000000000000      0x21b /Users/manu/LPCXpresso/tp_2016/lpc_chip_175x_6x/Debug/liblpc_chip_175x_6x.a(clock_17xx_40xx.o)
 .debug_macro   0x0000000000000000      0x1b9 /Users/manu/LPCXpresso/tp_2016/lpc_chip_175x_6x/Debug/liblpc_chip_175x_6x.a(clock_17xx_40xx.o)
 .debug_macro   0x0000000000000000       0x40 /Users/manu/LPCXpresso/tp_2016/lpc_chip_175x_6x/Debug/liblpc_chip_175x_6x.a(clock_17xx_40xx.o)
 .debug_macro   0x0000000000000000       0x22 /Users/manu/LPCXpresso/tp_2016/lpc_chip_175x_6x/Debug/liblpc_chip_175x_6x.a(clock_17xx_40xx.o)
 .debug_macro   0x0000000000000000      0x162 /Users/manu/LPCXpresso/tp_2016/lpc_chip_175x_6x/Debug/liblpc_chip_175x_6x.a(clock_17xx_40xx.o)
 .debug_macro   0x0000000000000000       0x94 /Users/manu/LPCXpresso/tp_2016/lpc_chip_175x_6x/Debug/liblpc_chip_175x_6x.a(clock_17xx_40xx.o)
 .debug_macro   0x0000000000000000       0xb8 /Users/manu/LPCXpresso/tp_2016/lpc_chip_175x_6x/Debug/liblpc_chip_175x_6x.a(clock_17xx_40xx.o)
 .debug_macro   0x0000000000000000       0x4c /Users/manu/LPCXpresso/tp_2016/lpc_chip_175x_6x/Debug/liblpc_chip_175x_6x.a(clock_17xx_40xx.o)
 .debug_macro   0x0000000000000000       0x16 /Users/manu/LPCXpresso/tp_2016/lpc_chip_175x_6x/Debug/liblpc_chip_175x_6x.a(clock_17xx_40xx.o)
 .debug_macro   0x0000000000000000      0x328 /Users/manu/LPCXpresso/tp_2016/lpc_chip_175x_6x/Debug/liblpc_chip_175x_6x.a(clock_17xx_40xx.o)
 .debug_macro   0x0000000000000000       0x49 /Users/manu/LPCXpresso/tp_2016/lpc_chip_175x_6x/Debug/liblpc_chip_175x_6x.a(clock_17xx_40xx.o)
 .debug_macro   0x0000000000000000       0x16 /Users/manu/LPCXpresso/tp_2016/lpc_chip_175x_6x/Debug/liblpc_chip_175x_6x.a(clock_17xx_40xx.o)
 .debug_macro   0x0000000000000000       0xca /Users/manu/LPCXpresso/tp_2016/lpc_chip_175x_6x/Debug/liblpc_chip_175x_6x.a(clock_17xx_40xx.o)
 .debug_macro   0x0000000000000000       0x18 /Users/manu/LPCXpresso/tp_2016/lpc_chip_175x_6x/Debug/liblpc_chip_175x_6x.a(clock_17xx_40xx.o)
 .group         0x0000000000000000        0x8 /Users/manu/LPCXpresso/tp_2016/lpc_chip_175x_6x/Debug/liblpc_chip_175x_6x.a(sysinit_17xx_40xx.o)
 .group         0x0000000000000000        0x8 /Users/manu/LPCXpresso/tp_2016/lpc_chip_175x_6x/Debug/liblpc_chip_175x_6x.a(sysinit_17xx_40xx.o)
 .group         0x0000000000000000        0x8 /Users/manu/LPCXpresso/tp_2016/lpc_chip_175x_6x/Debug/liblpc_chip_175x_6x.a(sysinit_17xx_40xx.o)
 .group         0x0000000000000000        0x8 /Users/manu/LPCXpresso/tp_2016/lpc_chip_175x_6x/Debug/liblpc_chip_175x_6x.a(sysinit_17xx_40xx.o)
 .group         0x0000000000000000        0x8 /Users/manu/LPCXpresso/tp_2016/lpc_chip_175x_6x/Debug/liblpc_chip_175x_6x.a(sysinit_17xx_40xx.o)
 .group         0x0000000000000000        0x8 /Users/manu/LPCXpresso/tp_2016/lpc_chip_175x_6x/Debug/liblpc_chip_175x_6x.a(sysinit_17xx_40xx.o)
 .group         0x0000000000000000        0x8 /Users/manu/LPCXpresso/tp_2016/lpc_chip_175x_6x/Debug/liblpc_chip_175x_6x.a(sysinit_17xx_40xx.o)
 .group         0x0000000000000000        0x8 /Users/manu/LPCXpresso/tp_2016/lpc_chip_175x_6x/Debug/liblpc_chip_175x_6x.a(sysinit_17xx_40xx.o)
 .group         0x0000000000000000        0x8 /Users/manu/LPCXpresso/tp_2016/lpc_chip_175x_6x/Debug/liblpc_chip_175x_6x.a(sysinit_17xx_40xx.o)
 .group         0x0000000000000000        0x8 /Users/manu/LPCXpresso/tp_2016/lpc_chip_175x_6x/Debug/liblpc_chip_175x_6x.a(sysinit_17xx_40xx.o)
 .group         0x0000000000000000        0x8 /Users/manu/LPCXpresso/tp_2016/lpc_chip_175x_6x/Debug/liblpc_chip_175x_6x.a(sysinit_17xx_40xx.o)
 .group         0x0000000000000000        0x8 /Users/manu/LPCXpresso/tp_2016/lpc_chip_175x_6x/Debug/liblpc_chip_175x_6x.a(sysinit_17xx_40xx.o)
 .group         0x0000000000000000        0x8 /Users/manu/LPCXpresso/tp_2016/lpc_chip_175x_6x/Debug/liblpc_chip_175x_6x.a(sysinit_17xx_40xx.o)
 .group         0x0000000000000000        0x8 /Users/manu/LPCXpresso/tp_2016/lpc_chip_175x_6x/Debug/liblpc_chip_175x_6x.a(sysinit_17xx_40xx.o)
 .group         0x0000000000000000        0x8 /Users/manu/LPCXpresso/tp_2016/lpc_chip_175x_6x/Debug/liblpc_chip_175x_6x.a(sysinit_17xx_40xx.o)
 .group         0x0000000000000000        0x8 /Users/manu/LPCXpresso/tp_2016/lpc_chip_175x_6x/Debug/liblpc_chip_175x_6x.a(sysinit_17xx_40xx.o)
 .group         0x0000000000000000        0x8 /Users/manu/LPCXpresso/tp_2016/lpc_chip_175x_6x/Debug/liblpc_chip_175x_6x.a(sysinit_17xx_40xx.o)
 .group         0x0000000000000000        0x8 /Users/manu/LPCXpresso/tp_2016/lpc_chip_175x_6x/Debug/liblpc_chip_175x_6x.a(sysinit_17xx_40xx.o)
 .group         0x0000000000000000        0x8 /Users/manu/LPCXpresso/tp_2016/lpc_chip_175x_6x/Debug/liblpc_chip_175x_6x.a(sysinit_17xx_40xx.o)
 .group         0x0000000000000000        0x8 /Users/manu/LPCXpresso/tp_2016/lpc_chip_175x_6x/Debug/liblpc_chip_175x_6x.a(sysinit_17xx_40xx.o)
 .group         0x0000000000000000        0x8 /Users/manu/LPCXpresso/tp_2016/lpc_chip_175x_6x/Debug/liblpc_chip_175x_6x.a(sysinit_17xx_40xx.o)
 .group         0x0000000000000000        0x8 /Users/manu/LPCXpresso/tp_2016/lpc_chip_175x_6x/Debug/liblpc_chip_175x_6x.a(sysinit_17xx_40xx.o)
 .group         0x0000000000000000        0x8 /Users/manu/LPCXpresso/tp_2016/lpc_chip_175x_6x/Debug/liblpc_chip_175x_6x.a(sysinit_17xx_40xx.o)
 .group         0x0000000000000000        0x8 /Users/manu/LPCXpresso/tp_2016/lpc_chip_175x_6x/Debug/liblpc_chip_175x_6x.a(sysinit_17xx_40xx.o)
 .group         0x0000000000000000        0x8 /Users/manu/LPCXpresso/tp_2016/lpc_chip_175x_6x/Debug/liblpc_chip_175x_6x.a(sysinit_17xx_40xx.o)
 .group         0x0000000000000000        0x8 /Users/manu/LPCXpresso/tp_2016/lpc_chip_175x_6x/Debug/liblpc_chip_175x_6x.a(sysinit_17xx_40xx.o)
 .group         0x0000000000000000        0x8 /Users/manu/LPCXpresso/tp_2016/lpc_chip_175x_6x/Debug/liblpc_chip_175x_6x.a(sysinit_17xx_40xx.o)
 .group         0x0000000000000000        0x8 /Users/manu/LPCXpresso/tp_2016/lpc_chip_175x_6x/Debug/liblpc_chip_175x_6x.a(sysinit_17xx_40xx.o)
 .group         0x0000000000000000        0x8 /Users/manu/LPCXpresso/tp_2016/lpc_chip_175x_6x/Debug/liblpc_chip_175x_6x.a(sysinit_17xx_40xx.o)
 .group         0x0000000000000000        0x8 /Users/manu/LPCXpresso/tp_2016/lpc_chip_175x_6x/Debug/liblpc_chip_175x_6x.a(sysinit_17xx_40xx.o)
 .group         0x0000000000000000        0x8 /Users/manu/LPCXpresso/tp_2016/lpc_chip_175x_6x/Debug/liblpc_chip_175x_6x.a(sysinit_17xx_40xx.o)
 .group         0x0000000000000000        0x8 /Users/manu/LPCXpresso/tp_2016/lpc_chip_175x_6x/Debug/liblpc_chip_175x_6x.a(sysinit_17xx_40xx.o)
 .group         0x0000000000000000        0x8 /Users/manu/LPCXpresso/tp_2016/lpc_chip_175x_6x/Debug/liblpc_chip_175x_6x.a(sysinit_17xx_40xx.o)
 .group         0x0000000000000000        0x8 /Users/manu/LPCXpresso/tp_2016/lpc_chip_175x_6x/Debug/liblpc_chip_175x_6x.a(sysinit_17xx_40xx.o)
 .group         0x0000000000000000        0x8 /Users/manu/LPCXpresso/tp_2016/lpc_chip_175x_6x/Debug/liblpc_chip_175x_6x.a(sysinit_17xx_40xx.o)
 .text          0x0000000000000000        0x0 /Users/manu/LPCXpresso/tp_2016/lpc_chip_175x_6x/Debug/liblpc_chip_175x_6x.a(sysinit_17xx_40xx.o)
 .data          0x0000000000000000        0x0 /Users/manu/LPCXpresso/tp_2016/lpc_chip_175x_6x/Debug/liblpc_chip_175x_6x.a(sysinit_17xx_40xx.o)
 .bss           0x0000000000000000        0x0 /Users/manu/LPCXpresso/tp_2016/lpc_chip_175x_6x/Debug/liblpc_chip_175x_6x.a(sysinit_17xx_40xx.o)
 .text.Chip_Clock_EnableCrystal
                0x0000000000000000       0x20 /Users/manu/LPCXpresso/tp_2016/lpc_chip_175x_6x/Debug/liblpc_chip_175x_6x.a(sysinit_17xx_40xx.o)
 .text.Chip_Clock_IsCrystalEnabled
                0x0000000000000000       0x28 /Users/manu/LPCXpresso/tp_2016/lpc_chip_175x_6x/Debug/liblpc_chip_175x_6x.a(sysinit_17xx_40xx.o)
 .text.Chip_SetupXtalClocking
                0x0000000000000000       0x90 /Users/manu/LPCXpresso/tp_2016/lpc_chip_175x_6x/Debug/liblpc_chip_175x_6x.a(sysinit_17xx_40xx.o)
 .debug_macro   0x0000000000000000      0x856 /Users/manu/LPCXpresso/tp_2016/lpc_chip_175x_6x/Debug/liblpc_chip_175x_6x.a(sysinit_17xx_40xx.o)
 .debug_macro   0x0000000000000000       0x10 /Users/manu/LPCXpresso/tp_2016/lpc_chip_175x_6x/Debug/liblpc_chip_175x_6x.a(sysinit_17xx_40xx.o)
 .debug_macro   0x0000000000000000      0x12d /Users/manu/LPCXpresso/tp_2016/lpc_chip_175x_6x/Debug/liblpc_chip_175x_6x.a(sysinit_17xx_40xx.o)
 .debug_macro   0x0000000000000000      0x5b2 /Users/manu/LPCXpresso/tp_2016/lpc_chip_175x_6x/Debug/liblpc_chip_175x_6x.a(sysinit_17xx_40xx.o)
 .debug_macro   0x0000000000000000       0x22 /Users/manu/LPCXpresso/tp_2016/lpc_chip_175x_6x/Debug/liblpc_chip_175x_6x.a(sysinit_17xx_40xx.o)
 .debug_macro   0x0000000000000000       0x7b /Users/manu/LPCXpresso/tp_2016/lpc_chip_175x_6x/Debug/liblpc_chip_175x_6x.a(sysinit_17xx_40xx.o)
 .debug_macro   0x0000000000000000       0x10 /Users/manu/LPCXpresso/tp_2016/lpc_chip_175x_6x/Debug/liblpc_chip_175x_6x.a(sysinit_17xx_40xx.o)
 .debug_macro   0x0000000000000000       0x2d /Users/manu/LPCXpresso/tp_2016/lpc_chip_175x_6x/Debug/liblpc_chip_175x_6x.a(sysinit_17xx_40xx.o)
 .debug_macro   0x0000000000000000       0x3a /Users/manu/LPCXpresso/tp_2016/lpc_chip_175x_6x/Debug/liblpc_chip_175x_6x.a(sysinit_17xx_40xx.o)
 .debug_macro   0x0000000000000000       0x2d /Users/manu/LPCXpresso/tp_2016/lpc_chip_175x_6x/Debug/liblpc_chip_175x_6x.a(sysinit_17xx_40xx.o)
 .debug_macro   0x0000000000000000      0xbb1 /Users/manu/LPCXpresso/tp_2016/lpc_chip_175x_6x/Debug/liblpc_chip_175x_6x.a(sysinit_17xx_40xx.o)
 .debug_macro   0x0000000000000000      0x22c /Users/manu/LPCXpresso/tp_2016/lpc_chip_175x_6x/Debug/liblpc_chip_175x_6x.a(sysinit_17xx_40xx.o)
 .debug_macro   0x0000000000000000       0x42 /Users/manu/LPCXpresso/tp_2016/lpc_chip_175x_6x/Debug/liblpc_chip_175x_6x.a(sysinit_17xx_40xx.o)
 .debug_macro   0x0000000000000000       0x52 /Users/manu/LPCXpresso/tp_2016/lpc_chip_175x_6x/Debug/liblpc_chip_175x_6x.a(sysinit_17xx_40xx.o)
 .debug_macro   0x0000000000000000       0x78 /Users/manu/LPCXpresso/tp_2016/lpc_chip_175x_6x/Debug/liblpc_chip_175x_6x.a(sysinit_17xx_40xx.o)
 .debug_macro   0x0000000000000000       0x82 /Users/manu/LPCXpresso/tp_2016/lpc_chip_175x_6x/Debug/liblpc_chip_175x_6x.a(sysinit_17xx_40xx.o)
 .debug_macro   0x0000000000000000      0x48c /Users/manu/LPCXpresso/tp_2016/lpc_chip_175x_6x/Debug/liblpc_chip_175x_6x.a(sysinit_17xx_40xx.o)
 .debug_macro   0x0000000000000000       0x34 /Users/manu/LPCXpresso/tp_2016/lpc_chip_175x_6x/Debug/liblpc_chip_175x_6x.a(sysinit_17xx_40xx.o)
 .debug_macro   0x0000000000000000      0x4c5 /Users/manu/LPCXpresso/tp_2016/lpc_chip_175x_6x/Debug/liblpc_chip_175x_6x.a(sysinit_17xx_40xx.o)
 .debug_macro   0x0000000000000000      0x1b7 /Users/manu/LPCXpresso/tp_2016/lpc_chip_175x_6x/Debug/liblpc_chip_175x_6x.a(sysinit_17xx_40xx.o)
 .debug_macro   0x0000000000000000       0x10 /Users/manu/LPCXpresso/tp_2016/lpc_chip_175x_6x/Debug/liblpc_chip_175x_6x.a(sysinit_17xx_40xx.o)
 .debug_macro   0x0000000000000000      0x21b /Users/manu/LPCXpresso/tp_2016/lpc_chip_175x_6x/Debug/liblpc_chip_175x_6x.a(sysinit_17xx_40xx.o)
 .debug_macro   0x0000000000000000      0x1b9 /Users/manu/LPCXpresso/tp_2016/lpc_chip_175x_6x/Debug/liblpc_chip_175x_6x.a(sysinit_17xx_40xx.o)
 .debug_macro   0x0000000000000000       0x40 /Users/manu/LPCXpresso/tp_2016/lpc_chip_175x_6x/Debug/liblpc_chip_175x_6x.a(sysinit_17xx_40xx.o)
 .debug_macro   0x0000000000000000       0x22 /Users/manu/LPCXpresso/tp_2016/lpc_chip_175x_6x/Debug/liblpc_chip_175x_6x.a(sysinit_17xx_40xx.o)
 .debug_macro   0x0000000000000000      0x162 /Users/manu/LPCXpresso/tp_2016/lpc_chip_175x_6x/Debug/liblpc_chip_175x_6x.a(sysinit_17xx_40xx.o)
 .debug_macro   0x0000000000000000       0x94 /Users/manu/LPCXpresso/tp_2016/lpc_chip_175x_6x/Debug/liblpc_chip_175x_6x.a(sysinit_17xx_40xx.o)
 .debug_macro   0x0000000000000000       0xb8 /Users/manu/LPCXpresso/tp_2016/lpc_chip_175x_6x/Debug/liblpc_chip_175x_6x.a(sysinit_17xx_40xx.o)
 .debug_macro   0x0000000000000000       0x4c /Users/manu/LPCXpresso/tp_2016/lpc_chip_175x_6x/Debug/liblpc_chip_175x_6x.a(sysinit_17xx_40xx.o)
 .debug_macro   0x0000000000000000       0x16 /Users/manu/LPCXpresso/tp_2016/lpc_chip_175x_6x/Debug/liblpc_chip_175x_6x.a(sysinit_17xx_40xx.o)
 .debug_macro   0x0000000000000000      0x328 /Users/manu/LPCXpresso/tp_2016/lpc_chip_175x_6x/Debug/liblpc_chip_175x_6x.a(sysinit_17xx_40xx.o)
 .debug_macro   0x0000000000000000       0x49 /Users/manu/LPCXpresso/tp_2016/lpc_chip_175x_6x/Debug/liblpc_chip_175x_6x.a(sysinit_17xx_40xx.o)
 .debug_macro   0x0000000000000000       0x16 /Users/manu/LPCXpresso/tp_2016/lpc_chip_175x_6x/Debug/liblpc_chip_175x_6x.a(sysinit_17xx_40xx.o)
 .debug_macro   0x0000000000000000       0xca /Users/manu/LPCXpresso/tp_2016/lpc_chip_175x_6x/Debug/liblpc_chip_175x_6x.a(sysinit_17xx_40xx.o)
 .debug_macro   0x0000000000000000       0x18 /Users/manu/LPCXpresso/tp_2016/lpc_chip_175x_6x/Debug/liblpc_chip_175x_6x.a(sysinit_17xx_40xx.o)
 .text          0x0000000000000000        0x0 /Applications/lpcxpresso_7.5.0_254/lpcxpresso/tools/bin/../lib/gcc/arm-none-eabi/4.8.4/../../../../arm-none-eabi/lib/armv7-m/libcr_c.a(__weak__main.o)
 .data          0x0000000000000000        0x0 /Applications/lpcxpresso_7.5.0_254/lpcxpresso/tools/bin/../lib/gcc/arm-none-eabi/4.8.4/../../../../arm-none-eabi/lib/armv7-m/libcr_c.a(__weak__main.o)
 .bss           0x0000000000000000        0x0 /Applications/lpcxpresso_7.5.0_254/lpcxpresso/tools/bin/../lib/gcc/arm-none-eabi/4.8.4/../../../../arm-none-eabi/lib/armv7-m/libcr_c.a(__weak__main.o)

Memory Configuration

Name             Origin             Length             Attributes
MFlash512        0x0000000000000000 0x0000000000080000 xr
RamLoc32         0x0000000010000000 0x0000000000008000 xrw
RamAHB32         0x000000002007c000 0x0000000000008000 xrw
*default*        0x0000000000000000 0xffffffffffffffff

Linker script and memory map

LOAD ./src/asdfgh.o
LOAD ./src/cr_startup_lpc175x_6x.o
LOAD ./src/crp.o
LOAD ./src/sysinit.o
LOAD /Users/manu/LPCXpresso/tp_2016/lpc_chip_175x_6x/Debug/liblpc_chip_175x_6x.a
START GROUP
LOAD /Applications/lpcxpresso_7.5.0_254/lpcxpresso/tools/bin/../lib/gcc/arm-none-eabi/4.8.4/../../../../arm-none-eabi/lib/armv7-m/libcr_c.a
LOAD /Applications/lpcxpresso_7.5.0_254/lpcxpresso/tools/bin/../lib/gcc/arm-none-eabi/4.8.4/armv7-m/libcr_eabihelpers.a
END GROUP
                0x0000000000080000                __top_MFlash512 = 0x80000
                0x0000000010008000                __top_RamLoc32 = 0x10008000
                0x0000000020084000                __top_RamAHB32 = 0x20084000

.text           0x0000000000000000      0x770
 FILL mask 0xff
                0x0000000000000000                __vectors_start__ = ABSOLUTE (.)
 *(.isr_vector)
 .isr_vector    0x0000000000000000       0xcc ./src/cr_startup_lpc175x_6x.o
                0x0000000000000000                g_pfnVectors
                0x00000000000000cc                . = ALIGN (0x4)
                0x00000000000000cc                __section_table_start = .
                0x00000000000000cc                __data_section_table = .
                0x00000000000000cc        0x4 LONG 0x770 LOADADDR (.data)
                0x00000000000000d0        0x4 LONG 0x10000000 ADDR (.data)
                0x00000000000000d4        0x4 LONG 0x0 SIZEOF (.data)
                0x00000000000000d8        0x4 LONG 0x770 LOADADDR (.data_RAM2)
                0x00000000000000dc        0x4 LONG 0x2007c000 ADDR (.data_RAM2)
                0x00000000000000e0        0x4 LONG 0x0 SIZEOF (.data_RAM2)
                0x00000000000000e4                __data_section_table_end = .
                0x00000000000000e4                __bss_section_table = .
                0x00000000000000e4        0x4 LONG 0x10000000 ADDR (.bss)
                0x00000000000000e8        0x4 LONG 0x8 SIZEOF (.bss)
                0x00000000000000ec        0x4 LONG 0x2007c000 ADDR (.bss_RAM2)
                0x00000000000000f0        0x4 LONG 0x0 SIZEOF (.bss_RAM2)
                0x00000000000000f4                __bss_section_table_end = .
                0x00000000000000f4                __section_table_end = .
 *(.after_vectors*)
 .after_vectors
                0x00000000000000f4      0x144 ./src/cr_startup_lpc175x_6x.o
                0x00000000000000f4                data_init
                0x0000000000000138                bss_init
                0x0000000000000170                ResetISR
                0x00000000000001e8                NMI_Handler
                0x00000000000001f0                HardFault_Handler
                0x00000000000001f8                MemManage_Handler
                0x0000000000000200                BusFault_Handler
                0x0000000000000208                UsageFault_Handler
                0x0000000000000210                SVC_Handler
                0x0000000000000218                DebugMon_Handler
                0x0000000000000220                PendSV_Handler
                0x0000000000000230                UART0_IRQHandler
                0x0000000000000230                IntDefaultHandler
                0x0000000000000230                PLL0_IRQHandler
                0x0000000000000230                CAN_IRQHandler
                0x0000000000000230                PLL1_IRQHandler
                0x0000000000000230                SSP0_IRQHandler
                0x0000000000000230                I2S_IRQHandler
                0x0000000000000230                I2C2_IRQHandler
                0x0000000000000230                RTC_IRQHandler
                0x0000000000000230                TIMER0_IRQHandler
                0x0000000000000230                SPI_IRQHandler
                0x0000000000000230                EINT1_IRQHandler
                0x0000000000000230                TIMER1_IRQHandler
                0x0000000000000230                UART2_IRQHandler
                0x0000000000000230                ADC_IRQHandler
                0x0000000000000230                SSP1_IRQHandler
                0x0000000000000230                USB_IRQHandler
                0x0000000000000230                BOD_IRQHandler
                0x0000000000000230                WDT_IRQHandler
                0x0000000000000230                QEI_IRQHandler
                0x0000000000000230                EINT0_IRQHandler
                0x0000000000000230                ETH_IRQHandler
                0x0000000000000230                DMA_IRQHandler
                0x0000000000000230                UART3_IRQHandler
                0x0000000000000230                TIMER2_IRQHandler
                0x0000000000000230                MCPWM_IRQHandler
                0x0000000000000230                RIT_IRQHandler
                0x0000000000000230                I2C0_IRQHandler
                0x0000000000000230                USBActivity_IRQHandler
                0x0000000000000230                PWM1_IRQHandler
                0x0000000000000230                I2C1_IRQHandler
                0x0000000000000230                EINT2_IRQHandler
                0x0000000000000230                UART1_IRQHandler
                0x0000000000000230                EINT3_IRQHandler
                0x0000000000000230                CANActivity_IRQHandler
                0x0000000000000230                TIMER3_IRQHandler
 *(.text*)
 .text.NVIC_SetPriority
                0x0000000000000238       0x54 ./src/asdfgh.o
 .text.SysTick_Config
                0x000000000000028c       0x44 ./src/asdfgh.o
 .text.SysTick_Handler
                0x00000000000002d0       0x18 ./src/asdfgh.o
                0x00000000000002d0                SysTick_Handler
 .text.main     0x00000000000002e8       0x38 ./src/asdfgh.o
                0x00000000000002e8                main
 .text.SystemInit
                0x0000000000000320       0x24 ./src/sysinit.o
                0x0000000000000320                SystemInit
 .text.SystemCoreClockUpdate
                0x0000000000000344       0x14 /Users/manu/LPCXpresso/tp_2016/lpc_chip_175x_6x/Debug/liblpc_chip_175x_6x.a(chip_17xx_40xx.o)
                0x0000000000000344                SystemCoreClockUpdate
 .text.Chip_Clock_IsMainPLLEnabled
                0x0000000000000358       0x28 /Users/manu/LPCXpresso/tp_2016/lpc_chip_175x_6x/Debug/liblpc_chip_175x_6x.a(clock_17xx_40xx.o)
 .text.Chip_Clock_IsMainPLLConnected
                0x0000000000000380       0x28 /Users/manu/LPCXpresso/tp_2016/lpc_chip_175x_6x/Debug/liblpc_chip_175x_6x.a(clock_17xx_40xx.o)
 .text.Chip_Clock_FeedPLL
                0x00000000000003a8       0x34 /Users/manu/LPCXpresso/tp_2016/lpc_chip_175x_6x/Debug/liblpc_chip_175x_6x.a(clock_17xx_40xx.o)
 .text.Chip_Clock_GetMainPLLSource
                0x00000000000003dc       0x20 /Users/manu/LPCXpresso/tp_2016/lpc_chip_175x_6x/Debug/liblpc_chip_175x_6x.a(clock_17xx_40xx.o)
 .text.Chip_Clock_GetMainOscRate
                0x00000000000003fc       0x18 /Users/manu/LPCXpresso/tp_2016/lpc_chip_175x_6x/Debug/liblpc_chip_175x_6x.a(clock_17xx_40xx.o)
 .text.Chip_Clock_GetIntOscRate
                0x0000000000000414       0x14 /Users/manu/LPCXpresso/tp_2016/lpc_chip_175x_6x/Debug/liblpc_chip_175x_6x.a(clock_17xx_40xx.o)
 .text.Chip_Clock_GetRTCOscRate
                0x0000000000000428       0x18 /Users/manu/LPCXpresso/tp_2016/lpc_chip_175x_6x/Debug/liblpc_chip_175x_6x.a(clock_17xx_40xx.o)
 .text.Chip_Clock_GetMainPLLInClockRate
                0x0000000000000440       0x10 /Users/manu/LPCXpresso/tp_2016/lpc_chip_175x_6x/Debug/liblpc_chip_175x_6x.a(clock_17xx_40xx.o)
 .text.Chip_Clock_EnablePLL
                0x0000000000000450       0x44 /Users/manu/LPCXpresso/tp_2016/lpc_chip_175x_6x/Debug/liblpc_chip_175x_6x.a(clock_17xx_40xx.o)
                0x0000000000000450                Chip_Clock_EnablePLL
 .text.Chip_Clock_DisablePLL
                0x0000000000000494       0x44 /Users/manu/LPCXpresso/tp_2016/lpc_chip_175x_6x/Debug/liblpc_chip_175x_6x.a(clock_17xx_40xx.o)
                0x0000000000000494                Chip_Clock_DisablePLL
 .text.Chip_Clock_SetupPLL
                0x00000000000004d8       0x58 /Users/manu/LPCXpresso/tp_2016/lpc_chip_175x_6x/Debug/liblpc_chip_175x_6x.a(clock_17xx_40xx.o)
                0x00000000000004d8                Chip_Clock_SetupPLL
 .text.Chip_Clock_GetCPUClockSource
                0x0000000000000530       0x24 /Users/manu/LPCXpresso/tp_2016/lpc_chip_175x_6x/Debug/liblpc_chip_175x_6x.a(clock_17xx_40xx.o)
                0x0000000000000530                Chip_Clock_GetCPUClockSource
 .text.Chip_Clock_SetCPUClockDiv
                0x0000000000000554       0x20 /Users/manu/LPCXpresso/tp_2016/lpc_chip_175x_6x/Debug/liblpc_chip_175x_6x.a(clock_17xx_40xx.o)
                0x0000000000000554                Chip_Clock_SetCPUClockDiv
 .text.Chip_Clock_GetCPUClockDiv
                0x0000000000000574       0x1c /Users/manu/LPCXpresso/tp_2016/lpc_chip_175x_6x/Debug/liblpc_chip_175x_6x.a(clock_17xx_40xx.o)
                0x0000000000000574                Chip_Clock_GetCPUClockDiv
 .text.Chip_Clock_GetSYSCLKRate
                0x0000000000000590       0x34 /Users/manu/LPCXpresso/tp_2016/lpc_chip_175x_6x/Debug/liblpc_chip_175x_6x.a(clock_17xx_40xx.o)
                0x0000000000000590                Chip_Clock_GetSYSCLKRate
 .text.Chip_Clock_GetMainPLLOutClockRate
                0x00000000000005c4       0x54 /Users/manu/LPCXpresso/tp_2016/lpc_chip_175x_6x/Debug/liblpc_chip_175x_6x.a(clock_17xx_40xx.o)
                0x00000000000005c4                Chip_Clock_GetMainPLLOutClockRate
 .text.Chip_Clock_GetMainClockRate
                0x0000000000000618       0x28 /Users/manu/LPCXpresso/tp_2016/lpc_chip_175x_6x/Debug/liblpc_chip_175x_6x.a(clock_17xx_40xx.o)
                0x0000000000000618                Chip_Clock_GetMainClockRate
 .text.Chip_Clock_GetSystemClockRate
                0x0000000000000640       0x18 /Users/manu/LPCXpresso/tp_2016/lpc_chip_175x_6x/Debug/liblpc_chip_175x_6x.a(clock_17xx_40xx.o)
                0x0000000000000640                Chip_Clock_GetSystemClockRate
 .text.Chip_Clock_IsMainPLLEnabled
                0x0000000000000658       0x28 /Users/manu/LPCXpresso/tp_2016/lpc_chip_175x_6x/Debug/liblpc_chip_175x_6x.a(sysinit_17xx_40xx.o)
 .text.Chip_Clock_IsMainPLLLocked
                0x0000000000000680       0x28 /Users/manu/LPCXpresso/tp_2016/lpc_chip_175x_6x/Debug/liblpc_chip_175x_6x.a(sysinit_17xx_40xx.o)
 .text.Chip_Clock_IsMainPLLConnected
                0x00000000000006a8       0x28 /Users/manu/LPCXpresso/tp_2016/lpc_chip_175x_6x/Debug/liblpc_chip_175x_6x.a(sysinit_17xx_40xx.o)
 .text.Chip_Clock_SetMainPLLSource
                0x00000000000006d0       0x20 /Users/manu/LPCXpresso/tp_2016/lpc_chip_175x_6x/Debug/liblpc_chip_175x_6x.a(sysinit_17xx_40xx.o)
 .text.Chip_SetupIrcClocking
                0x00000000000006f0       0x68 /Users/manu/LPCXpresso/tp_2016/lpc_chip_175x_6x/Debug/liblpc_chip_175x_6x.a(sysinit_17xx_40xx.o)
                0x00000000000006f0                Chip_SetupIrcClocking
 .text.Chip_SystemInit
                0x0000000000000758        0xc /Users/manu/LPCXpresso/tp_2016/lpc_chip_175x_6x/Debug/liblpc_chip_175x_6x.a(sysinit_17xx_40xx.o)
                0x0000000000000758                Chip_SystemInit
 .text.__weak_main
                0x0000000000000764        0x4 /Applications/lpcxpresso_7.5.0_254/lpcxpresso/tools/bin/../lib/gcc/arm-none-eabi/4.8.4/../../../../arm-none-eabi/lib/armv7-m/libcr_c.a(__weak__main.o)
                0x0000000000000764                __main
                0x0000000000000764                __weak_main
 *(.rodata .rodata.* .constdata .constdata.*)
 .rodata.OscRateIn
                0x0000000000000768        0x4 ./src/sysinit.o
                0x0000000000000768                OscRateIn
 .rodata.RTCOscRateIn
                0x000000000000076c        0x4 ./src/sysinit.o
                0x000000000000076c                RTCOscRateIn
                0x0000000000000770                . = ALIGN (0x4)

.glue_7         0x0000000000000770        0x0
 .glue_7        0x0000000000000000        0x0 linker stubs

.glue_7t        0x0000000000000770        0x0
 .glue_7t       0x0000000000000000        0x0 linker stubs

.vfp11_veneer   0x0000000000000770        0x0
 .vfp11_veneer  0x0000000000000000        0x0 linker stubs

.v4_bx          0x0000000000000770        0x0
 .v4_bx         0x0000000000000000        0x0 linker stubs

.iplt           0x0000000000000770        0x0
 .iplt          0x0000000000000000        0x0 ./src/asdfgh.o

.rel.dyn        0x0000000000000770        0x0
 .rel.iplt      0x0000000000000000        0x0 ./src/asdfgh.o

.ARM.extab
 *(.ARM.extab* .gnu.linkonce.armextab.*)
                0x0000000000000770                __exidx_start = .

.ARM.exidx
 *(.ARM.exidx* .gnu.linkonce.armexidx.*)
                0x0000000000000770                __exidx_end = .
                0x0000000000000770                _etext = .

.data_RAM2      0x000000002007c000        0x0 load address 0x0000000000000770
 FILL mask 0xff
 *(.ramfunc.$RAM2)
 *(.ramfunc.$RamAHB32)
 *(.data.$RAM2*)
 *(.data.$RamAHB32*)
                0x000000002007c000                . = ALIGN (0x4)

.uninit_RESERVED
                0x0000000010000000        0x0
 *(.bss.$RESERVED*)
                0x0000000010000000                . = ALIGN (0x4)
                0x0000000010000000                _end_uninit_RESERVED = .

.data           0x0000000010000000        0x0 load address 0x0000000000000770
 FILL mask 0xff
                0x0000000010000000                _data = .
 *(vtable)
 *(.ramfunc*)
 *(.data*)
                0x0000000010000000                . = ALIGN (0x4)
                0x0000000010000000                _edata = .

.igot.plt       0x0000000010000000        0x0 load address 0x0000000000000770
 .igot.plt      0x0000000000000000        0x0 ./src/asdfgh.o

.bss_RAM2       0x000000002007c000        0x0
 *(.bss.$RAM2*)
 *(.bss.$RamAHB32*)
                0x000000002007c000                . = ALIGN (0x4)

.bss            0x0000000010000000        0x8
                0x0000000010000000                _bss = .
 *(.bss*)
 .bss.systick   0x0000000010000000        0x4 ./src/asdfgh.o
                0x0000000010000000                systick
 *(COMMON)
 COMMON         0x0000000010000004        0x4 /Users/manu/LPCXpresso/tp_2016/lpc_chip_175x_6x/Debug/liblpc_chip_175x_6x.a(chip_17xx_40xx.o)
                0x0000000010000004                SystemCoreClock
                0x0000000010000008                . = ALIGN (0x4)
                0x0000000010000008                _ebss = .
                0x0000000010000008                PROVIDE (end, .)

.noinit_RAM2    0x000000002007c000        0x0
 *(.noinit.$RAM2*)
 *(.noinit.$RamAHB32*)
                0x000000002007c000                . = ALIGN (0x4)

.noinit         0x0000000010000008        0x0
                0x0000000010000008                _noinit = .
 *(.noinit*)
                0x0000000010000008                . = ALIGN (0x4)
                0x0000000010000008                _end_noinit = .
                0x0000000010000008                PROVIDE (_pvHeapStart, DEFINED (__user_heap_base)?__user_heap_base:.)
                0x0000000010008000                PROVIDE (_vStackTop, DEFINED (__user_stack_top)?__user_stack_top:(__top_RamLoc32 - 0x0))
OUTPUT(asdfgh.axf elf32-littlearm)

.debug_info     0x0000000000000000     0x1ee0
 .debug_info    0x0000000000000000      0x663 ./src/asdfgh.o
 .debug_info    0x0000000000000663      0x24b ./src/cr_startup_lpc175x_6x.o
 .debug_info    0x00000000000008ae      0x1b1 ./src/sysinit.o
 .debug_info    0x0000000000000a5f      0x50a /Users/manu/LPCXpresso/tp_2016/lpc_chip_175x_6x/Debug/liblpc_chip_175x_6x.a(chip_17xx_40xx.o)
 .debug_info    0x0000000000000f69      0xb46 /Users/manu/LPCXpresso/tp_2016/lpc_chip_175x_6x/Debug/liblpc_chip_175x_6x.a(clock_17xx_40xx.o)
 .debug_info    0x0000000000001aaf      0x431 /Users/manu/LPCXpresso/tp_2016/lpc_chip_175x_6x/Debug/liblpc_chip_175x_6x.a(sysinit_17xx_40xx.o)

.debug_abbrev   0x0000000000000000      0x8ce
 .debug_abbrev  0x0000000000000000      0x182 ./src/asdfgh.o
 .debug_abbrev  0x0000000000000182       0xf5 ./src/cr_startup_lpc175x_6x.o
 .debug_abbrev  0x0000000000000277       0xca ./src/sysinit.o
 .debug_abbrev  0x0000000000000341      0x138 /Users/manu/LPCXpresso/tp_2016/lpc_chip_175x_6x/Debug/liblpc_chip_175x_6x.a(chip_17xx_40xx.o)
 .debug_abbrev  0x0000000000000479      0x2e4 /Users/manu/LPCXpresso/tp_2016/lpc_chip_175x_6x/Debug/liblpc_chip_175x_6x.a(clock_17xx_40xx.o)
 .debug_abbrev  0x000000000000075d      0x171 /Users/manu/LPCXpresso/tp_2016/lpc_chip_175x_6x/Debug/liblpc_chip_175x_6x.a(sysinit_17xx_40xx.o)

.debug_aranges  0x0000000000000000      0x290
 .debug_aranges
                0x0000000000000000       0x38 ./src/asdfgh.o
 .debug_aranges
                0x0000000000000038       0x80 ./src/cr_startup_lpc175x_6x.o
 .debug_aranges
                0x00000000000000b8       0x20 ./src/sysinit.o
 .debug_aranges
                0x00000000000000d8       0x38 /Users/manu/LPCXpresso/tp_2016/lpc_chip_175x_6x/Debug/liblpc_chip_175x_6x.a(chip_17xx_40xx.o)
 .debug_aranges
                0x0000000000000110      0x120 /Users/manu/LPCXpresso/tp_2016/lpc_chip_175x_6x/Debug/liblpc_chip_175x_6x.a(clock_17xx_40xx.o)
 .debug_aranges
                0x0000000000000230       0x60 /Users/manu/LPCXpresso/tp_2016/lpc_chip_175x_6x/Debug/liblpc_chip_175x_6x.a(sysinit_17xx_40xx.o)

.debug_ranges   0x0000000000000000      0x230
 .debug_ranges  0x0000000000000000       0x28 ./src/asdfgh.o
 .debug_ranges  0x0000000000000028       0x70 ./src/cr_startup_lpc175x_6x.o
 .debug_ranges  0x0000000000000098       0x10 ./src/sysinit.o
 .debug_ranges  0x00000000000000a8       0x28 /Users/manu/LPCXpresso/tp_2016/lpc_chip_175x_6x/Debug/liblpc_chip_175x_6x.a(chip_17xx_40xx.o)
 .debug_ranges  0x00000000000000d0      0x110 /Users/manu/LPCXpresso/tp_2016/lpc_chip_175x_6x/Debug/liblpc_chip_175x_6x.a(clock_17xx_40xx.o)
 .debug_ranges  0x00000000000001e0       0x50 /Users/manu/LPCXpresso/tp_2016/lpc_chip_175x_6x/Debug/liblpc_chip_175x_6x.a(sysinit_17xx_40xx.o)

.debug_macro    0x0000000000000000     0x48fd
 .debug_macro   0x0000000000000000      0x1dc ./src/asdfgh.o
 .debug_macro   0x00000000000001dc      0x862 ./src/asdfgh.o
 .debug_macro   0x0000000000000a3e       0x10 ./src/asdfgh.o
 .debug_macro   0x0000000000000a4e      0x12d ./src/asdfgh.o
 .debug_macro   0x0000000000000b7b      0x5b2 ./src/asdfgh.o
 .debug_macro   0x000000000000112d       0x22 ./src/asdfgh.o
 .debug_macro   0x000000000000114f       0x7b ./src/asdfgh.o
 .debug_macro   0x00000000000011ca       0x10 ./src/asdfgh.o
 .debug_macro   0x00000000000011da       0x2d ./src/asdfgh.o
 .debug_macro   0x0000000000001207       0x3a ./src/asdfgh.o
 .debug_macro   0x0000000000001241       0x2d ./src/asdfgh.o
 .debug_macro   0x000000000000126e      0xbb1 ./src/asdfgh.o
 .debug_macro   0x0000000000001e1f      0x22c ./src/asdfgh.o
 .debug_macro   0x000000000000204b       0x42 ./src/asdfgh.o
 .debug_macro   0x000000000000208d       0x52 ./src/asdfgh.o
 .debug_macro   0x00000000000020df       0x78 ./src/asdfgh.o
 .debug_macro   0x0000000000002157       0x82 ./src/asdfgh.o
 .debug_macro   0x00000000000021d9      0x48c ./src/asdfgh.o
 .debug_macro   0x0000000000002665       0x34 ./src/asdfgh.o
 .debug_macro   0x0000000000002699      0x4c5 ./src/asdfgh.o
 .debug_macro   0x0000000000002b5e      0x1b7 ./src/asdfgh.o
 .debug_macro   0x0000000000002d15       0x10 ./src/asdfgh.o
 .debug_macro   0x0000000000002d25      0x21b ./src/asdfgh.o
 .debug_macro   0x0000000000002f40      0x1b9 ./src/asdfgh.o
 .debug_macro   0x00000000000030f9       0x40 ./src/asdfgh.o
 .debug_macro   0x0000000000003139       0x22 ./src/asdfgh.o
 .debug_macro   0x000000000000315b      0x162 ./src/asdfgh.o
 .debug_macro   0x00000000000032bd       0x94 ./src/asdfgh.o
 .debug_macro   0x0000000000003351       0xb8 ./src/asdfgh.o
 .debug_macro   0x0000000000003409       0x4c ./src/asdfgh.o
 .debug_macro   0x0000000000003455       0x16 ./src/asdfgh.o
 .debug_macro   0x000000000000346b      0x328 ./src/asdfgh.o
 .debug_macro   0x0000000000003793       0x49 ./src/asdfgh.o
 .debug_macro   0x00000000000037dc       0x16 ./src/asdfgh.o
 .debug_macro   0x00000000000037f2       0xca ./src/asdfgh.o
 .debug_macro   0x00000000000038bc       0x18 ./src/asdfgh.o
 .debug_macro   0x00000000000038d4       0x82 ./src/asdfgh.o
 .debug_macro   0x0000000000003956       0x1d ./src/cr_startup_lpc175x_6x.o
 .debug_macro   0x0000000000003973      0x1cd ./src/sysinit.o
 .debug_macro   0x0000000000003b40      0x1cd /Users/manu/LPCXpresso/tp_2016/lpc_chip_175x_6x/Debug/liblpc_chip_175x_6x.a(chip_17xx_40xx.o)
 .debug_macro   0x0000000000003d0d      0x856 /Users/manu/LPCXpresso/tp_2016/lpc_chip_175x_6x/Debug/liblpc_chip_175x_6x.a(chip_17xx_40xx.o)
 .debug_macro   0x0000000000004563      0x1cd /Users/manu/LPCXpresso/tp_2016/lpc_chip_175x_6x/Debug/liblpc_chip_175x_6x.a(clock_17xx_40xx.o)
 .debug_macro   0x0000000000004730      0x1cd /Users/manu/LPCXpresso/tp_2016/lpc_chip_175x_6x/Debug/liblpc_chip_175x_6x.a(sysinit_17xx_40xx.o)

.debug_line     0x0000000000000000     0x194a
 .debug_line    0x0000000000000000      0x49d ./src/asdfgh.o
 .debug_line    0x000000000000049d       0xdd ./src/cr_startup_lpc175x_6x.o
 .debug_line    0x000000000000057a      0x3fe ./src/sysinit.o
 .debug_line    0x0000000000000978      0x44e /Users/manu/LPCXpresso/tp_2016/lpc_chip_175x_6x/Debug/liblpc_chip_175x_6x.a(chip_17xx_40xx.o)
 .debug_line    0x0000000000000dc6      0x6c0 /Users/manu/LPCXpresso/tp_2016/lpc_chip_175x_6x/Debug/liblpc_chip_175x_6x.a(clock_17xx_40xx.o)
 .debug_line    0x0000000000001486      0x4c4 /Users/manu/LPCXpresso/tp_2016/lpc_chip_175x_6x/Debug/liblpc_chip_175x_6x.a(sysinit_17xx_40xx.o)

.debug_str      0x0000000000000000    0x11c50
 .debug_str     0x0000000000000000    0x10d16 ./src/asdfgh.o
                                      0x10e0a (size before relaxing)
 .debug_str     0x0000000000010d16      0x1b2 ./src/cr_startup_lpc175x_6x.o
                                       0x25b1 (size before relaxing)
 .debug_str     0x0000000000010ec8       0x1b ./src/sysinit.o
                                      0x10647 (size before relaxing)
 .debug_str     0x0000000000010ee3      0x452 /Users/manu/LPCXpresso/tp_2016/lpc_chip_175x_6x/Debug/liblpc_chip_175x_6x.a(chip_17xx_40xx.o)
                                      0x10a69 (size before relaxing)
 .debug_str     0x0000000000011335      0x857 /Users/manu/LPCXpresso/tp_2016/lpc_chip_175x_6x/Debug/liblpc_chip_175x_6x.a(clock_17xx_40xx.o)
                                      0x110d7 (size before relaxing)
 .debug_str     0x0000000000011b8c       0xc4 /Users/manu/LPCXpresso/tp_2016/lpc_chip_175x_6x/Debug/liblpc_chip_175x_6x.a(sysinit_17xx_40xx.o)
                                      0x1073c (size before relaxing)

.comment        0x0000000000000000       0xe0
 .comment       0x0000000000000000       0x70 ./src/asdfgh.o
                                         0x71 (size before relaxing)
 .comment       0x0000000000000000       0x71 ./src/cr_startup_lpc175x_6x.o
 .comment       0x0000000000000000       0x71 ./src/sysinit.o
 .comment       0x0000000000000000       0x71 /Users/manu/LPCXpresso/tp_2016/lpc_chip_175x_6x/Debug/liblpc_chip_175x_6x.a(chip_17xx_40xx.o)
 .comment       0x0000000000000000       0x71 /Users/manu/LPCXpresso/tp_2016/lpc_chip_175x_6x/Debug/liblpc_chip_175x_6x.a(clock_17xx_40xx.o)
 .comment       0x0000000000000000       0x71 /Users/manu/LPCXpresso/tp_2016/lpc_chip_175x_6x/Debug/liblpc_chip_175x_6x.a(sysinit_17xx_40xx.o)
 .comment       0x0000000000000070       0x70 /Applications/lpcxpresso_7.5.0_254/lpcxpresso/tools/bin/../lib/gcc/arm-none-eabi/4.8.4/../../../../arm-none-eabi/lib/armv7-m/libcr_c.a(__weak__main.o)
                                         0x71 (size before relaxing)

.ARM.attributes
                0x0000000000000000       0x33
 .ARM.attributes
                0x0000000000000000       0x33 ./src/asdfgh.o
 .ARM.attributes
                0x0000000000000033       0x33 ./src/cr_startup_lpc175x_6x.o
 .ARM.attributes
                0x0000000000000066       0x33 ./src/sysinit.o
 .ARM.attributes
                0x0000000000000099       0x33 /Users/manu/LPCXpresso/tp_2016/lpc_chip_175x_6x/Debug/liblpc_chip_175x_6x.a(chip_17xx_40xx.o)
 .ARM.attributes
                0x00000000000000cc       0x33 /Users/manu/LPCXpresso/tp_2016/lpc_chip_175x_6x/Debug/liblpc_chip_175x_6x.a(clock_17xx_40xx.o)
 .ARM.attributes
                0x00000000000000ff       0x33 /Users/manu/LPCXpresso/tp_2016/lpc_chip_175x_6x/Debug/liblpc_chip_175x_6x.a(sysinit_17xx_40xx.o)
 .ARM.attributes
                0x0000000000000132       0x33 /Applications/lpcxpresso_7.5.0_254/lpcxpresso/tools/bin/../lib/gcc/arm-none-eabi/4.8.4/../../../../arm-none-eabi/lib/armv7-m/libcr_c.a(__weak__main.o)

.debug_frame    0x0000000000000000      0x724
 .debug_frame   0x0000000000000000       0x80 ./src/asdfgh.o
 .debug_frame   0x0000000000000080      0x158 ./src/cr_startup_lpc175x_6x.o
 .debug_frame   0x00000000000001d8       0x30 ./src/sysinit.o
 .debug_frame   0x0000000000000208       0x78 /Users/manu/LPCXpresso/tp_2016/lpc_chip_175x_6x/Debug/liblpc_chip_175x_6x.a(chip_17xx_40xx.o)
 .debug_frame   0x0000000000000280      0x3ac /Users/manu/LPCXpresso/tp_2016/lpc_chip_175x_6x/Debug/liblpc_chip_175x_6x.a(clock_17xx_40xx.o)
 .debug_frame   0x000000000000062c       0xf8 /Users/manu/LPCXpresso/tp_2016/lpc_chip_175x_6x/Debug/liblpc_chip_175x_6x.a(sysinit_17xx_40xx.o)
