Archive member included because of file (symbol)

/Users/manu/LPCXpresso/tp_2016/lpc_chip_175x_6x/Debug/liblpc_chip_175x_6x.a(chip_17xx_40xx.o)
                              ./src/main.o (SystemCoreClock)
/Users/manu/LPCXpresso/tp_2016/lpc_chip_175x_6x/Debug/liblpc_chip_175x_6x.a(clock_17xx_40xx.o)
                              /Users/manu/LPCXpresso/tp_2016/lpc_chip_175x_6x/Debug/liblpc_chip_175x_6x.a(chip_17xx_40xx.o) (Chip_Clock_EnablePLL)
/Users/manu/LPCXpresso/tp_2016/lpc_chip_175x_6x/Debug/liblpc_chip_175x_6x.a(sysinit_17xx_40xx.o)
                              ./src/sysinit.o (Chip_SystemInit)
/Applications/lpcxpresso_7.8.0_426/lpcxpresso/tools/bin/../lib/gcc/arm-none-eabi/4.9.3/../../../../arm-none-eabi/lib/armv7-m/libcr_c.a(__weak__main.o)
                              ./src/cr_startup_lpc175x_6x.o (__main)

Allocating common symbols
Common symbol       size              file

SystemCoreClock     0x4               /Users/manu/LPCXpresso/tp_2016/lpc_chip_175x_6x/Debug/liblpc_chip_175x_6x.a(chip_17xx_40xx.o)

Discarded input sections

 .group         0x0000000000000000        0x8 ./src/cr_startup_lpc175x_6x.o
 .text          0x0000000000000000        0x0 ./src/cr_startup_lpc175x_6x.o
 .data          0x0000000000000000        0x0 ./src/cr_startup_lpc175x_6x.o
 .bss           0x0000000000000000        0x0 ./src/cr_startup_lpc175x_6x.o
 .group         0x0000000000000000        0x8 ./src/crp.o
 .group         0x0000000000000000        0x8 ./src/crp.o
 .text          0x0000000000000000        0x0 ./src/crp.o
 .data          0x0000000000000000        0x0 ./src/crp.o
 .bss           0x0000000000000000        0x0 ./src/crp.o
 .crp           0x0000000000000000        0x4 ./src/crp.o
 .debug_info    0x0000000000000000       0x3f ./src/crp.o
 .debug_abbrev  0x0000000000000000       0x36 ./src/crp.o
 .debug_aranges
                0x0000000000000000       0x18 ./src/crp.o
 .debug_macro   0x0000000000000000       0x1a ./src/crp.o
 .debug_macro   0x0000000000000000      0x862 ./src/crp.o
 .debug_macro   0x0000000000000000       0x34 ./src/crp.o
 .debug_line    0x0000000000000000       0x7f ./src/crp.o
 .debug_str     0x0000000000000000     0x24d6 ./src/crp.o
 .comment       0x0000000000000000       0x71 ./src/crp.o
 .ARM.attributes
                0x0000000000000000       0x33 ./src/crp.o
 .group         0x0000000000000000        0x8 ./src/main.o
 .group         0x0000000000000000        0x8 ./src/main.o
 .group         0x0000000000000000        0x8 ./src/main.o
 .group         0x0000000000000000        0x8 ./src/main.o
 .group         0x0000000000000000        0x8 ./src/main.o
 .group         0x0000000000000000        0x8 ./src/main.o
 .group         0x0000000000000000        0x8 ./src/main.o
 .group         0x0000000000000000        0x8 ./src/main.o
 .group         0x0000000000000000        0x8 ./src/main.o
 .group         0x0000000000000000        0x8 ./src/main.o
 .group         0x0000000000000000        0x8 ./src/main.o
 .group         0x0000000000000000        0x8 ./src/main.o
 .group         0x0000000000000000        0x8 ./src/main.o
 .group         0x0000000000000000        0x8 ./src/main.o
 .group         0x0000000000000000        0x8 ./src/main.o
 .group         0x0000000000000000        0x8 ./src/main.o
 .group         0x0000000000000000        0x8 ./src/main.o
 .group         0x0000000000000000        0x8 ./src/main.o
 .group         0x0000000000000000        0x8 ./src/main.o
 .group         0x0000000000000000        0x8 ./src/main.o
 .group         0x0000000000000000        0x8 ./src/main.o
 .group         0x0000000000000000        0x8 ./src/main.o
 .group         0x0000000000000000        0x8 ./src/main.o
 .group         0x0000000000000000        0x8 ./src/main.o
 .group         0x0000000000000000        0x8 ./src/main.o
 .group         0x0000000000000000        0x8 ./src/main.o
 .group         0x0000000000000000        0x8 ./src/main.o
 .group         0x0000000000000000        0x8 ./src/main.o
 .group         0x0000000000000000        0x8 ./src/main.o
 .group         0x0000000000000000        0x8 ./src/main.o
 .group         0x0000000000000000        0x8 ./src/main.o
 .group         0x0000000000000000        0x8 ./src/main.o
 .group         0x0000000000000000        0x8 ./src/main.o
 .group         0x0000000000000000        0x8 ./src/main.o
 .group         0x0000000000000000        0x8 ./src/main.o
 .group         0x0000000000000000        0x8 ./src/main.o
 .text          0x0000000000000000        0x0 ./src/main.o
 .data          0x0000000000000000        0x0 ./src/main.o
 .bss           0x0000000000000000        0x0 ./src/main.o
 .debug_macro   0x0000000000000000      0x862 ./src/main.o
 .group         0x0000000000000000        0x8 ./src/sysinit.o
 .group         0x0000000000000000        0x8 ./src/sysinit.o
 .group         0x0000000000000000        0x8 ./src/sysinit.o
 .group         0x0000000000000000        0x8 ./src/sysinit.o
 .group         0x0000000000000000        0x8 ./src/sysinit.o
 .group         0x0000000000000000        0x8 ./src/sysinit.o
 .group         0x0000000000000000        0x8 ./src/sysinit.o
 .group         0x0000000000000000        0x8 ./src/sysinit.o
 .group         0x0000000000000000        0x8 ./src/sysinit.o
 .group         0x0000000000000000        0x8 ./src/sysinit.o
 .group         0x0000000000000000        0x8 ./src/sysinit.o
 .group         0x0000000000000000        0x8 ./src/sysinit.o
 .group         0x0000000000000000        0x8 ./src/sysinit.o
 .group         0x0000000000000000        0x8 ./src/sysinit.o
 .group         0x0000000000000000        0x8 ./src/sysinit.o
 .group         0x0000000000000000        0x8 ./src/sysinit.o
 .group         0x0000000000000000        0x8 ./src/sysinit.o
 .group         0x0000000000000000        0x8 ./src/sysinit.o
 .group         0x0000000000000000        0x8 ./src/sysinit.o
 .group         0x0000000000000000        0x8 ./src/sysinit.o
 .group         0x0000000000000000        0x8 ./src/sysinit.o
 .group         0x0000000000000000        0x8 ./src/sysinit.o
 .group         0x0000000000000000        0x8 ./src/sysinit.o
 .group         0x0000000000000000        0x8 ./src/sysinit.o
 .group         0x0000000000000000        0x8 ./src/sysinit.o
 .group         0x0000000000000000        0x8 ./src/sysinit.o
 .group         0x0000000000000000        0x8 ./src/sysinit.o
 .group         0x0000000000000000        0x8 ./src/sysinit.o
 .group         0x0000000000000000        0x8 ./src/sysinit.o
 .group         0x0000000000000000        0x8 ./src/sysinit.o
 .group         0x0000000000000000        0x8 ./src/sysinit.o
 .group         0x0000000000000000        0x8 ./src/sysinit.o
 .group         0x0000000000000000        0x8 ./src/sysinit.o
 .group         0x0000000000000000        0x8 ./src/sysinit.o
 .group         0x0000000000000000        0x8 ./src/sysinit.o
 .text          0x0000000000000000        0x0 ./src/sysinit.o
 .data          0x0000000000000000        0x0 ./src/sysinit.o
 .bss           0x0000000000000000        0x0 ./src/sysinit.o
 .debug_macro   0x0000000000000000      0x862 ./src/sysinit.o
 .debug_macro   0x0000000000000000       0x10 ./src/sysinit.o
 .debug_macro   0x0000000000000000      0x12d ./src/sysinit.o
 .debug_macro   0x0000000000000000      0x5b2 ./src/sysinit.o
 .debug_macro   0x0000000000000000       0x22 ./src/sysinit.o
 .debug_macro   0x0000000000000000       0x7b ./src/sysinit.o
 .debug_macro   0x0000000000000000       0x10 ./src/sysinit.o
 .debug_macro   0x0000000000000000       0x2d ./src/sysinit.o
 .debug_macro   0x0000000000000000       0x3a ./src/sysinit.o
 .debug_macro   0x0000000000000000       0x2d ./src/sysinit.o
 .debug_macro   0x0000000000000000      0xbb1 ./src/sysinit.o
 .debug_macro   0x0000000000000000      0x22c ./src/sysinit.o
 .debug_macro   0x0000000000000000       0x42 ./src/sysinit.o
 .debug_macro   0x0000000000000000       0x52 ./src/sysinit.o
 .debug_macro   0x0000000000000000       0x78 ./src/sysinit.o
 .debug_macro   0x0000000000000000       0x82 ./src/sysinit.o
 .debug_macro   0x0000000000000000      0x48c ./src/sysinit.o
 .debug_macro   0x0000000000000000       0x34 ./src/sysinit.o
 .debug_macro   0x0000000000000000      0x4c5 ./src/sysinit.o
 .debug_macro   0x0000000000000000      0x1b7 ./src/sysinit.o
 .debug_macro   0x0000000000000000       0x10 ./src/sysinit.o
 .debug_macro   0x0000000000000000      0x21b ./src/sysinit.o
 .debug_macro   0x0000000000000000      0x1b9 ./src/sysinit.o
 .debug_macro   0x0000000000000000       0x40 ./src/sysinit.o
 .debug_macro   0x0000000000000000       0x22 ./src/sysinit.o
 .debug_macro   0x0000000000000000      0x162 ./src/sysinit.o
 .debug_macro   0x0000000000000000       0x94 ./src/sysinit.o
 .debug_macro   0x0000000000000000       0xb8 ./src/sysinit.o
 .debug_macro   0x0000000000000000       0x4c ./src/sysinit.o
 .debug_macro   0x0000000000000000       0x16 ./src/sysinit.o
 .debug_macro   0x0000000000000000      0x328 ./src/sysinit.o
 .debug_macro   0x0000000000000000       0x49 ./src/sysinit.o
 .debug_macro   0x0000000000000000       0x16 ./src/sysinit.o
 .debug_macro   0x0000000000000000       0xca ./src/sysinit.o
 .debug_macro   0x0000000000000000       0x18 ./src/sysinit.o
 .group         0x0000000000000000        0x8 /Users/manu/LPCXpresso/tp_2016/lpc_chip_175x_6x/Debug/liblpc_chip_175x_6x.a(chip_17xx_40xx.o)
 .group         0x0000000000000000        0x8 /Users/manu/LPCXpresso/tp_2016/lpc_chip_175x_6x/Debug/liblpc_chip_175x_6x.a(chip_17xx_40xx.o)
 .group         0x0000000000000000        0x8 /Users/manu/LPCXpresso/tp_2016/lpc_chip_175x_6x/Debug/liblpc_chip_175x_6x.a(chip_17xx_40xx.o)
 .group         0x0000000000000000        0x8 /Users/manu/LPCXpresso/tp_2016/lpc_chip_175x_6x/Debug/liblpc_chip_175x_6x.a(chip_17xx_40xx.o)
 .group         0x0000000000000000        0x8 /Users/manu/LPCXpresso/tp_2016/lpc_chip_175x_6x/Debug/liblpc_chip_175x_6x.a(chip_17xx_40xx.o)
 .group         0x0000000000000000        0x8 /Users/manu/LPCXpresso/tp_2016/lpc_chip_175x_6x/Debug/liblpc_chip_175x_6x.a(chip_17xx_40xx.o)
 .group         0x0000000000000000        0x8 /Users/manu/LPCXpresso/tp_2016/lpc_chip_175x_6x/Debug/liblpc_chip_175x_6x.a(chip_17xx_40xx.o)
 .group         0x0000000000000000        0x8 /Users/manu/LPCXpresso/tp_2016/lpc_chip_175x_6x/Debug/liblpc_chip_175x_6x.a(chip_17xx_40xx.o)
 .group         0x0000000000000000        0x8 /Users/manu/LPCXpresso/tp_2016/lpc_chip_175x_6x/Debug/liblpc_chip_175x_6x.a(chip_17xx_40xx.o)
 .group         0x0000000000000000        0x8 /Users/manu/LPCXpresso/tp_2016/lpc_chip_175x_6x/Debug/liblpc_chip_175x_6x.a(chip_17xx_40xx.o)
 .group         0x0000000000000000        0x8 /Users/manu/LPCXpresso/tp_2016/lpc_chip_175x_6x/Debug/liblpc_chip_175x_6x.a(chip_17xx_40xx.o)
 .group         0x0000000000000000        0x8 /Users/manu/LPCXpresso/tp_2016/lpc_chip_175x_6x/Debug/liblpc_chip_175x_6x.a(chip_17xx_40xx.o)
 .group         0x0000000000000000        0x8 /Users/manu/LPCXpresso/tp_2016/lpc_chip_175x_6x/Debug/liblpc_chip_175x_6x.a(chip_17xx_40xx.o)
 .group         0x0000000000000000        0x8 /Users/manu/LPCXpresso/tp_2016/lpc_chip_175x_6x/Debug/liblpc_chip_175x_6x.a(chip_17xx_40xx.o)
 .group         0x0000000000000000        0x8 /Users/manu/LPCXpresso/tp_2016/lpc_chip_175x_6x/Debug/liblpc_chip_175x_6x.a(chip_17xx_40xx.o)
 .group         0x0000000000000000        0x8 /Users/manu/LPCXpresso/tp_2016/lpc_chip_175x_6x/Debug/liblpc_chip_175x_6x.a(chip_17xx_40xx.o)
 .group         0x0000000000000000        0x8 /Users/manu/LPCXpresso/tp_2016/lpc_chip_175x_6x/Debug/liblpc_chip_175x_6x.a(chip_17xx_40xx.o)
 .group         0x0000000000000000        0x8 /Users/manu/LPCXpresso/tp_2016/lpc_chip_175x_6x/Debug/liblpc_chip_175x_6x.a(chip_17xx_40xx.o)
 .group         0x0000000000000000        0x8 /Users/manu/LPCXpresso/tp_2016/lpc_chip_175x_6x/Debug/liblpc_chip_175x_6x.a(chip_17xx_40xx.o)
 .group         0x0000000000000000        0x8 /Users/manu/LPCXpresso/tp_2016/lpc_chip_175x_6x/Debug/liblpc_chip_175x_6x.a(chip_17xx_40xx.o)
 .group         0x0000000000000000        0x8 /Users/manu/LPCXpresso/tp_2016/lpc_chip_175x_6x/Debug/liblpc_chip_175x_6x.a(chip_17xx_40xx.o)
 .group         0x0000000000000000        0x8 /Users/manu/LPCXpresso/tp_2016/lpc_chip_175x_6x/Debug/liblpc_chip_175x_6x.a(chip_17xx_40xx.o)
 .group         0x0000000000000000        0x8 /Users/manu/LPCXpresso/tp_2016/lpc_chip_175x_6x/Debug/liblpc_chip_175x_6x.a(chip_17xx_40xx.o)
 .group         0x0000000000000000        0x8 /Users/manu/LPCXpresso/tp_2016/lpc_chip_175x_6x/Debug/liblpc_chip_175x_6x.a(chip_17xx_40xx.o)
 .group         0x0000000000000000        0x8 /Users/manu/LPCXpresso/tp_2016/lpc_chip_175x_6x/Debug/liblpc_chip_175x_6x.a(chip_17xx_40xx.o)
 .group         0x0000000000000000        0x8 /Users/manu/LPCXpresso/tp_2016/lpc_chip_175x_6x/Debug/liblpc_chip_175x_6x.a(chip_17xx_40xx.o)
 .group         0x0000000000000000        0x8 /Users/manu/LPCXpresso/tp_2016/lpc_chip_175x_6x/Debug/liblpc_chip_175x_6x.a(chip_17xx_40xx.o)
 .group         0x0000000000000000        0x8 /Users/manu/LPCXpresso/tp_2016/lpc_chip_175x_6x/Debug/liblpc_chip_175x_6x.a(chip_17xx_40xx.o)
 .group         0x0000000000000000        0x8 /Users/manu/LPCXpresso/tp_2016/lpc_chip_175x_6x/Debug/liblpc_chip_175x_6x.a(chip_17xx_40xx.o)
 .group         0x0000000000000000        0x8 /Users/manu/LPCXpresso/tp_2016/lpc_chip_175x_6x/Debug/liblpc_chip_175x_6x.a(chip_17xx_40xx.o)
 .group         0x0000000000000000        0x8 /Users/manu/LPCXpresso/tp_2016/lpc_chip_175x_6x/Debug/liblpc_chip_175x_6x.a(chip_17xx_40xx.o)
 .group         0x0000000000000000        0x8 /Users/manu/LPCXpresso/tp_2016/lpc_chip_175x_6x/Debug/liblpc_chip_175x_6x.a(chip_17xx_40xx.o)
 .group         0x0000000000000000        0x8 /Users/manu/LPCXpresso/tp_2016/lpc_chip_175x_6x/Debug/liblpc_chip_175x_6x.a(chip_17xx_40xx.o)
 .group         0x0000000000000000        0x8 /Users/manu/LPCXpresso/tp_2016/lpc_chip_175x_6x/Debug/liblpc_chip_175x_6x.a(chip_17xx_40xx.o)
 .group         0x0000000000000000        0x8 /Users/manu/LPCXpresso/tp_2016/lpc_chip_175x_6x/Debug/liblpc_chip_175x_6x.a(chip_17xx_40xx.o)
 .text          0x0000000000000000        0x0 /Users/manu/LPCXpresso/tp_2016/lpc_chip_175x_6x/Debug/liblpc_chip_175x_6x.a(chip_17xx_40xx.o)
 .data          0x0000000000000000        0x0 /Users/manu/LPCXpresso/tp_2016/lpc_chip_175x_6x/Debug/liblpc_chip_175x_6x.a(chip_17xx_40xx.o)
 .bss           0x0000000000000000        0x0 /Users/manu/LPCXpresso/tp_2016/lpc_chip_175x_6x/Debug/liblpc_chip_175x_6x.a(chip_17xx_40xx.o)
 .text.Chip_Clock_IsUSBPLLLocked
                0x0000000000000000       0x28 /Users/manu/LPCXpresso/tp_2016/lpc_chip_175x_6x/Debug/liblpc_chip_175x_6x.a(chip_17xx_40xx.o)
 .text.Chip_Clock_IsUSBPLLConnected
                0x0000000000000000       0x28 /Users/manu/LPCXpresso/tp_2016/lpc_chip_175x_6x/Debug/liblpc_chip_175x_6x.a(chip_17xx_40xx.o)
 .text.Chip_USB_Init
                0x0000000000000000       0x4c /Users/manu/LPCXpresso/tp_2016/lpc_chip_175x_6x/Debug/liblpc_chip_175x_6x.a(chip_17xx_40xx.o)
 .debug_macro   0x0000000000000000       0x10 /Users/manu/LPCXpresso/tp_2016/lpc_chip_175x_6x/Debug/liblpc_chip_175x_6x.a(chip_17xx_40xx.o)
 .debug_macro   0x0000000000000000      0x12d /Users/manu/LPCXpresso/tp_2016/lpc_chip_175x_6x/Debug/liblpc_chip_175x_6x.a(chip_17xx_40xx.o)
 .debug_macro   0x0000000000000000      0x5b2 /Users/manu/LPCXpresso/tp_2016/lpc_chip_175x_6x/Debug/liblpc_chip_175x_6x.a(chip_17xx_40xx.o)
 .debug_macro   0x0000000000000000       0x22 /Users/manu/LPCXpresso/tp_2016/lpc_chip_175x_6x/Debug/liblpc_chip_175x_6x.a(chip_17xx_40xx.o)
 .debug_macro   0x0000000000000000       0x7b /Users/manu/LPCXpresso/tp_2016/lpc_chip_175x_6x/Debug/liblpc_chip_175x_6x.a(chip_17xx_40xx.o)
 .debug_macro   0x0000000000000000       0x10 /Users/manu/LPCXpresso/tp_2016/lpc_chip_175x_6x/Debug/liblpc_chip_175x_6x.a(chip_17xx_40xx.o)
 .debug_macro   0x0000000000000000       0x2d /Users/manu/LPCXpresso/tp_2016/lpc_chip_175x_6x/Debug/liblpc_chip_175x_6x.a(chip_17xx_40xx.o)
 .debug_macro   0x0000000000000000       0x3a /Users/manu/LPCXpresso/tp_2016/lpc_chip_175x_6x/Debug/liblpc_chip_175x_6x.a(chip_17xx_40xx.o)
 .debug_macro   0x0000000000000000       0x2d /Users/manu/LPCXpresso/tp_2016/lpc_chip_175x_6x/Debug/liblpc_chip_175x_6x.a(chip_17xx_40xx.o)
 .debug_macro   0x0000000000000000      0xbb1 /Users/manu/LPCXpresso/tp_2016/lpc_chip_175x_6x/Debug/liblpc_chip_175x_6x.a(chip_17xx_40xx.o)
 .debug_macro   0x0000000000000000      0x22c /Users/manu/LPCXpresso/tp_2016/lpc_chip_175x_6x/Debug/liblpc_chip_175x_6x.a(chip_17xx_40xx.o)
 .debug_macro   0x0000000000000000       0x42 /Users/manu/LPCXpresso/tp_2016/lpc_chip_175x_6x/Debug/liblpc_chip_175x_6x.a(chip_17xx_40xx.o)
 .debug_macro   0x0000000000000000       0x52 /Users/manu/LPCXpresso/tp_2016/lpc_chip_175x_6x/Debug/liblpc_chip_175x_6x.a(chip_17xx_40xx.o)
 .debug_macro   0x0000000000000000       0x78 /Users/manu/LPCXpresso/tp_2016/lpc_chip_175x_6x/Debug/liblpc_chip_175x_6x.a(chip_17xx_40xx.o)
 .debug_macro   0x0000000000000000       0x82 /Users/manu/LPCXpresso/tp_2016/lpc_chip_175x_6x/Debug/liblpc_chip_175x_6x.a(chip_17xx_40xx.o)
 .debug_macro   0x0000000000000000      0x48c /Users/manu/LPCXpresso/tp_2016/lpc_chip_175x_6x/Debug/liblpc_chip_175x_6x.a(chip_17xx_40xx.o)
 .debug_macro   0x0000000000000000       0x34 /Users/manu/LPCXpresso/tp_2016/lpc_chip_175x_6x/Debug/liblpc_chip_175x_6x.a(chip_17xx_40xx.o)
 .debug_macro   0x0000000000000000      0x4c5 /Users/manu/LPCXpresso/tp_2016/lpc_chip_175x_6x/Debug/liblpc_chip_175x_6x.a(chip_17xx_40xx.o)
 .debug_macro   0x0000000000000000      0x1b7 /Users/manu/LPCXpresso/tp_2016/lpc_chip_175x_6x/Debug/liblpc_chip_175x_6x.a(chip_17xx_40xx.o)
 .debug_macro   0x0000000000000000       0x10 /Users/manu/LPCXpresso/tp_2016/lpc_chip_175x_6x/Debug/liblpc_chip_175x_6x.a(chip_17xx_40xx.o)
 .debug_macro   0x0000000000000000      0x21b /Users/manu/LPCXpresso/tp_2016/lpc_chip_175x_6x/Debug/liblpc_chip_175x_6x.a(chip_17xx_40xx.o)
 .debug_macro   0x0000000000000000      0x1b9 /Users/manu/LPCXpresso/tp_2016/lpc_chip_175x_6x/Debug/liblpc_chip_175x_6x.a(chip_17xx_40xx.o)
 .debug_macro   0x0000000000000000       0x40 /Users/manu/LPCXpresso/tp_2016/lpc_chip_175x_6x/Debug/liblpc_chip_175x_6x.a(chip_17xx_40xx.o)
 .debug_macro   0x0000000000000000       0x22 /Users/manu/LPCXpresso/tp_2016/lpc_chip_175x_6x/Debug/liblpc_chip_175x_6x.a(chip_17xx_40xx.o)
 .debug_macro   0x0000000000000000      0x162 /Users/manu/LPCXpresso/tp_2016/lpc_chip_175x_6x/Debug/liblpc_chip_175x_6x.a(chip_17xx_40xx.o)
 .debug_macro   0x0000000000000000       0x94 /Users/manu/LPCXpresso/tp_2016/lpc_chip_175x_6x/Debug/liblpc_chip_175x_6x.a(chip_17xx_40xx.o)
 .debug_macro   0x0000000000000000       0xb8 /Users/manu/LPCXpresso/tp_2016/lpc_chip_175x_6x/Debug/liblpc_chip_175x_6x.a(chip_17xx_40xx.o)
 .debug_macro   0x0000000000000000       0x4c /Users/manu/LPCXpresso/tp_2016/lpc_chip_175x_6x/Debug/liblpc_chip_175x_6x.a(chip_17xx_40xx.o)
 .debug_macro   0x0000000000000000       0x16 /Users/manu/LPCXpresso/tp_2016/lpc_chip_175x_6x/Debug/liblpc_chip_175x_6x.a(chip_17xx_40xx.o)
 .debug_macro   0x0000000000000000      0x328 /Users/manu/LPCXpresso/tp_2016/lpc_chip_175x_6x/Debug/liblpc_chip_175x_6x.a(chip_17xx_40xx.o)
 .debug_macro   0x0000000000000000       0x49 /Users/manu/LPCXpresso/tp_2016/lpc_chip_175x_6x/Debug/liblpc_chip_175x_6x.a(chip_17xx_40xx.o)
 .debug_macro   0x0000000000000000       0x16 /Users/manu/LPCXpresso/tp_2016/lpc_chip_175x_6x/Debug/liblpc_chip_175x_6x.a(chip_17xx_40xx.o)
 .debug_macro   0x0000000000000000       0xca /Users/manu/LPCXpresso/tp_2016/lpc_chip_175x_6x/Debug/liblpc_chip_175x_6x.a(chip_17xx_40xx.o)
 .debug_macro   0x0000000000000000       0x18 /Users/manu/LPCXpresso/tp_2016/lpc_chip_175x_6x/Debug/liblpc_chip_175x_6x.a(chip_17xx_40xx.o)
 .group         0x0000000000000000        0x8 /Users/manu/LPCXpresso/tp_2016/lpc_chip_175x_6x/Debug/liblpc_chip_175x_6x.a(clock_17xx_40xx.o)
 .group         0x0000000000000000        0x8 /Users/manu/LPCXpresso/tp_2016/lpc_chip_175x_6x/Debug/liblpc_chip_175x_6x.a(clock_17xx_40xx.o)
 .group         0x0000000000000000        0x8 /Users/manu/LPCXpresso/tp_2016/lpc_chip_175x_6x/Debug/liblpc_chip_175x_6x.a(clock_17xx_40xx.o)
 .group         0x0000000000000000        0x8 /Users/manu/LPCXpresso/tp_2016/lpc_chip_175x_6x/Debug/liblpc_chip_175x_6x.a(clock_17xx_40xx.o)
 .group         0x0000000000000000        0x8 /Users/manu/LPCXpresso/tp_2016/lpc_chip_175x_6x/Debug/liblpc_chip_175x_6x.a(clock_17xx_40xx.o)
 .group         0x0000000000000000        0x8 /Users/manu/LPCXpresso/tp_2016/lpc_chip_175x_6x/Debug/liblpc_chip_175x_6x.a(clock_17xx_40xx.o)
 .group         0x0000000000000000        0x8 /Users/manu/LPCXpresso/tp_2016/lpc_chip_175x_6x/Debug/liblpc_chip_175x_6x.a(clock_17xx_40xx.o)
 .group         0x0000000000000000        0x8 /Users/manu/LPCXpresso/tp_2016/lpc_chip_175x_6x/Debug/liblpc_chip_175x_6x.a(clock_17xx_40xx.o)
 .group         0x0000000000000000        0x8 /Users/manu/LPCXpresso/tp_2016/lpc_chip_175x_6x/Debug/liblpc_chip_175x_6x.a(clock_17xx_40xx.o)
 .group         0x0000000000000000        0x8 /Users/manu/LPCXpresso/tp_2016/lpc_chip_175x_6x/Debug/liblpc_chip_175x_6x.a(clock_17xx_40xx.o)
 .group         0x0000000000000000        0x8 /Users/manu/LPCXpresso/tp_2016/lpc_chip_175x_6x/Debug/liblpc_chip_175x_6x.a(clock_17xx_40xx.o)
 .group         0x0000000000000000        0x8 /Users/manu/LPCXpresso/tp_2016/lpc_chip_175x_6x/Debug/liblpc_chip_175x_6x.a(clock_17xx_40xx.o)
 .group         0x0000000000000000        0x8 /Users/manu/LPCXpresso/tp_2016/lpc_chip_175x_6x/Debug/liblpc_chip_175x_6x.a(clock_17xx_40xx.o)
 .group         0x0000000000000000        0x8 /Users/manu/LPCXpresso/tp_2016/lpc_chip_175x_6x/Debug/liblpc_chip_175x_6x.a(clock_17xx_40xx.o)
 .group         0x0000000000000000        0x8 /Users/manu/LPCXpresso/tp_2016/lpc_chip_175x_6x/Debug/liblpc_chip_175x_6x.a(clock_17xx_40xx.o)
 .group         0x0000000000000000        0x8 /Users/manu/LPCXpresso/tp_2016/lpc_chip_175x_6x/Debug/liblpc_chip_175x_6x.a(clock_17xx_40xx.o)
 .group         0x0000000000000000        0x8 /Users/manu/LPCXpresso/tp_2016/lpc_chip_175x_6x/Debug/liblpc_chip_175x_6x.a(clock_17xx_40xx.o)
 .group         0x0000000000000000        0x8 /Users/manu/LPCXpresso/tp_2016/lpc_chip_175x_6x/Debug/liblpc_chip_175x_6x.a(clock_17xx_40xx.o)
 .group         0x0000000000000000        0x8 /Users/manu/LPCXpresso/tp_2016/lpc_chip_175x_6x/Debug/liblpc_chip_175x_6x.a(clock_17xx_40xx.o)
 .group         0x0000000000000000        0x8 /Users/manu/LPCXpresso/tp_2016/lpc_chip_175x_6x/Debug/liblpc_chip_175x_6x.a(clock_17xx_40xx.o)
 .group         0x0000000000000000        0x8 /Users/manu/LPCXpresso/tp_2016/lpc_chip_175x_6x/Debug/liblpc_chip_175x_6x.a(clock_17xx_40xx.o)
 .group         0x0000000000000000        0x8 /Users/manu/LPCXpresso/tp_2016/lpc_chip_175x_6x/Debug/liblpc_chip_175x_6x.a(clock_17xx_40xx.o)
 .group         0x0000000000000000        0x8 /Users/manu/LPCXpresso/tp_2016/lpc_chip_175x_6x/Debug/liblpc_chip_175x_6x.a(clock_17xx_40xx.o)
 .group         0x0000000000000000        0x8 /Users/manu/LPCXpresso/tp_2016/lpc_chip_175x_6x/Debug/liblpc_chip_175x_6x.a(clock_17xx_40xx.o)
 .group         0x0000000000000000        0x8 /Users/manu/LPCXpresso/tp_2016/lpc_chip_175x_6x/Debug/liblpc_chip_175x_6x.a(clock_17xx_40xx.o)
 .group         0x0000000000000000        0x8 /Users/manu/LPCXpresso/tp_2016/lpc_chip_175x_6x/Debug/liblpc_chip_175x_6x.a(clock_17xx_40xx.o)
 .group         0x0000000000000000        0x8 /Users/manu/LPCXpresso/tp_2016/lpc_chip_175x_6x/Debug/liblpc_chip_175x_6x.a(clock_17xx_40xx.o)
 .group         0x0000000000000000        0x8 /Users/manu/LPCXpresso/tp_2016/lpc_chip_175x_6x/Debug/liblpc_chip_175x_6x.a(clock_17xx_40xx.o)
 .group         0x0000000000000000        0x8 /Users/manu/LPCXpresso/tp_2016/lpc_chip_175x_6x/Debug/liblpc_chip_175x_6x.a(clock_17xx_40xx.o)
 .group         0x0000000000000000        0x8 /Users/manu/LPCXpresso/tp_2016/lpc_chip_175x_6x/Debug/liblpc_chip_175x_6x.a(clock_17xx_40xx.o)
 .group         0x0000000000000000        0x8 /Users/manu/LPCXpresso/tp_2016/lpc_chip_175x_6x/Debug/liblpc_chip_175x_6x.a(clock_17xx_40xx.o)
 .group         0x0000000000000000        0x8 /Users/manu/LPCXpresso/tp_2016/lpc_chip_175x_6x/Debug/liblpc_chip_175x_6x.a(clock_17xx_40xx.o)
 .group         0x0000000000000000        0x8 /Users/manu/LPCXpresso/tp_2016/lpc_chip_175x_6x/Debug/liblpc_chip_175x_6x.a(clock_17xx_40xx.o)
 .group         0x0000000000000000        0x8 /Users/manu/LPCXpresso/tp_2016/lpc_chip_175x_6x/Debug/liblpc_chip_175x_6x.a(clock_17xx_40xx.o)
 .group         0x0000000000000000        0x8 /Users/manu/LPCXpresso/tp_2016/lpc_chip_175x_6x/Debug/liblpc_chip_175x_6x.a(clock_17xx_40xx.o)
 .text          0x0000000000000000        0x0 /Users/manu/LPCXpresso/tp_2016/lpc_chip_175x_6x/Debug/liblpc_chip_175x_6x.a(clock_17xx_40xx.o)
 .data          0x0000000000000000        0x0 /Users/manu/LPCXpresso/tp_2016/lpc_chip_175x_6x/Debug/liblpc_chip_175x_6x.a(clock_17xx_40xx.o)
 .bss           0x0000000000000000        0x0 /Users/manu/LPCXpresso/tp_2016/lpc_chip_175x_6x/Debug/liblpc_chip_175x_6x.a(clock_17xx_40xx.o)
 .text.Chip_Clock_IsUSBPLLEnabled
                0x0000000000000000       0x28 /Users/manu/LPCXpresso/tp_2016/lpc_chip_175x_6x/Debug/liblpc_chip_175x_6x.a(clock_17xx_40xx.o)
 .text.Chip_Clock_IsUSBPLLConnected
                0x0000000000000000       0x28 /Users/manu/LPCXpresso/tp_2016/lpc_chip_175x_6x/Debug/liblpc_chip_175x_6x.a(clock_17xx_40xx.o)
 .text.Chip_Clock_GetUSBPLLInClockRate
                0x0000000000000000       0x10 /Users/manu/LPCXpresso/tp_2016/lpc_chip_175x_6x/Debug/liblpc_chip_175x_6x.a(clock_17xx_40xx.o)
 .text.Chip_Clock_EnablePeriphClock
                0x0000000000000000       0x34 /Users/manu/LPCXpresso/tp_2016/lpc_chip_175x_6x/Debug/liblpc_chip_175x_6x.a(clock_17xx_40xx.o)
 .text.Chip_Clock_DisablePeriphClock
                0x0000000000000000       0x34 /Users/manu/LPCXpresso/tp_2016/lpc_chip_175x_6x/Debug/liblpc_chip_175x_6x.a(clock_17xx_40xx.o)
 .text.Chip_Clock_IsPeripheralClockEnabled
                0x0000000000000000       0x3c /Users/manu/LPCXpresso/tp_2016/lpc_chip_175x_6x/Debug/liblpc_chip_175x_6x.a(clock_17xx_40xx.o)
 .text.Chip_Clock_SetCPUClockSource
                0x0000000000000000       0x28 /Users/manu/LPCXpresso/tp_2016/lpc_chip_175x_6x/Debug/liblpc_chip_175x_6x.a(clock_17xx_40xx.o)
 .text.Chip_Clock_SetUSBClockDiv
                0x0000000000000000       0x30 /Users/manu/LPCXpresso/tp_2016/lpc_chip_175x_6x/Debug/liblpc_chip_175x_6x.a(clock_17xx_40xx.o)
 .text.Chip_Clock_GetUSBClockDiv
                0x0000000000000000       0x20 /Users/manu/LPCXpresso/tp_2016/lpc_chip_175x_6x/Debug/liblpc_chip_175x_6x.a(clock_17xx_40xx.o)
 .text.Chip_Clock_SetPCLKDiv
                0x0000000000000000       0x64 /Users/manu/LPCXpresso/tp_2016/lpc_chip_175x_6x/Debug/liblpc_chip_175x_6x.a(clock_17xx_40xx.o)
 .text.Chip_Clock_GetPCLKDiv
                0x0000000000000000       0x90 /Users/manu/LPCXpresso/tp_2016/lpc_chip_175x_6x/Debug/liblpc_chip_175x_6x.a(clock_17xx_40xx.o)
 .text.Chip_Clock_SetCLKOUTSource
                0x0000000000000000       0x44 /Users/manu/LPCXpresso/tp_2016/lpc_chip_175x_6x/Debug/liblpc_chip_175x_6x.a(clock_17xx_40xx.o)
 .text.Chip_Clock_GetUSBPLLOutClockRate
                0x0000000000000000       0x40 /Users/manu/LPCXpresso/tp_2016/lpc_chip_175x_6x/Debug/liblpc_chip_175x_6x.a(clock_17xx_40xx.o)
 .text.Chip_Clock_GetUSBClockRate
                0x0000000000000000       0x38 /Users/manu/LPCXpresso/tp_2016/lpc_chip_175x_6x/Debug/liblpc_chip_175x_6x.a(clock_17xx_40xx.o)
 .text.Chip_Clock_GetPeripheralClockRate
                0x0000000000000000       0x28 /Users/manu/LPCXpresso/tp_2016/lpc_chip_175x_6x/Debug/liblpc_chip_175x_6x.a(clock_17xx_40xx.o)
 .debug_macro   0x0000000000000000      0x856 /Users/manu/LPCXpresso/tp_2016/lpc_chip_175x_6x/Debug/liblpc_chip_175x_6x.a(clock_17xx_40xx.o)
 .debug_macro   0x0000000000000000       0x10 /Users/manu/LPCXpresso/tp_2016/lpc_chip_175x_6x/Debug/liblpc_chip_175x_6x.a(clock_17xx_40xx.o)
 .debug_macro   0x0000000000000000      0x12d /Users/manu/LPCXpresso/tp_2016/lpc_chip_175x_6x/Debug/liblpc_chip_175x_6x.a(clock_17xx_40xx.o)
 .debug_macro   0x0000000000000000      0x5b2 /Users/manu/LPCXpresso/tp_2016/lpc_chip_175x_6x/Debug/liblpc_chip_175x_6x.a(clock_17xx_40xx.o)
 .debug_macro   0x0000000000000000       0x22 /Users/manu/LPCXpresso/tp_2016/lpc_chip_175x_6x/Debug/liblpc_chip_175x_6x.a(clock_17xx_40xx.o)
 .debug_macro   0x0000000000000000       0x7b /Users/manu/LPCXpresso/tp_2016/lpc_chip_175x_6x/Debug/liblpc_chip_175x_6x.a(clock_17xx_40xx.o)
 .debug_macro   0x0000000000000000       0x10 /Users/manu/LPCXpresso/tp_2016/lpc_chip_175x_6x/Debug/liblpc_chip_175x_6x.a(clock_17xx_40xx.o)
 .debug_macro   0x0000000000000000       0x2d /Users/manu/LPCXpresso/tp_2016/lpc_chip_175x_6x/Debug/liblpc_chip_175x_6x.a(clock_17xx_40xx.o)
 .debug_macro   0x0000000000000000       0x3a /Users/manu/LPCXpresso/tp_2016/lpc_chip_175x_6x/Debug/liblpc_chip_175x_6x.a(clock_17xx_40xx.o)
 .debug_macro   0x0000000000000000       0x2d /Users/manu/LPCXpresso/tp_2016/lpc_chip_175x_6x/Debug/liblpc_chip_175x_6x.a(clock_17xx_40xx.o)
 .debug_macro   0x0000000000000000      0xbb1 /Users/manu/LPCXpresso/tp_2016/lpc_chip_175x_6x/Debug/liblpc_chip_175x_6x.a(clock_17xx_40xx.o)
 .debug_macro   0x0000000000000000      0x22c /Users/manu/LPCXpresso/tp_2016/lpc_chip_175x_6x/Debug/liblpc_chip_175x_6x.a(clock_17xx_40xx.o)
 .debug_macro   0x0000000000000000       0x42 /Users/manu/LPCXpresso/tp_2016/lpc_chip_175x_6x/Debug/liblpc_chip_175x_6x.a(clock_17xx_40xx.o)
 .debug_macro   0x0000000000000000       0x52 /Users/manu/LPCXpresso/tp_2016/lpc_chip_175x_6x/Debug/liblpc_chip_175x_6x.a(clock_17xx_40xx.o)
 .debug_macro   0x0000000000000000       0x78 /Users/manu/LPCXpresso/tp_2016/lpc_chip_175x_6x/Debug/liblpc_chip_175x_6x.a(clock_17xx_40xx.o)
 .debug_macro   0x0000000000000000       0x82 /Users/manu/LPCXpresso/tp_2016/lpc_chip_175x_6x/Debug/liblpc_chip_175x_6x.a(clock_17xx_40xx.o)
 .debug_macro   0x0000000000000000      0x48c /Users/manu/LPCXpresso/tp_2016/lpc_chip_175x_6x/Debug/liblpc_chip_175x_6x.a(clock_17xx_40xx.o)
 .debug_macro   0x0000000000000000       0x34 /Users/manu/LPCXpresso/tp_2016/lpc_chip_175x_6x/Debug/liblpc_chip_175x_6x.a(clock_17xx_40xx.o)
 .debug_macro   0x0000000000000000      0x4c5 /Users/manu/LPCXpresso/tp_2016/lpc_chip_175x_6x/Debug/liblpc_chip_175x_6x.a(clock_17xx_40xx.o)
 .debug_macro   0x0000000000000000      0x1b7 /Users/manu/LPCXpresso/tp_2016/lpc_chip_175x_6x/Debug/liblpc_chip_175x_6x.a(clock_17xx_40xx.o)
 .debug_macro   0x0000000000000000       0x10 /Users/manu/LPCXpresso/tp_2016/lpc_chip_175x_6x/Debug/liblpc_chip_175x_6x.a(clock_17xx_40xx.o)
 .debug_macro   0x0000000000000000      0x21b /Users/manu/LPCXpresso/tp_2016/lpc_chip_175x_6x/Debug/liblpc_chip_175x_6x.a(clock_17xx_40xx.o)
 .debug_macro   0x0000000000000000      0x1b9 /Users/manu/LPCXpresso/tp_2016/lpc_chip_175x_6x/Debug/liblpc_chip_175x_6x.a(clock_17xx_40xx.o)
 .debug_macro   0x0000000000000000       0x40 /Users/manu/LPCXpresso/tp_2016/lpc_chip_175x_6x/Debug/liblpc_chip_175x_6x.a(clock_17xx_40xx.o)
 .debug_macro   0x0000000000000000       0x22 /Users/manu/LPCXpresso/tp_2016/lpc_chip_175x_6x/Debug/liblpc_chip_175x_6x.a(clock_17xx_40xx.o)
 .debug_macro   0x0000000000000000      0x162 /Users/manu/LPCXpresso/tp_2016/lpc_chip_175x_6x/Debug/liblpc_chip_175x_6x.a(clock_17xx_40xx.o)
 .debug_macro   0x0000000000000000       0x94 /Users/manu/LPCXpresso/tp_2016/lpc_chip_175x_6x/Debug/liblpc_chip_175x_6x.a(clock_17xx_40xx.o)
 .debug_macro   0x0000000000000000       0xb8 /Users/manu/LPCXpresso/tp_2016/lpc_chip_175x_6x/Debug/liblpc_chip_175x_6x.a(clock_17xx_40xx.o)
 .debug_macro   0x0000000000000000       0x4c /Users/manu/LPCXpresso/tp_2016/lpc_chip_175x_6x/Debug/liblpc_chip_175x_6x.a(clock_17xx_40xx.o)
 .debug_macro   0x0000000000000000       0x16 /Users/manu/LPCXpresso/tp_2016/lpc_chip_175x_6x/Debug/liblpc_chip_175x_6x.a(clock_17xx_40xx.o)
 .debug_macro   0x0000000000000000      0x328 /Users/manu/LPCXpresso/tp_2016/lpc_chip_175x_6x/Debug/liblpc_chip_175x_6x.a(clock_17xx_40xx.o)
 .debug_macro   0x0000000000000000       0x49 /Users/manu/LPCXpresso/tp_2016/lpc_chip_175x_6x/Debug/liblpc_chip_175x_6x.a(clock_17xx_40xx.o)
 .debug_macro   0x0000000000000000       0x16 /Users/manu/LPCXpresso/tp_2016/lpc_chip_175x_6x/Debug/liblpc_chip_175x_6x.a(clock_17xx_40xx.o)
 .debug_macro   0x0000000000000000       0xca /Users/manu/LPCXpresso/tp_2016/lpc_chip_175x_6x/Debug/liblpc_chip_175x_6x.a(clock_17xx_40xx.o)
 .debug_macro   0x0000000000000000       0x18 /Users/manu/LPCXpresso/tp_2016/lpc_chip_175x_6x/Debug/liblpc_chip_175x_6x.a(clock_17xx_40xx.o)
 .group         0x0000000000000000        0x8 /Users/manu/LPCXpresso/tp_2016/lpc_chip_175x_6x/Debug/liblpc_chip_175x_6x.a(sysinit_17xx_40xx.o)
 .group         0x0000000000000000        0x8 /Users/manu/LPCXpresso/tp_2016/lpc_chip_175x_6x/Debug/liblpc_chip_175x_6x.a(sysinit_17xx_40xx.o)
 .group         0x0000000000000000        0x8 /Users/manu/LPCXpresso/tp_2016/lpc_chip_175x_6x/Debug/liblpc_chip_175x_6x.a(sysinit_17xx_40xx.o)
 .group         0x0000000000000000        0x8 /Users/manu/LPCXpresso/tp_2016/lpc_chip_175x_6x/Debug/liblpc_chip_175x_6x.a(sysinit_17xx_40xx.o)
 .group         0x0000000000000000        0x8 /Users/manu/LPCXpresso/tp_2016/lpc_chip_175x_6x/Debug/liblpc_chip_175x_6x.a(sysinit_17xx_40xx.o)
 .group         0x0000000000000000        0x8 /Users/manu/LPCXpresso/tp_2016/lpc_chip_175x_6x/Debug/liblpc_chip_175x_6x.a(sysinit_17xx_40xx.o)
 .group         0x0000000000000000        0x8 /Users/manu/LPCXpresso/tp_2016/lpc_chip_175x_6x/Debug/liblpc_chip_175x_6x.a(sysinit_17xx_40xx.o)
 .group         0x0000000000000000        0x8 /Users/manu/LPCXpresso/tp_2016/lpc_chip_175x_6x/Debug/liblpc_chip_175x_6x.a(sysinit_17xx_40xx.o)
 .group         0x0000000000000000        0x8 /Users/manu/LPCXpresso/tp_2016/lpc_chip_175x_6x/Debug/liblpc_chip_175x_6x.a(sysinit_17xx_40xx.o)
 .group         0x0000000000000000        0x8 /Users/manu/LPCXpresso/tp_2016/lpc_chip_175x_6x/Debug/liblpc_chip_175x_6x.a(sysinit_17xx_40xx.o)
 .group         0x0000000000000000        0x8 /Users/manu/LPCXpresso/tp_2016/lpc_chip_175x_6x/Debug/liblpc_chip_175x_6x.a(sysinit_17xx_40xx.o)
 .group         0x0000000000000000        0x8 /Users/manu/LPCXpresso/tp_2016/lpc_chip_175x_6x/Debug/liblpc_chip_175x_6x.a(sysinit_17xx_40xx.o)
 .group         0x0000000000000000        0x8 /Users/manu/LPCXpresso/tp_2016/lpc_chip_175x_6x/Debug/liblpc_chip_175x_6x.a(sysinit_17xx_40xx.o)
 .group         0x0000000000000000        0x8 /Users/manu/LPCXpresso/tp_2016/lpc_chip_175x_6x/Debug/liblpc_chip_175x_6x.a(sysinit_17xx_40xx.o)
 .group         0x0000000000000000        0x8 /Users/manu/LPCXpresso/tp_2016/lpc_chip_175x_6x/Debug/liblpc_chip_175x_6x.a(sysinit_17xx_40xx.o)
 .group         0x0000000000000000        0x8 /Users/manu/LPCXpresso/tp_2016/lpc_chip_175x_6x/Debug/liblpc_chip_175x_6x.a(sysinit_17xx_40xx.o)
 .group         0x0000000000000000        0x8 /Users/manu/LPCXpresso/tp_2016/lpc_chip_175x_6x/Debug/liblpc_chip_175x_6x.a(sysinit_17xx_40xx.o)
 .group         0x0000000000000000        0x8 /Users/manu/LPCXpresso/tp_2016/lpc_chip_175x_6x/Debug/liblpc_chip_175x_6x.a(sysinit_17xx_40xx.o)
 .group         0x0000000000000000        0x8 /Users/manu/LPCXpresso/tp_2016/lpc_chip_175x_6x/Debug/liblpc_chip_175x_6x.a(sysinit_17xx_40xx.o)
 .group         0x0000000000000000        0x8 /Users/manu/LPCXpresso/tp_2016/lpc_chip_175x_6x/Debug/liblpc_chip_175x_6x.a(sysinit_17xx_40xx.o)
 .group         0x0000000000000000        0x8 /Users/manu/LPCXpresso/tp_2016/lpc_chip_175x_6x/Debug/liblpc_chip_175x_6x.a(sysinit_17xx_40xx.o)
 .group         0x0000000000000000        0x8 /Users/manu/LPCXpresso/tp_2016/lpc_chip_175x_6x/Debug/liblpc_chip_175x_6x.a(sysinit_17xx_40xx.o)
 .group         0x0000000000000000        0x8 /Users/manu/LPCXpresso/tp_2016/lpc_chip_175x_6x/Debug/liblpc_chip_175x_6x.a(sysinit_17xx_40xx.o)
 .group         0x0000000000000000        0x8 /Users/manu/LPCXpresso/tp_2016/lpc_chip_175x_6x/Debug/liblpc_chip_175x_6x.a(sysinit_17xx_40xx.o)
 .group         0x0000000000000000        0x8 /Users/manu/LPCXpresso/tp_2016/lpc_chip_175x_6x/Debug/liblpc_chip_175x_6x.a(sysinit_17xx_40xx.o)
 .group         0x0000000000000000        0x8 /Users/manu/LPCXpresso/tp_2016/lpc_chip_175x_6x/Debug/liblpc_chip_175x_6x.a(sysinit_17xx_40xx.o)
 .group         0x0000000000000000        0x8 /Users/manu/LPCXpresso/tp_2016/lpc_chip_175x_6x/Debug/liblpc_chip_175x_6x.a(sysinit_17xx_40xx.o)
 .group         0x0000000000000000        0x8 /Users/manu/LPCXpresso/tp_2016/lpc_chip_175x_6x/Debug/liblpc_chip_175x_6x.a(sysinit_17xx_40xx.o)
 .group         0x0000000000000000        0x8 /Users/manu/LPCXpresso/tp_2016/lpc_chip_175x_6x/Debug/liblpc_chip_175x_6x.a(sysinit_17xx_40xx.o)
 .group         0x0000000000000000        0x8 /Users/manu/LPCXpresso/tp_2016/lpc_chip_175x_6x/Debug/liblpc_chip_175x_6x.a(sysinit_17xx_40xx.o)
 .group         0x0000000000000000        0x8 /Users/manu/LPCXpresso/tp_2016/lpc_chip_175x_6x/Debug/liblpc_chip_175x_6x.a(sysinit_17xx_40xx.o)
 .group         0x0000000000000000        0x8 /Users/manu/LPCXpresso/tp_2016/lpc_chip_175x_6x/Debug/liblpc_chip_175x_6x.a(sysinit_17xx_40xx.o)
 .group         0x0000000000000000        0x8 /Users/manu/LPCXpresso/tp_2016/lpc_chip_175x_6x/Debug/liblpc_chip_175x_6x.a(sysinit_17xx_40xx.o)
 .group         0x0000000000000000        0x8 /Users/manu/LPCXpresso/tp_2016/lpc_chip_175x_6x/Debug/liblpc_chip_175x_6x.a(sysinit_17xx_40xx.o)
 .group         0x0000000000000000        0x8 /Users/manu/LPCXpresso/tp_2016/lpc_chip_175x_6x/Debug/liblpc_chip_175x_6x.a(sysinit_17xx_40xx.o)
 .text          0x0000000000000000        0x0 /Users/manu/LPCXpresso/tp_2016/lpc_chip_175x_6x/Debug/liblpc_chip_175x_6x.a(sysinit_17xx_40xx.o)
 .data          0x0000000000000000        0x0 /Users/manu/LPCXpresso/tp_2016/lpc_chip_175x_6x/Debug/liblpc_chip_175x_6x.a(sysinit_17xx_40xx.o)
 .bss           0x0000000000000000        0x0 /Users/manu/LPCXpresso/tp_2016/lpc_chip_175x_6x/Debug/liblpc_chip_175x_6x.a(sysinit_17xx_40xx.o)
 .text.Chip_Clock_EnableCrystal
                0x0000000000000000       0x20 /Users/manu/LPCXpresso/tp_2016/lpc_chip_175x_6x/Debug/liblpc_chip_175x_6x.a(sysinit_17xx_40xx.o)
 .text.Chip_Clock_IsCrystalEnabled
                0x0000000000000000       0x28 /Users/manu/LPCXpresso/tp_2016/lpc_chip_175x_6x/Debug/liblpc_chip_175x_6x.a(sysinit_17xx_40xx.o)
 .text.Chip_SetupXtalClocking
                0x0000000000000000       0x90 /Users/manu/LPCXpresso/tp_2016/lpc_chip_175x_6x/Debug/liblpc_chip_175x_6x.a(sysinit_17xx_40xx.o)
 .debug_macro   0x0000000000000000      0x856 /Users/manu/LPCXpresso/tp_2016/lpc_chip_175x_6x/Debug/liblpc_chip_175x_6x.a(sysinit_17xx_40xx.o)
 .debug_macro   0x0000000000000000       0x10 /Users/manu/LPCXpresso/tp_2016/lpc_chip_175x_6x/Debug/liblpc_chip_175x_6x.a(sysinit_17xx_40xx.o)
 .debug_macro   0x0000000000000000      0x12d /Users/manu/LPCXpresso/tp_2016/lpc_chip_175x_6x/Debug/liblpc_chip_175x_6x.a(sysinit_17xx_40xx.o)
 .debug_macro   0x0000000000000000      0x5b2 /Users/manu/LPCXpresso/tp_2016/lpc_chip_175x_6x/Debug/liblpc_chip_175x_6x.a(sysinit_17xx_40xx.o)
 .debug_macro   0x0000000000000000       0x22 /Users/manu/LPCXpresso/tp_2016/lpc_chip_175x_6x/Debug/liblpc_chip_175x_6x.a(sysinit_17xx_40xx.o)
 .debug_macro   0x0000000000000000       0x7b /Users/manu/LPCXpresso/tp_2016/lpc_chip_175x_6x/Debug/liblpc_chip_175x_6x.a(sysinit_17xx_40xx.o)
 .debug_macro   0x0000000000000000       0x10 /Users/manu/LPCXpresso/tp_2016/lpc_chip_175x_6x/Debug/liblpc_chip_175x_6x.a(sysinit_17xx_40xx.o)
 .debug_macro   0x0000000000000000       0x2d /Users/manu/LPCXpresso/tp_2016/lpc_chip_175x_6x/Debug/liblpc_chip_175x_6x.a(sysinit_17xx_40xx.o)
 .debug_macro   0x0000000000000000       0x3a /Users/manu/LPCXpresso/tp_2016/lpc_chip_175x_6x/Debug/liblpc_chip_175x_6x.a(sysinit_17xx_40xx.o)
 .debug_macro   0x0000000000000000       0x2d /Users/manu/LPCXpresso/tp_2016/lpc_chip_175x_6x/Debug/liblpc_chip_175x_6x.a(sysinit_17xx_40xx.o)
 .debug_macro   0x0000000000000000      0xbb1 /Users/manu/LPCXpresso/tp_2016/lpc_chip_175x_6x/Debug/liblpc_chip_175x_6x.a(sysinit_17xx_40xx.o)
 .debug_macro   0x0000000000000000      0x22c /Users/manu/LPCXpresso/tp_2016/lpc_chip_175x_6x/Debug/liblpc_chip_175x_6x.a(sysinit_17xx_40xx.o)
 .debug_macro   0x0000000000000000       0x42 /Users/manu/LPCXpresso/tp_2016/lpc_chip_175x_6x/Debug/liblpc_chip_175x_6x.a(sysinit_17xx_40xx.o)
 .debug_macro   0x0000000000000000       0x52 /Users/manu/LPCXpresso/tp_2016/lpc_chip_175x_6x/Debug/liblpc_chip_175x_6x.a(sysinit_17xx_40xx.o)
 .debug_macro   0x0000000000000000       0x78 /Users/manu/LPCXpresso/tp_2016/lpc_chip_175x_6x/Debug/liblpc_chip_175x_6x.a(sysinit_17xx_40xx.o)
 .debug_macro   0x0000000000000000       0x82 /Users/manu/LPCXpresso/tp_2016/lpc_chip_175x_6x/Debug/liblpc_chip_175x_6x.a(sysinit_17xx_40xx.o)
 .debug_macro   0x0000000000000000      0x48c /Users/manu/LPCXpresso/tp_2016/lpc_chip_175x_6x/Debug/liblpc_chip_175x_6x.a(sysinit_17xx_40xx.o)
 .debug_macro   0x0000000000000000       0x34 /Users/manu/LPCXpresso/tp_2016/lpc_chip_175x_6x/Debug/liblpc_chip_175x_6x.a(sysinit_17xx_40xx.o)
 .debug_macro   0x0000000000000000      0x4c5 /Users/manu/LPCXpresso/tp_2016/lpc_chip_175x_6x/Debug/liblpc_chip_175x_6x.a(sysinit_17xx_40xx.o)
 .debug_macro   0x0000000000000000      0x1b7 /Users/manu/LPCXpresso/tp_2016/lpc_chip_175x_6x/Debug/liblpc_chip_175x_6x.a(sysinit_17xx_40xx.o)
 .debug_macro   0x0000000000000000       0x10 /Users/manu/LPCXpresso/tp_2016/lpc_chip_175x_6x/Debug/liblpc_chip_175x_6x.a(sysinit_17xx_40xx.o)
 .debug_macro   0x0000000000000000      0x21b /Users/manu/LPCXpresso/tp_2016/lpc_chip_175x_6x/Debug/liblpc_chip_175x_6x.a(sysinit_17xx_40xx.o)
 .debug_macro   0x0000000000000000      0x1b9 /Users/manu/LPCXpresso/tp_2016/lpc_chip_175x_6x/Debug/liblpc_chip_175x_6x.a(sysinit_17xx_40xx.o)
 .debug_macro   0x0000000000000000       0x40 /Users/manu/LPCXpresso/tp_2016/lpc_chip_175x_6x/Debug/liblpc_chip_175x_6x.a(sysinit_17xx_40xx.o)
 .debug_macro   0x0000000000000000       0x22 /Users/manu/LPCXpresso/tp_2016/lpc_chip_175x_6x/Debug/liblpc_chip_175x_6x.a(sysinit_17xx_40xx.o)
 .debug_macro   0x0000000000000000      0x162 /Users/manu/LPCXpresso/tp_2016/lpc_chip_175x_6x/Debug/liblpc_chip_175x_6x.a(sysinit_17xx_40xx.o)
 .debug_macro   0x0000000000000000       0x94 /Users/manu/LPCXpresso/tp_2016/lpc_chip_175x_6x/Debug/liblpc_chip_175x_6x.a(sysinit_17xx_40xx.o)
 .debug_macro   0x0000000000000000       0xb8 /Users/manu/LPCXpresso/tp_2016/lpc_chip_175x_6x/Debug/liblpc_chip_175x_6x.a(sysinit_17xx_40xx.o)
 .debug_macro   0x0000000000000000       0x4c /Users/manu/LPCXpresso/tp_2016/lpc_chip_175x_6x/Debug/liblpc_chip_175x_6x.a(sysinit_17xx_40xx.o)
 .debug_macro   0x0000000000000000       0x16 /Users/manu/LPCXpresso/tp_2016/lpc_chip_175x_6x/Debug/liblpc_chip_175x_6x.a(sysinit_17xx_40xx.o)
 .debug_macro   0x0000000000000000      0x328 /Users/manu/LPCXpresso/tp_2016/lpc_chip_175x_6x/Debug/liblpc_chip_175x_6x.a(sysinit_17xx_40xx.o)
 .debug_macro   0x0000000000000000       0x49 /Users/manu/LPCXpresso/tp_2016/lpc_chip_175x_6x/Debug/liblpc_chip_175x_6x.a(sysinit_17xx_40xx.o)
 .debug_macro   0x0000000000000000       0x16 /Users/manu/LPCXpresso/tp_2016/lpc_chip_175x_6x/Debug/liblpc_chip_175x_6x.a(sysinit_17xx_40xx.o)
 .debug_macro   0x0000000000000000       0xca /Users/manu/LPCXpresso/tp_2016/lpc_chip_175x_6x/Debug/liblpc_chip_175x_6x.a(sysinit_17xx_40xx.o)
 .debug_macro   0x0000000000000000       0x18 /Users/manu/LPCXpresso/tp_2016/lpc_chip_175x_6x/Debug/liblpc_chip_175x_6x.a(sysinit_17xx_40xx.o)
 .text          0x0000000000000000        0x0 /Applications/lpcxpresso_7.8.0_426/lpcxpresso/tools/bin/../lib/gcc/arm-none-eabi/4.9.3/../../../../arm-none-eabi/lib/armv7-m/libcr_c.a(__weak__main.o)
 .data          0x0000000000000000        0x0 /Applications/lpcxpresso_7.8.0_426/lpcxpresso/tools/bin/../lib/gcc/arm-none-eabi/4.9.3/../../../../arm-none-eabi/lib/armv7-m/libcr_c.a(__weak__main.o)
 .bss           0x0000000000000000        0x0 /Applications/lpcxpresso_7.8.0_426/lpcxpresso/tools/bin/../lib/gcc/arm-none-eabi/4.9.3/../../../../arm-none-eabi/lib/armv7-m/libcr_c.a(__weak__main.o)

Memory Configuration

Name             Origin             Length             Attributes
MFlash512        0x0000000000000000 0x0000000000080000 xr
RamLoc32         0x0000000010000000 0x0000000000008000 xrw
RamAHB32         0x000000002007c000 0x0000000000008000 xrw
*default*        0x0000000000000000 0xffffffffffffffff

Linker script and memory map

LOAD ./src/cr_startup_lpc175x_6x.o
LOAD ./src/crp.o
LOAD ./src/main.o
LOAD ./src/sysinit.o
LOAD /Users/manu/LPCXpresso/tp_2016/lpc_chip_175x_6x/Debug/liblpc_chip_175x_6x.a
START GROUP
LOAD /Applications/lpcxpresso_7.8.0_426/lpcxpresso/tools/bin/../lib/gcc/arm-none-eabi/4.9.3/../../../../arm-none-eabi/lib/armv7-m/libcr_c.a
LOAD /Applications/lpcxpresso_7.8.0_426/lpcxpresso/tools/bin/../lib/gcc/arm-none-eabi/4.9.3/armv7-m/libcr_eabihelpers.a
END GROUP
                0x0000000000080000                __top_MFlash512 = 0x80000
                0x0000000010008000                __top_RamLoc32 = 0x10008000
                0x0000000020084000                __top_RamAHB32 = 0x20084000

.text           0x0000000000000000      0x8cc
 FILL mask 0xff
                0x0000000000000000                __vectors_start__ = ABSOLUTE (.)
 *(.isr_vector)
 .isr_vector    0x0000000000000000       0xcc ./src/cr_startup_lpc175x_6x.o
                0x0000000000000000                g_pfnVectors
                0x00000000000000cc                . = ALIGN (0x4)
                0x00000000000000cc                __section_table_start = .
                0x00000000000000cc                __data_section_table = .
                0x00000000000000cc        0x4 LONG 0x8cc LOADADDR (.data)
                0x00000000000000d0        0x4 LONG 0x10000000 ADDR (.data)
                0x00000000000000d4        0x4 LONG 0x0 SIZEOF (.data)
                0x00000000000000d8        0x4 LONG 0x8cc LOADADDR (.data_RAM2)
                0x00000000000000dc        0x4 LONG 0x2007c000 ADDR (.data_RAM2)
                0x00000000000000e0        0x4 LONG 0x0 SIZEOF (.data_RAM2)
                0x00000000000000e4                __data_section_table_end = .
                0x00000000000000e4                __bss_section_table = .
                0x00000000000000e4        0x4 LONG 0x10000000 ADDR (.bss)
                0x00000000000000e8        0x4 LONG 0x8 SIZEOF (.bss)
                0x00000000000000ec        0x4 LONG 0x2007c000 ADDR (.bss_RAM2)
                0x00000000000000f0        0x4 LONG 0x0 SIZEOF (.bss_RAM2)
                0x00000000000000f4                __bss_section_table_end = .
                0x00000000000000f4                __section_table_end = .
 *(.after_vectors*)
 .after_vectors
                0x00000000000000f4      0x144 ./src/cr_startup_lpc175x_6x.o
                0x00000000000000f4                data_init
                0x0000000000000138                bss_init
                0x0000000000000170                ResetISR
                0x00000000000001e8                NMI_Handler
                0x00000000000001f0                HardFault_Handler
                0x00000000000001f8                MemManage_Handler
                0x0000000000000200                BusFault_Handler
                0x0000000000000208                UsageFault_Handler
                0x0000000000000210                SVC_Handler
                0x0000000000000218                DebugMon_Handler
                0x0000000000000220                PendSV_Handler
                0x0000000000000230                UART0_IRQHandler
                0x0000000000000230                IntDefaultHandler
                0x0000000000000230                PLL0_IRQHandler
                0x0000000000000230                CAN_IRQHandler
                0x0000000000000230                PLL1_IRQHandler
                0x0000000000000230                SSP0_IRQHandler
                0x0000000000000230                I2S_IRQHandler
                0x0000000000000230                I2C2_IRQHandler
                0x0000000000000230                RTC_IRQHandler
                0x0000000000000230                TIMER0_IRQHandler
                0x0000000000000230                SPI_IRQHandler
                0x0000000000000230                EINT1_IRQHandler
                0x0000000000000230                TIMER1_IRQHandler
                0x0000000000000230                UART2_IRQHandler
                0x0000000000000230                ADC_IRQHandler
                0x0000000000000230                SSP1_IRQHandler
                0x0000000000000230                USB_IRQHandler
                0x0000000000000230                BOD_IRQHandler
                0x0000000000000230                WDT_IRQHandler
                0x0000000000000230                QEI_IRQHandler
                0x0000000000000230                EINT0_IRQHandler
                0x0000000000000230                ETH_IRQHandler
                0x0000000000000230                DMA_IRQHandler
                0x0000000000000230                UART3_IRQHandler
                0x0000000000000230                TIMER2_IRQHandler
                0x0000000000000230                MCPWM_IRQHandler
                0x0000000000000230                RIT_IRQHandler
                0x0000000000000230                I2C0_IRQHandler
                0x0000000000000230                USBActivity_IRQHandler
                0x0000000000000230                PWM1_IRQHandler
                0x0000000000000230                I2C1_IRQHandler
                0x0000000000000230                EINT2_IRQHandler
                0x0000000000000230                UART1_IRQHandler
                0x0000000000000230                EINT3_IRQHandler
                0x0000000000000230                CANActivity_IRQHandler
                0x0000000000000230                TIMER3_IRQHandler
 *(.text*)
 .text.NVIC_SetPriority
                0x0000000000000238       0x54 ./src/main.o
 .text.SysTick_Config
                0x000000000000028c       0x44 ./src/main.o
 .text.Chip_GPIO_SetPinState
                0x00000000000002d0       0x5c ./src/main.o
 .text.Chip_GPIO_GetPinState
                0x000000000000032c       0x3c ./src/main.o
 .text.Chip_GPIO_SetPinDIROutput
                0x0000000000000368       0x38 ./src/main.o
 .text.Chip_GPIO_SetPinToggle
                0x00000000000003a0       0x4c ./src/main.o
 .text.SysTick_Handler
                0x00000000000003ec       0x18 ./src/main.o
                0x00000000000003ec                SysTick_Handler
 .text.toggleLed
                0x0000000000000404       0x14 ./src/main.o
                0x0000000000000404                toggleLed
 .text.main     0x0000000000000418       0x64 ./src/main.o
                0x0000000000000418                main
 .text.SystemInit
                0x000000000000047c       0x24 ./src/sysinit.o
                0x000000000000047c                SystemInit
 .text.SystemCoreClockUpdate
                0x00000000000004a0       0x14 /Users/manu/LPCXpresso/tp_2016/lpc_chip_175x_6x/Debug/liblpc_chip_175x_6x.a(chip_17xx_40xx.o)
                0x00000000000004a0                SystemCoreClockUpdate
 .text.Chip_Clock_IsMainPLLEnabled
                0x00000000000004b4       0x28 /Users/manu/LPCXpresso/tp_2016/lpc_chip_175x_6x/Debug/liblpc_chip_175x_6x.a(clock_17xx_40xx.o)
 .text.Chip_Clock_IsMainPLLConnected
                0x00000000000004dc       0x28 /Users/manu/LPCXpresso/tp_2016/lpc_chip_175x_6x/Debug/liblpc_chip_175x_6x.a(clock_17xx_40xx.o)
 .text.Chip_Clock_FeedPLL
                0x0000000000000504       0x34 /Users/manu/LPCXpresso/tp_2016/lpc_chip_175x_6x/Debug/liblpc_chip_175x_6x.a(clock_17xx_40xx.o)
 .text.Chip_Clock_GetMainPLLSource
                0x0000000000000538       0x20 /Users/manu/LPCXpresso/tp_2016/lpc_chip_175x_6x/Debug/liblpc_chip_175x_6x.a(clock_17xx_40xx.o)
 .text.Chip_Clock_GetMainOscRate
                0x0000000000000558       0x18 /Users/manu/LPCXpresso/tp_2016/lpc_chip_175x_6x/Debug/liblpc_chip_175x_6x.a(clock_17xx_40xx.o)
 .text.Chip_Clock_GetIntOscRate
                0x0000000000000570       0x14 /Users/manu/LPCXpresso/tp_2016/lpc_chip_175x_6x/Debug/liblpc_chip_175x_6x.a(clock_17xx_40xx.o)
 .text.Chip_Clock_GetRTCOscRate
                0x0000000000000584       0x18 /Users/manu/LPCXpresso/tp_2016/lpc_chip_175x_6x/Debug/liblpc_chip_175x_6x.a(clock_17xx_40xx.o)
 .text.Chip_Clock_GetMainPLLInClockRate
                0x000000000000059c       0x10 /Users/manu/LPCXpresso/tp_2016/lpc_chip_175x_6x/Debug/liblpc_chip_175x_6x.a(clock_17xx_40xx.o)
 .text.Chip_Clock_EnablePLL
                0x00000000000005ac       0x44 /Users/manu/LPCXpresso/tp_2016/lpc_chip_175x_6x/Debug/liblpc_chip_175x_6x.a(clock_17xx_40xx.o)
                0x00000000000005ac                Chip_Clock_EnablePLL
 .text.Chip_Clock_DisablePLL
                0x00000000000005f0       0x44 /Users/manu/LPCXpresso/tp_2016/lpc_chip_175x_6x/Debug/liblpc_chip_175x_6x.a(clock_17xx_40xx.o)
                0x00000000000005f0                Chip_Clock_DisablePLL
 .text.Chip_Clock_SetupPLL
                0x0000000000000634       0x58 /Users/manu/LPCXpresso/tp_2016/lpc_chip_175x_6x/Debug/liblpc_chip_175x_6x.a(clock_17xx_40xx.o)
                0x0000000000000634                Chip_Clock_SetupPLL
 .text.Chip_Clock_GetCPUClockSource
                0x000000000000068c       0x24 /Users/manu/LPCXpresso/tp_2016/lpc_chip_175x_6x/Debug/liblpc_chip_175x_6x.a(clock_17xx_40xx.o)
                0x000000000000068c                Chip_Clock_GetCPUClockSource
 .text.Chip_Clock_SetCPUClockDiv
                0x00000000000006b0       0x20 /Users/manu/LPCXpresso/tp_2016/lpc_chip_175x_6x/Debug/liblpc_chip_175x_6x.a(clock_17xx_40xx.o)
                0x00000000000006b0                Chip_Clock_SetCPUClockDiv
 .text.Chip_Clock_GetCPUClockDiv
                0x00000000000006d0       0x1c /Users/manu/LPCXpresso/tp_2016/lpc_chip_175x_6x/Debug/liblpc_chip_175x_6x.a(clock_17xx_40xx.o)
                0x00000000000006d0                Chip_Clock_GetCPUClockDiv
 .text.Chip_Clock_GetSYSCLKRate
                0x00000000000006ec       0x34 /Users/manu/LPCXpresso/tp_2016/lpc_chip_175x_6x/Debug/liblpc_chip_175x_6x.a(clock_17xx_40xx.o)
                0x00000000000006ec                Chip_Clock_GetSYSCLKRate
 .text.Chip_Clock_GetMainPLLOutClockRate
                0x0000000000000720       0x54 /Users/manu/LPCXpresso/tp_2016/lpc_chip_175x_6x/Debug/liblpc_chip_175x_6x.a(clock_17xx_40xx.o)
                0x0000000000000720                Chip_Clock_GetMainPLLOutClockRate
 .text.Chip_Clock_GetMainClockRate
                0x0000000000000774       0x28 /Users/manu/LPCXpresso/tp_2016/lpc_chip_175x_6x/Debug/liblpc_chip_175x_6x.a(clock_17xx_40xx.o)
                0x0000000000000774                Chip_Clock_GetMainClockRate
 .text.Chip_Clock_GetSystemClockRate
                0x000000000000079c       0x18 /Users/manu/LPCXpresso/tp_2016/lpc_chip_175x_6x/Debug/liblpc_chip_175x_6x.a(clock_17xx_40xx.o)
                0x000000000000079c                Chip_Clock_GetSystemClockRate
 .text.Chip_Clock_IsMainPLLEnabled
                0x00000000000007b4       0x28 /Users/manu/LPCXpresso/tp_2016/lpc_chip_175x_6x/Debug/liblpc_chip_175x_6x.a(sysinit_17xx_40xx.o)
 .text.Chip_Clock_IsMainPLLLocked
                0x00000000000007dc       0x28 /Users/manu/LPCXpresso/tp_2016/lpc_chip_175x_6x/Debug/liblpc_chip_175x_6x.a(sysinit_17xx_40xx.o)
 .text.Chip_Clock_IsMainPLLConnected
                0x0000000000000804       0x28 /Users/manu/LPCXpresso/tp_2016/lpc_chip_175x_6x/Debug/liblpc_chip_175x_6x.a(sysinit_17xx_40xx.o)
 .text.Chip_Clock_SetMainPLLSource
                0x000000000000082c       0x20 /Users/manu/LPCXpresso/tp_2016/lpc_chip_175x_6x/Debug/liblpc_chip_175x_6x.a(sysinit_17xx_40xx.o)
 .text.Chip_SetupIrcClocking
                0x000000000000084c       0x68 /Users/manu/LPCXpresso/tp_2016/lpc_chip_175x_6x/Debug/liblpc_chip_175x_6x.a(sysinit_17xx_40xx.o)
                0x000000000000084c                Chip_SetupIrcClocking
 .text.Chip_SystemInit
                0x00000000000008b4        0xc /Users/manu/LPCXpresso/tp_2016/lpc_chip_175x_6x/Debug/liblpc_chip_175x_6x.a(sysinit_17xx_40xx.o)
                0x00000000000008b4                Chip_SystemInit
 .text.__weak_main
                0x00000000000008c0        0x4 /Applications/lpcxpresso_7.8.0_426/lpcxpresso/tools/bin/../lib/gcc/arm-none-eabi/4.9.3/../../../../arm-none-eabi/lib/armv7-m/libcr_c.a(__weak__main.o)
                0x00000000000008c0                __main
                0x00000000000008c0                __weak_main
 *(.rodata .rodata.* .constdata .constdata.*)
 .rodata.OscRateIn
                0x00000000000008c4        0x4 ./src/sysinit.o
                0x00000000000008c4                OscRateIn
 .rodata.RTCOscRateIn
                0x00000000000008c8        0x4 ./src/sysinit.o
                0x00000000000008c8                RTCOscRateIn
                0x00000000000008cc                . = ALIGN (0x4)

.glue_7         0x00000000000008cc        0x0
 .glue_7        0x0000000000000000        0x0 linker stubs

.glue_7t        0x00000000000008cc        0x0
 .glue_7t       0x0000000000000000        0x0 linker stubs

.vfp11_veneer   0x00000000000008cc        0x0
 .vfp11_veneer  0x0000000000000000        0x0 linker stubs

.v4_bx          0x00000000000008cc        0x0
 .v4_bx         0x0000000000000000        0x0 linker stubs

.iplt           0x00000000000008cc        0x0
 .iplt          0x0000000000000000        0x0 ./src/cr_startup_lpc175x_6x.o

.rel.dyn        0x00000000000008cc        0x0
 .rel.iplt      0x0000000000000000        0x0 ./src/cr_startup_lpc175x_6x.o

.ARM.extab
 *(.ARM.extab* .gnu.linkonce.armextab.*)
                0x00000000000008cc                __exidx_start = .

.ARM.exidx
 *(.ARM.exidx* .gnu.linkonce.armexidx.*)
                0x00000000000008cc                __exidx_end = .
                0x00000000000008cc                _etext = .

.data_RAM2      0x000000002007c000        0x0 load address 0x00000000000008cc
 FILL mask 0xff
                0x000000002007c000                PROVIDE (__start_data_RAM2, .)
 *(.ramfunc.$RAM2)
 *(.ramfunc.$RamAHB32)
 *(.data.$RAM2*)
 *(.data.$RamAHB32*)
                0x000000002007c000                . = ALIGN (0x4)
                0x000000002007c000                PROVIDE (__end_data_RAM2, .)

.uninit_RESERVED
                0x0000000010000000        0x0
 *(.bss.$RESERVED*)
                0x0000000010000000                . = ALIGN (0x4)
                0x0000000010000000                _end_uninit_RESERVED = .

.data           0x0000000010000000        0x0 load address 0x00000000000008cc
 FILL mask 0xff
                0x0000000010000000                _data = .
 *(vtable)
 *(.ramfunc*)
 *(.data*)
                0x0000000010000000                . = ALIGN (0x4)
                0x0000000010000000                _edata = .

.igot.plt       0x0000000010000000        0x0 load address 0x00000000000008cc
 .igot.plt      0x0000000000000000        0x0 ./src/cr_startup_lpc175x_6x.o

.bss_RAM2       0x000000002007c000        0x0
                0x000000002007c000                PROVIDE (__start_bss_RAM2, .)
 *(.bss.$RAM2*)
 *(.bss.$RamAHB32*)
                0x000000002007c000                . = ALIGN (0x4)
                0x000000002007c000                PROVIDE (__end_bss_RAM2, .)

.bss            0x0000000010000000        0x8
                0x0000000010000000                _bss = .
 *(.bss*)
 .bss.systick   0x0000000010000000        0x4 ./src/main.o
                0x0000000010000000                systick
 *(COMMON)
 COMMON         0x0000000010000004        0x4 /Users/manu/LPCXpresso/tp_2016/lpc_chip_175x_6x/Debug/liblpc_chip_175x_6x.a(chip_17xx_40xx.o)
                0x0000000010000004                SystemCoreClock
                0x0000000010000008                . = ALIGN (0x4)
                0x0000000010000008                _ebss = .
                0x0000000010000008                PROVIDE (end, .)

.noinit_RAM2    0x000000002007c000        0x0
 *(.noinit.$RAM2*)
 *(.noinit.$RamAHB32*)
                0x000000002007c000                . = ALIGN (0x4)

.noinit         0x0000000010000008        0x0
                0x0000000010000008                _noinit = .
 *(.noinit*)
                0x0000000010000008                . = ALIGN (0x4)
                0x0000000010000008                _end_noinit = .
                0x0000000010000008                PROVIDE (_pvHeapStart, DEFINED (__user_heap_base)?__user_heap_base:.)
                0x0000000010008000                PROVIDE (_vStackTop, DEFINED (__user_stack_top)?__user_stack_top:(__top_RamLoc32 - 0x0))
OUTPUT(tp1.axf elf32-littlearm)

.debug_info     0x0000000000000000     0x209b
 .debug_info    0x0000000000000000      0x24b ./src/cr_startup_lpc175x_6x.o
 .debug_info    0x000000000000024b      0x81e ./src/main.o
 .debug_info    0x0000000000000a69      0x1b1 ./src/sysinit.o
 .debug_info    0x0000000000000c1a      0x50a /Users/manu/LPCXpresso/tp_2016/lpc_chip_175x_6x/Debug/liblpc_chip_175x_6x.a(chip_17xx_40xx.o)
 .debug_info    0x0000000000001124      0xb46 /Users/manu/LPCXpresso/tp_2016/lpc_chip_175x_6x/Debug/liblpc_chip_175x_6x.a(clock_17xx_40xx.o)
 .debug_info    0x0000000000001c6a      0x431 /Users/manu/LPCXpresso/tp_2016/lpc_chip_175x_6x/Debug/liblpc_chip_175x_6x.a(sysinit_17xx_40xx.o)

.debug_abbrev   0x0000000000000000      0x9af
 .debug_abbrev  0x0000000000000000       0xf5 ./src/cr_startup_lpc175x_6x.o
 .debug_abbrev  0x00000000000000f5      0x263 ./src/main.o
 .debug_abbrev  0x0000000000000358       0xca ./src/sysinit.o
 .debug_abbrev  0x0000000000000422      0x138 /Users/manu/LPCXpresso/tp_2016/lpc_chip_175x_6x/Debug/liblpc_chip_175x_6x.a(chip_17xx_40xx.o)
 .debug_abbrev  0x000000000000055a      0x2e4 /Users/manu/LPCXpresso/tp_2016/lpc_chip_175x_6x/Debug/liblpc_chip_175x_6x.a(clock_17xx_40xx.o)
 .debug_abbrev  0x000000000000083e      0x171 /Users/manu/LPCXpresso/tp_2016/lpc_chip_175x_6x/Debug/liblpc_chip_175x_6x.a(sysinit_17xx_40xx.o)

.debug_aranges  0x0000000000000000      0x2b8
 .debug_aranges
                0x0000000000000000       0x80 ./src/cr_startup_lpc175x_6x.o
 .debug_aranges
                0x0000000000000080       0x60 ./src/main.o
 .debug_aranges
                0x00000000000000e0       0x20 ./src/sysinit.o
 .debug_aranges
                0x0000000000000100       0x38 /Users/manu/LPCXpresso/tp_2016/lpc_chip_175x_6x/Debug/liblpc_chip_175x_6x.a(chip_17xx_40xx.o)
 .debug_aranges
                0x0000000000000138      0x120 /Users/manu/LPCXpresso/tp_2016/lpc_chip_175x_6x/Debug/liblpc_chip_175x_6x.a(clock_17xx_40xx.o)
 .debug_aranges
                0x0000000000000258       0x60 /Users/manu/LPCXpresso/tp_2016/lpc_chip_175x_6x/Debug/liblpc_chip_175x_6x.a(sysinit_17xx_40xx.o)

.debug_ranges   0x0000000000000000      0x258
 .debug_ranges  0x0000000000000000       0x70 ./src/cr_startup_lpc175x_6x.o
 .debug_ranges  0x0000000000000070       0x50 ./src/main.o
 .debug_ranges  0x00000000000000c0       0x10 ./src/sysinit.o
 .debug_ranges  0x00000000000000d0       0x28 /Users/manu/LPCXpresso/tp_2016/lpc_chip_175x_6x/Debug/liblpc_chip_175x_6x.a(chip_17xx_40xx.o)
 .debug_ranges  0x00000000000000f8      0x110 /Users/manu/LPCXpresso/tp_2016/lpc_chip_175x_6x/Debug/liblpc_chip_175x_6x.a(clock_17xx_40xx.o)
 .debug_ranges  0x0000000000000208       0x50 /Users/manu/LPCXpresso/tp_2016/lpc_chip_175x_6x/Debug/liblpc_chip_175x_6x.a(sysinit_17xx_40xx.o)

.debug_macro    0x0000000000000000     0x4903
 .debug_macro   0x0000000000000000       0x1d ./src/cr_startup_lpc175x_6x.o
 .debug_macro   0x000000000000001d      0x862 ./src/cr_startup_lpc175x_6x.o
 .debug_macro   0x000000000000087f      0x1e2 ./src/main.o
 .debug_macro   0x0000000000000a61       0x10 ./src/main.o
 .debug_macro   0x0000000000000a71      0x12d ./src/main.o
 .debug_macro   0x0000000000000b9e      0x5b2 ./src/main.o
 .debug_macro   0x0000000000001150       0x22 ./src/main.o
 .debug_macro   0x0000000000001172       0x7b ./src/main.o
 .debug_macro   0x00000000000011ed       0x10 ./src/main.o
 .debug_macro   0x00000000000011fd       0x2d ./src/main.o
 .debug_macro   0x000000000000122a       0x3a ./src/main.o
 .debug_macro   0x0000000000001264       0x2d ./src/main.o
 .debug_macro   0x0000000000001291      0xbb1 ./src/main.o
 .debug_macro   0x0000000000001e42      0x22c ./src/main.o
 .debug_macro   0x000000000000206e       0x42 ./src/main.o
 .debug_macro   0x00000000000020b0       0x52 ./src/main.o
 .debug_macro   0x0000000000002102       0x78 ./src/main.o
 .debug_macro   0x000000000000217a       0x82 ./src/main.o
 .debug_macro   0x00000000000021fc      0x48c ./src/main.o
 .debug_macro   0x0000000000002688       0x34 ./src/main.o
 .debug_macro   0x00000000000026bc      0x4c5 ./src/main.o
 .debug_macro   0x0000000000002b81      0x1b7 ./src/main.o
 .debug_macro   0x0000000000002d38       0x10 ./src/main.o
 .debug_macro   0x0000000000002d48      0x21b ./src/main.o
 .debug_macro   0x0000000000002f63      0x1b9 ./src/main.o
 .debug_macro   0x000000000000311c       0x40 ./src/main.o
 .debug_macro   0x000000000000315c       0x22 ./src/main.o
 .debug_macro   0x000000000000317e      0x162 ./src/main.o
 .debug_macro   0x00000000000032e0       0x94 ./src/main.o
 .debug_macro   0x0000000000003374       0xb8 ./src/main.o
 .debug_macro   0x000000000000342c       0x4c ./src/main.o
 .debug_macro   0x0000000000003478       0x16 ./src/main.o
 .debug_macro   0x000000000000348e      0x328 ./src/main.o
 .debug_macro   0x00000000000037b6       0x49 ./src/main.o
 .debug_macro   0x00000000000037ff       0x16 ./src/main.o
 .debug_macro   0x0000000000003815       0xca ./src/main.o
 .debug_macro   0x00000000000038df       0x18 ./src/main.o
 .debug_macro   0x00000000000038f7       0x82 ./src/main.o
 .debug_macro   0x0000000000003979      0x1cd ./src/sysinit.o
 .debug_macro   0x0000000000003b46      0x1cd /Users/manu/LPCXpresso/tp_2016/lpc_chip_175x_6x/Debug/liblpc_chip_175x_6x.a(chip_17xx_40xx.o)
 .debug_macro   0x0000000000003d13      0x856 /Users/manu/LPCXpresso/tp_2016/lpc_chip_175x_6x/Debug/liblpc_chip_175x_6x.a(chip_17xx_40xx.o)
 .debug_macro   0x0000000000004569      0x1cd /Users/manu/LPCXpresso/tp_2016/lpc_chip_175x_6x/Debug/liblpc_chip_175x_6x.a(clock_17xx_40xx.o)
 .debug_macro   0x0000000000004736      0x1cd /Users/manu/LPCXpresso/tp_2016/lpc_chip_175x_6x/Debug/liblpc_chip_175x_6x.a(sysinit_17xx_40xx.o)

.debug_line     0x0000000000000000     0x19b5
 .debug_line    0x0000000000000000       0xdd ./src/cr_startup_lpc175x_6x.o
 .debug_line    0x00000000000000dd      0x508 ./src/main.o
 .debug_line    0x00000000000005e5      0x3fe ./src/sysinit.o
 .debug_line    0x00000000000009e3      0x44e /Users/manu/LPCXpresso/tp_2016/lpc_chip_175x_6x/Debug/liblpc_chip_175x_6x.a(chip_17xx_40xx.o)
 .debug_line    0x0000000000000e31      0x6c0 /Users/manu/LPCXpresso/tp_2016/lpc_chip_175x_6x/Debug/liblpc_chip_175x_6x.a(clock_17xx_40xx.o)
 .debug_line    0x00000000000014f1      0x4c4 /Users/manu/LPCXpresso/tp_2016/lpc_chip_175x_6x/Debug/liblpc_chip_175x_6x.a(sysinit_17xx_40xx.o)

.debug_str      0x0000000000000000    0x11d1d
 .debug_str     0x0000000000000000     0x25ab ./src/cr_startup_lpc175x_6x.o
                                       0x25be (size before relaxing)
 .debug_str     0x00000000000025ab     0xe9ea ./src/main.o
                                      0x10ea3 (size before relaxing)
 .debug_str     0x0000000000010f95       0x1b ./src/sysinit.o
                                      0x10654 (size before relaxing)
 .debug_str     0x0000000000010fb0      0x452 /Users/manu/LPCXpresso/tp_2016/lpc_chip_175x_6x/Debug/liblpc_chip_175x_6x.a(chip_17xx_40xx.o)
                                      0x10a69 (size before relaxing)
 .debug_str     0x0000000000011402      0x857 /Users/manu/LPCXpresso/tp_2016/lpc_chip_175x_6x/Debug/liblpc_chip_175x_6x.a(clock_17xx_40xx.o)
                                      0x110d7 (size before relaxing)
 .debug_str     0x0000000000011c59       0xc4 /Users/manu/LPCXpresso/tp_2016/lpc_chip_175x_6x/Debug/liblpc_chip_175x_6x.a(sysinit_17xx_40xx.o)
                                      0x1073c (size before relaxing)

.comment        0x0000000000000000       0xe0
 .comment       0x0000000000000000       0x70 ./src/cr_startup_lpc175x_6x.o
                                         0x71 (size before relaxing)
 .comment       0x0000000000000000       0x71 ./src/main.o
 .comment       0x0000000000000000       0x71 ./src/sysinit.o
 .comment       0x0000000000000000       0x71 /Users/manu/LPCXpresso/tp_2016/lpc_chip_175x_6x/Debug/liblpc_chip_175x_6x.a(chip_17xx_40xx.o)
 .comment       0x0000000000000000       0x71 /Users/manu/LPCXpresso/tp_2016/lpc_chip_175x_6x/Debug/liblpc_chip_175x_6x.a(clock_17xx_40xx.o)
 .comment       0x0000000000000000       0x71 /Users/manu/LPCXpresso/tp_2016/lpc_chip_175x_6x/Debug/liblpc_chip_175x_6x.a(sysinit_17xx_40xx.o)
 .comment       0x0000000000000070       0x70 /Applications/lpcxpresso_7.8.0_426/lpcxpresso/tools/bin/../lib/gcc/arm-none-eabi/4.9.3/../../../../arm-none-eabi/lib/armv7-m/libcr_c.a(__weak__main.o)
                                         0x71 (size before relaxing)

.ARM.attributes
                0x0000000000000000       0x33
 .ARM.attributes
                0x0000000000000000       0x33 ./src/cr_startup_lpc175x_6x.o
 .ARM.attributes
                0x0000000000000033       0x33 ./src/main.o
 .ARM.attributes
                0x0000000000000066       0x33 ./src/sysinit.o
 .ARM.attributes
                0x0000000000000099       0x33 /Users/manu/LPCXpresso/tp_2016/lpc_chip_175x_6x/Debug/liblpc_chip_175x_6x.a(chip_17xx_40xx.o)
 .ARM.attributes
                0x00000000000000cc       0x33 /Users/manu/LPCXpresso/tp_2016/lpc_chip_175x_6x/Debug/liblpc_chip_175x_6x.a(clock_17xx_40xx.o)
 .ARM.attributes
                0x00000000000000ff       0x33 /Users/manu/LPCXpresso/tp_2016/lpc_chip_175x_6x/Debug/liblpc_chip_175x_6x.a(sysinit_17xx_40xx.o)
 .ARM.attributes
                0x0000000000000132       0x33 /Applications/lpcxpresso_7.8.0_426/lpcxpresso/tools/bin/../lib/gcc/arm-none-eabi/4.9.3/../../../../arm-none-eabi/lib/armv7-m/libcr_c.a(__weak__main.o)

.debug_frame    0x0000000000000000      0x7b8
 .debug_frame   0x0000000000000000      0x158 ./src/cr_startup_lpc175x_6x.o
 .debug_frame   0x0000000000000158      0x114 ./src/main.o
 .debug_frame   0x000000000000026c       0x30 ./src/sysinit.o
 .debug_frame   0x000000000000029c       0x78 /Users/manu/LPCXpresso/tp_2016/lpc_chip_175x_6x/Debug/liblpc_chip_175x_6x.a(chip_17xx_40xx.o)
 .debug_frame   0x0000000000000314      0x3ac /Users/manu/LPCXpresso/tp_2016/lpc_chip_175x_6x/Debug/liblpc_chip_175x_6x.a(clock_17xx_40xx.o)
 .debug_frame   0x00000000000006c0       0xf8 /Users/manu/LPCXpresso/tp_2016/lpc_chip_175x_6x/Debug/liblpc_chip_175x_6x.a(sysinit_17xx_40xx.o)
