Archive member included because of file (symbol)

/Users/manu/LPCXpresso/tp_2016/lpc_chip_175x_6x/Debug/liblpc_chip_175x_6x.a(chip_17xx_40xx.o)
                              ./src/main.o (SystemCoreClock)
/Users/manu/LPCXpresso/tp_2016/lpc_chip_175x_6x/Debug/liblpc_chip_175x_6x.a(clock_17xx_40xx.o)
                              /Users/manu/LPCXpresso/tp_2016/lpc_chip_175x_6x/Debug/liblpc_chip_175x_6x.a(chip_17xx_40xx.o) (Chip_Clock_EnablePLL)
/Users/manu/LPCXpresso/tp_2016/lpc_chip_175x_6x/Debug/liblpc_chip_175x_6x.a(sysinit_17xx_40xx.o)
                              ./src/sysinit.o (Chip_SystemInit)
/Applications/lpcxpresso_7.8.0_426/lpcxpresso/tools/bin/../lib/gcc/arm-none-eabi/4.9.3/../../../../arm-none-eabi/lib/armv7-m/libcr_c.a(__weak__main.o)
                              ./src/cr_startup_lpc175x_6x.o (__main)

Allocating common symbols
Common symbol       size              file

SystemCoreClock     0x4               /Users/manu/LPCXpresso/tp_2016/lpc_chip_175x_6x/Debug/liblpc_chip_175x_6x.a(chip_17xx_40xx.o)

Discarded input sections

 .group         0x0000000000000000        0x8 ./src/cr_startup_lpc175x_6x.o
 .text          0x0000000000000000        0x0 ./src/cr_startup_lpc175x_6x.o
 .data          0x0000000000000000        0x0 ./src/cr_startup_lpc175x_6x.o
 .bss           0x0000000000000000        0x0 ./src/cr_startup_lpc175x_6x.o
 .group         0x0000000000000000        0x8 ./src/crp.o
 .group         0x0000000000000000        0x8 ./src/crp.o
 .text          0x0000000000000000        0x0 ./src/crp.o
 .data          0x0000000000000000        0x0 ./src/crp.o
 .bss           0x0000000000000000        0x0 ./src/crp.o
 .crp           0x0000000000000000        0x4 ./src/crp.o
 .debug_info    0x0000000000000000       0x3f ./src/crp.o
 .debug_abbrev  0x0000000000000000       0x36 ./src/crp.o
 .debug_aranges
                0x0000000000000000       0x18 ./src/crp.o
 .debug_macro   0x0000000000000000       0x1a ./src/crp.o
 .debug_macro   0x0000000000000000      0x862 ./src/crp.o
 .debug_macro   0x0000000000000000       0x34 ./src/crp.o
 .debug_line    0x0000000000000000       0x7f ./src/crp.o
 .debug_str     0x0000000000000000     0x24d6 ./src/crp.o
 .comment       0x0000000000000000       0x71 ./src/crp.o
 .ARM.attributes
                0x0000000000000000       0x33 ./src/crp.o
 .group         0x0000000000000000        0x8 ./src/main.o
 .group         0x0000000000000000        0x8 ./src/main.o
 .group         0x0000000000000000        0x8 ./src/main.o
 .group         0x0000000000000000        0x8 ./src/main.o
 .group         0x0000000000000000        0x8 ./src/main.o
 .group         0x0000000000000000        0x8 ./src/main.o
 .group         0x0000000000000000        0x8 ./src/main.o
 .group         0x0000000000000000        0x8 ./src/main.o
 .group         0x0000000000000000        0x8 ./src/main.o
 .group         0x0000000000000000        0x8 ./src/main.o
 .group         0x0000000000000000        0x8 ./src/main.o
 .group         0x0000000000000000        0x8 ./src/main.o
 .group         0x0000000000000000        0x8 ./src/main.o
 .group         0x0000000000000000        0x8 ./src/main.o
 .group         0x0000000000000000        0x8 ./src/main.o
 .group         0x0000000000000000        0x8 ./src/main.o
 .group         0x0000000000000000        0x8 ./src/main.o
 .group         0x0000000000000000        0x8 ./src/main.o
 .group         0x0000000000000000        0x8 ./src/main.o
 .group         0x0000000000000000        0x8 ./src/main.o
 .group         0x0000000000000000        0x8 ./src/main.o
 .group         0x0000000000000000        0x8 ./src/main.o
 .group         0x0000000000000000        0x8 ./src/main.o
 .group         0x0000000000000000        0x8 ./src/main.o
 .group         0x0000000000000000        0x8 ./src/main.o
 .group         0x0000000000000000        0x8 ./src/main.o
 .group         0x0000000000000000        0x8 ./src/main.o
 .group         0x0000000000000000        0x8 ./src/main.o
 .group         0x0000000000000000        0x8 ./src/main.o
 .group         0x0000000000000000        0x8 ./src/main.o
 .group         0x0000000000000000        0x8 ./src/main.o
 .group         0x0000000000000000        0x8 ./src/main.o
 .group         0x0000000000000000        0x8 ./src/main.o
 .group         0x0000000000000000        0x8 ./src/main.o
 .group         0x0000000000000000        0x8 ./src/main.o
 .group         0x0000000000000000        0x8 ./src/main.o
 .text          0x0000000000000000        0x0 ./src/main.o
 .data          0x0000000000000000        0x0 ./src/main.o
 .bss           0x0000000000000000        0x0 ./src/main.o
 .group         0x0000000000000000        0x8 ./src/sysinit.o
 .group         0x0000000000000000        0x8 ./src/sysinit.o
 .group         0x0000000000000000        0x8 ./src/sysinit.o
 .group         0x0000000000000000        0x8 ./src/sysinit.o
 .group         0x0000000000000000        0x8 ./src/sysinit.o
 .group         0x0000000000000000        0x8 ./src/sysinit.o
 .group         0x0000000000000000        0x8 ./src/sysinit.o
 .group         0x0000000000000000        0x8 ./src/sysinit.o
 .group         0x0000000000000000        0x8 ./src/sysinit.o
 .group         0x0000000000000000        0x8 ./src/sysinit.o
 .group         0x0000000000000000        0x8 ./src/sysinit.o
 .group         0x0000000000000000        0x8 ./src/sysinit.o
 .group         0x0000000000000000        0x8 ./src/sysinit.o
 .group         0x0000000000000000        0x8 ./src/sysinit.o
 .group         0x0000000000000000        0x8 ./src/sysinit.o
 .group         0x0000000000000000        0x8 ./src/sysinit.o
 .group         0x0000000000000000        0x8 ./src/sysinit.o
 .group         0x0000000000000000        0x8 ./src/sysinit.o
 .group         0x0000000000000000        0x8 ./src/sysinit.o
 .group         0x0000000000000000        0x8 ./src/sysinit.o
 .group         0x0000000000000000        0x8 ./src/sysinit.o
 .group         0x0000000000000000        0x8 ./src/sysinit.o
 .group         0x0000000000000000        0x8 ./src/sysinit.o
 .group         0x0000000000000000        0x8 ./src/sysinit.o
 .group         0x0000000000000000        0x8 ./src/sysinit.o
 .group         0x0000000000000000        0x8 ./src/sysinit.o
 .group         0x0000000000000000        0x8 ./src/sysinit.o
 .group         0x0000000000000000        0x8 ./src/sysinit.o
 .group         0x0000000000000000        0x8 ./src/sysinit.o
 .group         0x0000000000000000        0x8 ./src/sysinit.o
 .group         0x0000000000000000        0x8 ./src/sysinit.o
 .group         0x0000000000000000        0x8 ./src/sysinit.o
 .group         0x0000000000000000        0x8 ./src/sysinit.o
 .group         0x0000000000000000        0x8 ./src/sysinit.o
 .group         0x0000000000000000        0x8 ./src/sysinit.o
 .text          0x0000000000000000        0x0 ./src/sysinit.o
 .data          0x0000000000000000        0x0 ./src/sysinit.o
 .bss           0x0000000000000000        0x0 ./src/sysinit.o
 .debug_macro   0x0000000000000000      0x862 ./src/sysinit.o
 .debug_macro   0x0000000000000000       0x10 ./src/sysinit.o
 .debug_macro   0x0000000000000000      0x5b2 ./src/sysinit.o
 .debug_macro   0x0000000000000000       0x22 ./src/sysinit.o
 .debug_macro   0x0000000000000000       0x7b ./src/sysinit.o
 .debug_macro   0x0000000000000000       0x10 ./src/sysinit.o
 .debug_macro   0x0000000000000000       0x2d ./src/sysinit.o
 .debug_macro   0x0000000000000000       0x3a ./src/sysinit.o
 .debug_macro   0x0000000000000000       0x2d ./src/sysinit.o
 .debug_macro   0x0000000000000000      0xbb1 ./src/sysinit.o
 .debug_macro   0x0000000000000000      0x22c ./src/sysinit.o
 .debug_macro   0x0000000000000000       0x42 ./src/sysinit.o
 .debug_macro   0x0000000000000000       0x52 ./src/sysinit.o
 .debug_macro   0x0000000000000000       0x78 ./src/sysinit.o
 .debug_macro   0x0000000000000000       0x82 ./src/sysinit.o
 .debug_macro   0x0000000000000000      0x48c ./src/sysinit.o
 .debug_macro   0x0000000000000000       0x34 ./src/sysinit.o
 .debug_macro   0x0000000000000000      0x4c5 ./src/sysinit.o
 .debug_macro   0x0000000000000000      0x1b7 ./src/sysinit.o
 .debug_macro   0x0000000000000000       0x10 ./src/sysinit.o
 .debug_macro   0x0000000000000000      0x21b ./src/sysinit.o
 .debug_macro   0x0000000000000000      0x1b9 ./src/sysinit.o
 .debug_macro   0x0000000000000000       0x40 ./src/sysinit.o
 .debug_macro   0x0000000000000000       0x22 ./src/sysinit.o
 .debug_macro   0x0000000000000000      0x162 ./src/sysinit.o
 .debug_macro   0x0000000000000000       0x94 ./src/sysinit.o
 .debug_macro   0x0000000000000000       0xb8 ./src/sysinit.o
 .debug_macro   0x0000000000000000       0x4c ./src/sysinit.o
 .debug_macro   0x0000000000000000       0x16 ./src/sysinit.o
 .debug_macro   0x0000000000000000      0x328 ./src/sysinit.o
 .debug_macro   0x0000000000000000       0x49 ./src/sysinit.o
 .debug_macro   0x0000000000000000       0x16 ./src/sysinit.o
 .debug_macro   0x0000000000000000       0xca ./src/sysinit.o
 .debug_macro   0x0000000000000000       0x18 ./src/sysinit.o
 .group         0x0000000000000000        0x8 /Users/manu/LPCXpresso/tp_2016/lpc_chip_175x_6x/Debug/liblpc_chip_175x_6x.a(chip_17xx_40xx.o)
 .group         0x0000000000000000        0x8 /Users/manu/LPCXpresso/tp_2016/lpc_chip_175x_6x/Debug/liblpc_chip_175x_6x.a(chip_17xx_40xx.o)
 .group         0x0000000000000000        0x8 /Users/manu/LPCXpresso/tp_2016/lpc_chip_175x_6x/Debug/liblpc_chip_175x_6x.a(chip_17xx_40xx.o)
 .group         0x0000000000000000        0x8 /Users/manu/LPCXpresso/tp_2016/lpc_chip_175x_6x/Debug/liblpc_chip_175x_6x.a(chip_17xx_40xx.o)
 .group         0x0000000000000000        0x8 /Users/manu/LPCXpresso/tp_2016/lpc_chip_175x_6x/Debug/liblpc_chip_175x_6x.a(chip_17xx_40xx.o)
 .group         0x0000000000000000        0x8 /Users/manu/LPCXpresso/tp_2016/lpc_chip_175x_6x/Debug/liblpc_chip_175x_6x.a(chip_17xx_40xx.o)
 .group         0x0000000000000000        0x8 /Users/manu/LPCXpresso/tp_2016/lpc_chip_175x_6x/Debug/liblpc_chip_175x_6x.a(chip_17xx_40xx.o)
 .group         0x0000000000000000        0x8 /Users/manu/LPCXpresso/tp_2016/lpc_chip_175x_6x/Debug/liblpc_chip_175x_6x.a(chip_17xx_40xx.o)
 .group         0x0000000000000000        0x8 /Users/manu/LPCXpresso/tp_2016/lpc_chip_175x_6x/Debug/liblpc_chip_175x_6x.a(chip_17xx_40xx.o)
 .group         0x0000000000000000        0x8 /Users/manu/LPCXpresso/tp_2016/lpc_chip_175x_6x/Debug/liblpc_chip_175x_6x.a(chip_17xx_40xx.o)
 .group         0x0000000000000000        0x8 /Users/manu/LPCXpresso/tp_2016/lpc_chip_175x_6x/Debug/liblpc_chip_175x_6x.a(chip_17xx_40xx.o)
 .group         0x0000000000000000        0x8 /Users/manu/LPCXpresso/tp_2016/lpc_chip_175x_6x/Debug/liblpc_chip_175x_6x.a(chip_17xx_40xx.o)
 .group         0x0000000000000000        0x8 /Users/manu/LPCXpresso/tp_2016/lpc_chip_175x_6x/Debug/liblpc_chip_175x_6x.a(chip_17xx_40xx.o)
 .group         0x0000000000000000        0x8 /Users/manu/LPCXpresso/tp_2016/lpc_chip_175x_6x/Debug/liblpc_chip_175x_6x.a(chip_17xx_40xx.o)
 .group         0x0000000000000000        0x8 /Users/manu/LPCXpresso/tp_2016/lpc_chip_175x_6x/Debug/liblpc_chip_175x_6x.a(chip_17xx_40xx.o)
 .group         0x0000000000000000        0x8 /Users/manu/LPCXpresso/tp_2016/lpc_chip_175x_6x/Debug/liblpc_chip_175x_6x.a(chip_17xx_40xx.o)
 .group         0x0000000000000000        0x8 /Users/manu/LPCXpresso/tp_2016/lpc_chip_175x_6x/Debug/liblpc_chip_175x_6x.a(chip_17xx_40xx.o)
 .group         0x0000000000000000        0x8 /Users/manu/LPCXpresso/tp_2016/lpc_chip_175x_6x/Debug/liblpc_chip_175x_6x.a(chip_17xx_40xx.o)
 .group         0x0000000000000000        0x8 /Users/manu/LPCXpresso/tp_2016/lpc_chip_175x_6x/Debug/liblpc_chip_175x_6x.a(chip_17xx_40xx.o)
 .group         0x0000000000000000        0x8 /Users/manu/LPCXpresso/tp_2016/lpc_chip_175x_6x/Debug/liblpc_chip_175x_6x.a(chip_17xx_40xx.o)
 .group         0x0000000000000000        0x8 /Users/manu/LPCXpresso/tp_2016/lpc_chip_175x_6x/Debug/liblpc_chip_175x_6x.a(chip_17xx_40xx.o)
 .group         0x0000000000000000        0x8 /Users/manu/LPCXpresso/tp_2016/lpc_chip_175x_6x/Debug/liblpc_chip_175x_6x.a(chip_17xx_40xx.o)
 .group         0x0000000000000000        0x8 /Users/manu/LPCXpresso/tp_2016/lpc_chip_175x_6x/Debug/liblpc_chip_175x_6x.a(chip_17xx_40xx.o)
 .group         0x0000000000000000        0x8 /Users/manu/LPCXpresso/tp_2016/lpc_chip_175x_6x/Debug/liblpc_chip_175x_6x.a(chip_17xx_40xx.o)
 .group         0x0000000000000000        0x8 /Users/manu/LPCXpresso/tp_2016/lpc_chip_175x_6x/Debug/liblpc_chip_175x_6x.a(chip_17xx_40xx.o)
 .group         0x0000000000000000        0x8 /Users/manu/LPCXpresso/tp_2016/lpc_chip_175x_6x/Debug/liblpc_chip_175x_6x.a(chip_17xx_40xx.o)
 .group         0x0000000000000000        0x8 /Users/manu/LPCXpresso/tp_2016/lpc_chip_175x_6x/Debug/liblpc_chip_175x_6x.a(chip_17xx_40xx.o)
 .group         0x0000000000000000        0x8 /Users/manu/LPCXpresso/tp_2016/lpc_chip_175x_6x/Debug/liblpc_chip_175x_6x.a(chip_17xx_40xx.o)
 .group         0x0000000000000000        0x8 /Users/manu/LPCXpresso/tp_2016/lpc_chip_175x_6x/Debug/liblpc_chip_175x_6x.a(chip_17xx_40xx.o)
 .group         0x0000000000000000        0x8 /Users/manu/LPCXpresso/tp_2016/lpc_chip_175x_6x/Debug/liblpc_chip_175x_6x.a(chip_17xx_40xx.o)
 .group         0x0000000000000000        0x8 /Users/manu/LPCXpresso/tp_2016/lpc_chip_175x_6x/Debug/liblpc_chip_175x_6x.a(chip_17xx_40xx.o)
 .group         0x0000000000000000        0x8 /Users/manu/LPCXpresso/tp_2016/lpc_chip_175x_6x/Debug/liblpc_chip_175x_6x.a(chip_17xx_40xx.o)
 .group         0x0000000000000000        0x8 /Users/manu/LPCXpresso/tp_2016/lpc_chip_175x_6x/Debug/liblpc_chip_175x_6x.a(chip_17xx_40xx.o)
 .group         0x0000000000000000        0x8 /Users/manu/LPCXpresso/tp_2016/lpc_chip_175x_6x/Debug/liblpc_chip_175x_6x.a(chip_17xx_40xx.o)
 .group         0x0000000000000000        0x8 /Users/manu/LPCXpresso/tp_2016/lpc_chip_175x_6x/Debug/liblpc_chip_175x_6x.a(chip_17xx_40xx.o)
 .text          0x0000000000000000        0x0 /Users/manu/LPCXpresso/tp_2016/lpc_chip_175x_6x/Debug/liblpc_chip_175x_6x.a(chip_17xx_40xx.o)
 .data          0x0000000000000000        0x0 /Users/manu/LPCXpresso/tp_2016/lpc_chip_175x_6x/Debug/liblpc_chip_175x_6x.a(chip_17xx_40xx.o)
 .bss           0x0000000000000000        0x0 /Users/manu/LPCXpresso/tp_2016/lpc_chip_175x_6x/Debug/liblpc_chip_175x_6x.a(chip_17xx_40xx.o)
 .text.Chip_Clock_IsUSBPLLLocked
                0x0000000000000000       0x28 /Users/manu/LPCXpresso/tp_2016/lpc_chip_175x_6x/Debug/liblpc_chip_175x_6x.a(chip_17xx_40xx.o)
 .text.Chip_Clock_IsUSBPLLConnected
                0x0000000000000000       0x28 /Users/manu/LPCXpresso/tp_2016/lpc_chip_175x_6x/Debug/liblpc_chip_175x_6x.a(chip_17xx_40xx.o)
 .text.Chip_USB_Init
                0x0000000000000000       0x4c /Users/manu/LPCXpresso/tp_2016/lpc_chip_175x_6x/Debug/liblpc_chip_175x_6x.a(chip_17xx_40xx.o)
 .debug_macro   0x0000000000000000       0x10 /Users/manu/LPCXpresso/tp_2016/lpc_chip_175x_6x/Debug/liblpc_chip_175x_6x.a(chip_17xx_40xx.o)
 .debug_macro   0x0000000000000000      0x12d /Users/manu/LPCXpresso/tp_2016/lpc_chip_175x_6x/Debug/liblpc_chip_175x_6x.a(chip_17xx_40xx.o)
 .debug_macro   0x0000000000000000      0x5b2 /Users/manu/LPCXpresso/tp_2016/lpc_chip_175x_6x/Debug/liblpc_chip_175x_6x.a(chip_17xx_40xx.o)
 .debug_macro   0x0000000000000000       0x22 /Users/manu/LPCXpresso/tp_2016/lpc_chip_175x_6x/Debug/liblpc_chip_175x_6x.a(chip_17xx_40xx.o)
 .debug_macro   0x0000000000000000       0x7b /Users/manu/LPCXpresso/tp_2016/lpc_chip_175x_6x/Debug/liblpc_chip_175x_6x.a(chip_17xx_40xx.o)
 .debug_macro   0x0000000000000000       0x10 /Users/manu/LPCXpresso/tp_2016/lpc_chip_175x_6x/Debug/liblpc_chip_175x_6x.a(chip_17xx_40xx.o)
 .debug_macro   0x0000000000000000       0x2d /Users/manu/LPCXpresso/tp_2016/lpc_chip_175x_6x/Debug/liblpc_chip_175x_6x.a(chip_17xx_40xx.o)
 .debug_macro   0x0000000000000000       0x3a /Users/manu/LPCXpresso/tp_2016/lpc_chip_175x_6x/Debug/liblpc_chip_175x_6x.a(chip_17xx_40xx.o)
 .debug_macro   0x0000000000000000       0x2d /Users/manu/LPCXpresso/tp_2016/lpc_chip_175x_6x/Debug/liblpc_chip_175x_6x.a(chip_17xx_40xx.o)
 .debug_macro   0x0000000000000000      0xbb1 /Users/manu/LPCXpresso/tp_2016/lpc_chip_175x_6x/Debug/liblpc_chip_175x_6x.a(chip_17xx_40xx.o)
 .debug_macro   0x0000000000000000      0x22c /Users/manu/LPCXpresso/tp_2016/lpc_chip_175x_6x/Debug/liblpc_chip_175x_6x.a(chip_17xx_40xx.o)
 .debug_macro   0x0000000000000000       0x42 /Users/manu/LPCXpresso/tp_2016/lpc_chip_175x_6x/Debug/liblpc_chip_175x_6x.a(chip_17xx_40xx.o)
 .debug_macro   0x0000000000000000       0x52 /Users/manu/LPCXpresso/tp_2016/lpc_chip_175x_6x/Debug/liblpc_chip_175x_6x.a(chip_17xx_40xx.o)
 .debug_macro   0x0000000000000000       0x78 /Users/manu/LPCXpresso/tp_2016/lpc_chip_175x_6x/Debug/liblpc_chip_175x_6x.a(chip_17xx_40xx.o)
 .debug_macro   0x0000000000000000       0x82 /Users/manu/LPCXpresso/tp_2016/lpc_chip_175x_6x/Debug/liblpc_chip_175x_6x.a(chip_17xx_40xx.o)
 .debug_macro   0x0000000000000000      0x48c /Users/manu/LPCXpresso/tp_2016/lpc_chip_175x_6x/Debug/liblpc_chip_175x_6x.a(chip_17xx_40xx.o)
 .debug_macro   0x0000000000000000       0x34 /Users/manu/LPCXpresso/tp_2016/lpc_chip_175x_6x/Debug/liblpc_chip_175x_6x.a(chip_17xx_40xx.o)
 .debug_macro   0x0000000000000000      0x4c5 /Users/manu/LPCXpresso/tp_2016/lpc_chip_175x_6x/Debug/liblpc_chip_175x_6x.a(chip_17xx_40xx.o)
 .debug_macro   0x0000000000000000      0x1b7 /Users/manu/LPCXpresso/tp_2016/lpc_chip_175x_6x/Debug/liblpc_chip_175x_6x.a(chip_17xx_40xx.o)
 .debug_macro   0x0000000000000000       0x10 /Users/manu/LPCXpresso/tp_2016/lpc_chip_175x_6x/Debug/liblpc_chip_175x_6x.a(chip_17xx_40xx.o)
 .debug_macro   0x0000000000000000      0x21b /Users/manu/LPCXpresso/tp_2016/lpc_chip_175x_6x/Debug/liblpc_chip_175x_6x.a(chip_17xx_40xx.o)
 .debug_macro   0x0000000000000000      0x1b9 /Users/manu/LPCXpresso/tp_2016/lpc_chip_175x_6x/Debug/liblpc_chip_175x_6x.a(chip_17xx_40xx.o)
 .debug_macro   0x0000000000000000       0x40 /Users/manu/LPCXpresso/tp_2016/lpc_chip_175x_6x/Debug/liblpc_chip_175x_6x.a(chip_17xx_40xx.o)
 .debug_macro   0x0000000000000000       0x22 /Users/manu/LPCXpresso/tp_2016/lpc_chip_175x_6x/Debug/liblpc_chip_175x_6x.a(chip_17xx_40xx.o)
 .debug_macro   0x0000000000000000      0x162 /Users/manu/LPCXpresso/tp_2016/lpc_chip_175x_6x/Debug/liblpc_chip_175x_6x.a(chip_17xx_40xx.o)
 .debug_macro   0x0000000000000000       0x94 /Users/manu/LPCXpresso/tp_2016/lpc_chip_175x_6x/Debug/liblpc_chip_175x_6x.a(chip_17xx_40xx.o)
 .debug_macro   0x0000000000000000       0xb8 /Users/manu/LPCXpresso/tp_2016/lpc_chip_175x_6x/Debug/liblpc_chip_175x_6x.a(chip_17xx_40xx.o)
 .debug_macro   0x0000000000000000       0x4c /Users/manu/LPCXpresso/tp_2016/lpc_chip_175x_6x/Debug/liblpc_chip_175x_6x.a(chip_17xx_40xx.o)
 .debug_macro   0x0000000000000000       0x16 /Users/manu/LPCXpresso/tp_2016/lpc_chip_175x_6x/Debug/liblpc_chip_175x_6x.a(chip_17xx_40xx.o)
 .debug_macro   0x0000000000000000      0x328 /Users/manu/LPCXpresso/tp_2016/lpc_chip_175x_6x/Debug/liblpc_chip_175x_6x.a(chip_17xx_40xx.o)
 .debug_macro   0x0000000000000000       0x49 /Users/manu/LPCXpresso/tp_2016/lpc_chip_175x_6x/Debug/liblpc_chip_175x_6x.a(chip_17xx_40xx.o)
 .debug_macro   0x0000000000000000       0x16 /Users/manu/LPCXpresso/tp_2016/lpc_chip_175x_6x/Debug/liblpc_chip_175x_6x.a(chip_17xx_40xx.o)
 .debug_macro   0x0000000000000000       0xca /Users/manu/LPCXpresso/tp_2016/lpc_chip_175x_6x/Debug/liblpc_chip_175x_6x.a(chip_17xx_40xx.o)
 .debug_macro   0x0000000000000000       0x18 /Users/manu/LPCXpresso/tp_2016/lpc_chip_175x_6x/Debug/liblpc_chip_175x_6x.a(chip_17xx_40xx.o)
 .group         0x0000000000000000        0x8 /Users/manu/LPCXpresso/tp_2016/lpc_chip_175x_6x/Debug/liblpc_chip_175x_6x.a(clock_17xx_40xx.o)
 .group         0x0000000000000000        0x8 /Users/manu/LPCXpresso/tp_2016/lpc_chip_175x_6x/Debug/liblpc_chip_175x_6x.a(clock_17xx_40xx.o)
 .group         0x0000000000000000        0x8 /Users/manu/LPCXpresso/tp_2016/lpc_chip_175x_6x/Debug/liblpc_chip_175x_6x.a(clock_17xx_40xx.o)
 .group         0x0000000000000000        0x8 /Users/manu/LPCXpresso/tp_2016/lpc_chip_175x_6x/Debug/liblpc_chip_175x_6x.a(clock_17xx_40xx.o)
 .group         0x0000000000000000        0x8 /Users/manu/LPCXpresso/tp_2016/lpc_chip_175x_6x/Debug/liblpc_chip_175x_6x.a(clock_17xx_40xx.o)
 .group         0x0000000000000000        0x8 /Users/manu/LPCXpresso/tp_2016/lpc_chip_175x_6x/Debug/liblpc_chip_175x_6x.a(clock_17xx_40xx.o)
 .group         0x0000000000000000        0x8 /Users/manu/LPCXpresso/tp_2016/lpc_chip_175x_6x/Debug/liblpc_chip_175x_6x.a(clock_17xx_40xx.o)
 .group         0x0000000000000000        0x8 /Users/manu/LPCXpresso/tp_2016/lpc_chip_175x_6x/Debug/liblpc_chip_175x_6x.a(clock_17xx_40xx.o)
 .group         0x0000000000000000        0x8 /Users/manu/LPCXpresso/tp_2016/lpc_chip_175x_6x/Debug/liblpc_chip_175x_6x.a(clock_17xx_40xx.o)
 .group         0x0000000000000000        0x8 /Users/manu/LPCXpresso/tp_2016/lpc_chip_175x_6x/Debug/liblpc_chip_175x_6x.a(clock_17xx_40xx.o)
 .group         0x0000000000000000        0x8 /Users/manu/LPCXpresso/tp_2016/lpc_chip_175x_6x/Debug/liblpc_chip_175x_6x.a(clock_17xx_40xx.o)
 .group         0x0000000000000000        0x8 /Users/manu/LPCXpresso/tp_2016/lpc_chip_175x_6x/Debug/liblpc_chip_175x_6x.a(clock_17xx_40xx.o)
 .group         0x0000000000000000        0x8 /Users/manu/LPCXpresso/tp_2016/lpc_chip_175x_6x/Debug/liblpc_chip_175x_6x.a(clock_17xx_40xx.o)
 .group         0x0000000000000000        0x8 /Users/manu/LPCXpresso/tp_2016/lpc_chip_175x_6x/Debug/liblpc_chip_175x_6x.a(clock_17xx_40xx.o)
 .group         0x0000000000000000        0x8 /Users/manu/LPCXpresso/tp_2016/lpc_chip_175x_6x/Debug/liblpc_chip_175x_6x.a(clock_17xx_40xx.o)
 .group         0x0000000000000000        0x8 /Users/manu/LPCXpresso/tp_2016/lpc_chip_175x_6x/Debug/liblpc_chip_175x_6x.a(clock_17xx_40xx.o)
 .group         0x0000000000000000        0x8 /Users/manu/LPCXpresso/tp_2016/lpc_chip_175x_6x/Debug/liblpc_chip_175x_6x.a(clock_17xx_40xx.o)
 .group         0x0000000000000000        0x8 /Users/manu/LPCXpresso/tp_2016/lpc_chip_175x_6x/Debug/liblpc_chip_175x_6x.a(clock_17xx_40xx.o)
 .group         0x0000000000000000        0x8 /Users/manu/LPCXpresso/tp_2016/lpc_chip_175x_6x/Debug/liblpc_chip_175x_6x.a(clock_17xx_40xx.o)
 .group         0x0000000000000000        0x8 /Users/manu/LPCXpresso/tp_2016/lpc_chip_175x_6x/Debug/liblpc_chip_175x_6x.a(clock_17xx_40xx.o)
 .group         0x0000000000000000        0x8 /Users/manu/LPCXpresso/tp_2016/lpc_chip_175x_6x/Debug/liblpc_chip_175x_6x.a(clock_17xx_40xx.o)
 .group         0x0000000000000000        0x8 /Users/manu/LPCXpresso/tp_2016/lpc_chip_175x_6x/Debug/liblpc_chip_175x_6x.a(clock_17xx_40xx.o)
 .group         0x0000000000000000        0x8 /Users/manu/LPCXpresso/tp_2016/lpc_chip_175x_6x/Debug/liblpc_chip_175x_6x.a(clock_17xx_40xx.o)
 .group         0x0000000000000000        0x8 /Users/manu/LPCXpresso/tp_2016/lpc_chip_175x_6x/Debug/liblpc_chip_175x_6x.a(clock_17xx_40xx.o)
 .group         0x0000000000000000        0x8 /Users/manu/LPCXpresso/tp_2016/lpc_chip_175x_6x/Debug/liblpc_chip_175x_6x.a(clock_17xx_40xx.o)
 .group         0x0000000000000000        0x8 /Users/manu/LPCXpresso/tp_2016/lpc_chip_175x_6x/Debug/liblpc_chip_175x_6x.a(clock_17xx_40xx.o)
 .group         0x0000000000000000        0x8 /Users/manu/LPCXpresso/tp_2016/lpc_chip_175x_6x/Debug/liblpc_chip_175x_6x.a(clock_17xx_40xx.o)
 .group         0x0000000000000000        0x8 /Users/manu/LPCXpresso/tp_2016/lpc_chip_175x_6x/Debug/liblpc_chip_175x_6x.a(clock_17xx_40xx.o)
 .group         0x0000000000000000        0x8 /Users/manu/LPCXpresso/tp_2016/lpc_chip_175x_6x/Debug/liblpc_chip_175x_6x.a(clock_17xx_40xx.o)
 .group         0x0000000000000000        0x8 /Users/manu/LPCXpresso/tp_2016/lpc_chip_175x_6x/Debug/liblpc_chip_175x_6x.a(clock_17xx_40xx.o)
 .group         0x0000000000000000        0x8 /Users/manu/LPCXpresso/tp_2016/lpc_chip_175x_6x/Debug/liblpc_chip_175x_6x.a(clock_17xx_40xx.o)
 .group         0x0000000000000000        0x8 /Users/manu/LPCXpresso/tp_2016/lpc_chip_175x_6x/Debug/liblpc_chip_175x_6x.a(clock_17xx_40xx.o)
 .group         0x0000000000000000        0x8 /Users/manu/LPCXpresso/tp_2016/lpc_chip_175x_6x/Debug/liblpc_chip_175x_6x.a(clock_17xx_40xx.o)
 .group         0x0000000000000000        0x8 /Users/manu/LPCXpresso/tp_2016/lpc_chip_175x_6x/Debug/liblpc_chip_175x_6x.a(clock_17xx_40xx.o)
 .group         0x0000000000000000        0x8 /Users/manu/LPCXpresso/tp_2016/lpc_chip_175x_6x/Debug/liblpc_chip_175x_6x.a(clock_17xx_40xx.o)
 .text          0x0000000000000000        0x0 /Users/manu/LPCXpresso/tp_2016/lpc_chip_175x_6x/Debug/liblpc_chip_175x_6x.a(clock_17xx_40xx.o)
 .data          0x0000000000000000        0x0 /Users/manu/LPCXpresso/tp_2016/lpc_chip_175x_6x/Debug/liblpc_chip_175x_6x.a(clock_17xx_40xx.o)
 .bss           0x0000000000000000        0x0 /Users/manu/LPCXpresso/tp_2016/lpc_chip_175x_6x/Debug/liblpc_chip_175x_6x.a(clock_17xx_40xx.o)
 .text.Chip_Clock_IsUSBPLLEnabled
                0x0000000000000000       0x28 /Users/manu/LPCXpresso/tp_2016/lpc_chip_175x_6x/Debug/liblpc_chip_175x_6x.a(clock_17xx_40xx.o)
 .text.Chip_Clock_IsUSBPLLConnected
                0x0000000000000000       0x28 /Users/manu/LPCXpresso/tp_2016/lpc_chip_175x_6x/Debug/liblpc_chip_175x_6x.a(clock_17xx_40xx.o)
 .text.Chip_Clock_GetUSBPLLInClockRate
                0x0000000000000000       0x10 /Users/manu/LPCXpresso/tp_2016/lpc_chip_175x_6x/Debug/liblpc_chip_175x_6x.a(clock_17xx_40xx.o)
 .text.Chip_Clock_EnablePeriphClock
                0x0000000000000000       0x34 /Users/manu/LPCXpresso/tp_2016/lpc_chip_175x_6x/Debug/liblpc_chip_175x_6x.a(clock_17xx_40xx.o)
 .text.Chip_Clock_DisablePeriphClock
                0x0000000000000000       0x34 /Users/manu/LPCXpresso/tp_2016/lpc_chip_175x_6x/Debug/liblpc_chip_175x_6x.a(clock_17xx_40xx.o)
 .text.Chip_Clock_IsPeripheralClockEnabled
                0x0000000000000000       0x3c /Users/manu/LPCXpresso/tp_2016/lpc_chip_175x_6x/Debug/liblpc_chip_175x_6x.a(clock_17xx_40xx.o)
 .text.Chip_Clock_SetCPUClockSource
                0x0000000000000000       0x28 /Users/manu/LPCXpresso/tp_2016/lpc_chip_175x_6x/Debug/liblpc_chip_175x_6x.a(clock_17xx_40xx.o)
 .text.Chip_Clock_SetUSBClockDiv
                0x0000000000000000       0x30 /Users/manu/LPCXpresso/tp_2016/lpc_chip_175x_6x/Debug/liblpc_chip_175x_6x.a(clock_17xx_40xx.o)
 .text.Chip_Clock_GetUSBClockDiv
                0x0000000000000000       0x20 /Users/manu/LPCXpresso/tp_2016/lpc_chip_175x_6x/Debug/liblpc_chip_175x_6x.a(clock_17xx_40xx.o)
 .text.Chip_Clock_SetPCLKDiv
                0x0000000000000000       0x64 /Users/manu/LPCXpresso/tp_2016/lpc_chip_175x_6x/Debug/liblpc_chip_175x_6x.a(clock_17xx_40xx.o)
 .text.Chip_Clock_GetPCLKDiv
                0x0000000000000000       0x90 /Users/manu/LPCXpresso/tp_2016/lpc_chip_175x_6x/Debug/liblpc_chip_175x_6x.a(clock_17xx_40xx.o)
 .text.Chip_Clock_SetCLKOUTSource
                0x0000000000000000       0x44 /Users/manu/LPCXpresso/tp_2016/lpc_chip_175x_6x/Debug/liblpc_chip_175x_6x.a(clock_17xx_40xx.o)
 .text.Chip_Clock_GetUSBPLLOutClockRate
                0x0000000000000000       0x40 /Users/manu/LPCXpresso/tp_2016/lpc_chip_175x_6x/Debug/liblpc_chip_175x_6x.a(clock_17xx_40xx.o)
 .text.Chip_Clock_GetUSBClockRate
                0x0000000000000000       0x38 /Users/manu/LPCXpresso/tp_2016/lpc_chip_175x_6x/Debug/liblpc_chip_175x_6x.a(clock_17xx_40xx.o)
 .text.Chip_Clock_GetPeripheralClockRate
                0x0000000000000000       0x28 /Users/manu/LPCXpresso/tp_2016/lpc_chip_175x_6x/Debug/liblpc_chip_175x_6x.a(clock_17xx_40xx.o)
 .debug_macro   0x0000000000000000      0x856 /Users/manu/LPCXpresso/tp_2016/lpc_chip_175x_6x/Debug/liblpc_chip_175x_6x.a(clock_17xx_40xx.o)
 .debug_macro   0x0000000000000000       0x10 /Users/manu/LPCXpresso/tp_2016/lpc_chip_175x_6x/Debug/liblpc_chip_175x_6x.a(clock_17xx_40xx.o)
 .debug_macro   0x0000000000000000      0x12d /Users/manu/LPCXpresso/tp_2016/lpc_chip_175x_6x/Debug/liblpc_chip_175x_6x.a(clock_17xx_40xx.o)
 .debug_macro   0x0000000000000000      0x5b2 /Users/manu/LPCXpresso/tp_2016/lpc_chip_175x_6x/Debug/liblpc_chip_175x_6x.a(clock_17xx_40xx.o)
 .debug_macro   0x0000000000000000       0x22 /Users/manu/LPCXpresso/tp_2016/lpc_chip_175x_6x/Debug/liblpc_chip_175x_6x.a(clock_17xx_40xx.o)
 .debug_macro   0x0000000000000000       0x7b /Users/manu/LPCXpresso/tp_2016/lpc_chip_175x_6x/Debug/liblpc_chip_175x_6x.a(clock_17xx_40xx.o)
 .debug_macro   0x0000000000000000       0x10 /Users/manu/LPCXpresso/tp_2016/lpc_chip_175x_6x/Debug/liblpc_chip_175x_6x.a(clock_17xx_40xx.o)
 .debug_macro   0x0000000000000000       0x2d /Users/manu/LPCXpresso/tp_2016/lpc_chip_175x_6x/Debug/liblpc_chip_175x_6x.a(clock_17xx_40xx.o)
 .debug_macro   0x0000000000000000       0x3a /Users/manu/LPCXpresso/tp_2016/lpc_chip_175x_6x/Debug/liblpc_chip_175x_6x.a(clock_17xx_40xx.o)
 .debug_macro   0x0000000000000000       0x2d /Users/manu/LPCXpresso/tp_2016/lpc_chip_175x_6x/Debug/liblpc_chip_175x_6x.a(clock_17xx_40xx.o)
 .debug_macro   0x0000000000000000      0xbb1 /Users/manu/LPCXpresso/tp_2016/lpc_chip_175x_6x/Debug/liblpc_chip_175x_6x.a(clock_17xx_40xx.o)
 .debug_macro   0x0000000000000000      0x22c /Users/manu/LPCXpresso/tp_2016/lpc_chip_175x_6x/Debug/liblpc_chip_175x_6x.a(clock_17xx_40xx.o)
 .debug_macro   0x0000000000000000       0x42 /Users/manu/LPCXpresso/tp_2016/lpc_chip_175x_6x/Debug/liblpc_chip_175x_6x.a(clock_17xx_40xx.o)
 .debug_macro   0x0000000000000000       0x52 /Users/manu/LPCXpresso/tp_2016/lpc_chip_175x_6x/Debug/liblpc_chip_175x_6x.a(clock_17xx_40xx.o)
 .debug_macro   0x0000000000000000       0x78 /Users/manu/LPCXpresso/tp_2016/lpc_chip_175x_6x/Debug/liblpc_chip_175x_6x.a(clock_17xx_40xx.o)
 .debug_macro   0x0000000000000000       0x82 /Users/manu/LPCXpresso/tp_2016/lpc_chip_175x_6x/Debug/liblpc_chip_175x_6x.a(clock_17xx_40xx.o)
 .debug_macro   0x0000000000000000      0x48c /Users/manu/LPCXpresso/tp_2016/lpc_chip_175x_6x/Debug/liblpc_chip_175x_6x.a(clock_17xx_40xx.o)
 .debug_macro   0x0000000000000000       0x34 /Users/manu/LPCXpresso/tp_2016/lpc_chip_175x_6x/Debug/liblpc_chip_175x_6x.a(clock_17xx_40xx.o)
 .debug_macro   0x0000000000000000      0x4c5 /Users/manu/LPCXpresso/tp_2016/lpc_chip_175x_6x/Debug/liblpc_chip_175x_6x.a(clock_17xx_40xx.o)
 .debug_macro   0x0000000000000000      0x1b7 /Users/manu/LPCXpresso/tp_2016/lpc_chip_175x_6x/Debug/liblpc_chip_175x_6x.a(clock_17xx_40xx.o)
 .debug_macro   0x0000000000000000       0x10 /Users/manu/LPCXpresso/tp_2016/lpc_chip_175x_6x/Debug/liblpc_chip_175x_6x.a(clock_17xx_40xx.o)
 .debug_macro   0x0000000000000000      0x21b /Users/manu/LPCXpresso/tp_2016/lpc_chip_175x_6x/Debug/liblpc_chip_175x_6x.a(clock_17xx_40xx.o)
 .debug_macro   0x0000000000000000      0x1b9 /Users/manu/LPCXpresso/tp_2016/lpc_chip_175x_6x/Debug/liblpc_chip_175x_6x.a(clock_17xx_40xx.o)
 .debug_macro   0x0000000000000000       0x40 /Users/manu/LPCXpresso/tp_2016/lpc_chip_175x_6x/Debug/liblpc_chip_175x_6x.a(clock_17xx_40xx.o)
 .debug_macro   0x0000000000000000       0x22 /Users/manu/LPCXpresso/tp_2016/lpc_chip_175x_6x/Debug/liblpc_chip_175x_6x.a(clock_17xx_40xx.o)
 .debug_macro   0x0000000000000000      0x162 /Users/manu/LPCXpresso/tp_2016/lpc_chip_175x_6x/Debug/liblpc_chip_175x_6x.a(clock_17xx_40xx.o)
 .debug_macro   0x0000000000000000       0x94 /Users/manu/LPCXpresso/tp_2016/lpc_chip_175x_6x/Debug/liblpc_chip_175x_6x.a(clock_17xx_40xx.o)
 .debug_macro   0x0000000000000000       0xb8 /Users/manu/LPCXpresso/tp_2016/lpc_chip_175x_6x/Debug/liblpc_chip_175x_6x.a(clock_17xx_40xx.o)
 .debug_macro   0x0000000000000000       0x4c /Users/manu/LPCXpresso/tp_2016/lpc_chip_175x_6x/Debug/liblpc_chip_175x_6x.a(clock_17xx_40xx.o)
 .debug_macro   0x0000000000000000       0x16 /Users/manu/LPCXpresso/tp_2016/lpc_chip_175x_6x/Debug/liblpc_chip_175x_6x.a(clock_17xx_40xx.o)
 .debug_macro   0x0000000000000000      0x328 /Users/manu/LPCXpresso/tp_2016/lpc_chip_175x_6x/Debug/liblpc_chip_175x_6x.a(clock_17xx_40xx.o)
 .debug_macro   0x0000000000000000       0x49 /Users/manu/LPCXpresso/tp_2016/lpc_chip_175x_6x/Debug/liblpc_chip_175x_6x.a(clock_17xx_40xx.o)
 .debug_macro   0x0000000000000000       0x16 /Users/manu/LPCXpresso/tp_2016/lpc_chip_175x_6x/Debug/liblpc_chip_175x_6x.a(clock_17xx_40xx.o)
 .debug_macro   0x0000000000000000       0xca /Users/manu/LPCXpresso/tp_2016/lpc_chip_175x_6x/Debug/liblpc_chip_175x_6x.a(clock_17xx_40xx.o)
 .debug_macro   0x0000000000000000       0x18 /Users/manu/LPCXpresso/tp_2016/lpc_chip_175x_6x/Debug/liblpc_chip_175x_6x.a(clock_17xx_40xx.o)
 .group         0x0000000000000000        0x8 /Users/manu/LPCXpresso/tp_2016/lpc_chip_175x_6x/Debug/liblpc_chip_175x_6x.a(sysinit_17xx_40xx.o)
 .group         0x0000000000000000        0x8 /Users/manu/LPCXpresso/tp_2016/lpc_chip_175x_6x/Debug/liblpc_chip_175x_6x.a(sysinit_17xx_40xx.o)
 .group         0x0000000000000000        0x8 /Users/manu/LPCXpresso/tp_2016/lpc_chip_175x_6x/Debug/liblpc_chip_175x_6x.a(sysinit_17xx_40xx.o)
 .group         0x0000000000000000        0x8 /Users/manu/LPCXpresso/tp_2016/lpc_chip_175x_6x/Debug/liblpc_chip_175x_6x.a(sysinit_17xx_40xx.o)
 .group         0x0000000000000000        0x8 /Users/manu/LPCXpresso/tp_2016/lpc_chip_175x_6x/Debug/liblpc_chip_175x_6x.a(sysinit_17xx_40xx.o)
 .group         0x0000000000000000        0x8 /Users/manu/LPCXpresso/tp_2016/lpc_chip_175x_6x/Debug/liblpc_chip_175x_6x.a(sysinit_17xx_40xx.o)
 .group         0x0000000000000000        0x8 /Users/manu/LPCXpresso/tp_2016/lpc_chip_175x_6x/Debug/liblpc_chip_175x_6x.a(sysinit_17xx_40xx.o)
 .group         0x0000000000000000        0x8 /Users/manu/LPCXpresso/tp_2016/lpc_chip_175x_6x/Debug/liblpc_chip_175x_6x.a(sysinit_17xx_40xx.o)
 .group         0x0000000000000000        0x8 /Users/manu/LPCXpresso/tp_2016/lpc_chip_175x_6x/Debug/liblpc_chip_175x_6x.a(sysinit_17xx_40xx.o)
 .group         0x0000000000000000        0x8 /Users/manu/LPCXpresso/tp_2016/lpc_chip_175x_6x/Debug/liblpc_chip_175x_6x.a(sysinit_17xx_40xx.o)
 .group         0x0000000000000000        0x8 /Users/manu/LPCXpresso/tp_2016/lpc_chip_175x_6x/Debug/liblpc_chip_175x_6x.a(sysinit_17xx_40xx.o)
 .group         0x0000000000000000        0x8 /Users/manu/LPCXpresso/tp_2016/lpc_chip_175x_6x/Debug/liblpc_chip_175x_6x.a(sysinit_17xx_40xx.o)
 .group         0x0000000000000000        0x8 /Users/manu/LPCXpresso/tp_2016/lpc_chip_175x_6x/Debug/liblpc_chip_175x_6x.a(sysinit_17xx_40xx.o)
 .group         0x0000000000000000        0x8 /Users/manu/LPCXpresso/tp_2016/lpc_chip_175x_6x/Debug/liblpc_chip_175x_6x.a(sysinit_17xx_40xx.o)
 .group         0x0000000000000000        0x8 /Users/manu/LPCXpresso/tp_2016/lpc_chip_175x_6x/Debug/liblpc_chip_175x_6x.a(sysinit_17xx_40xx.o)
 .group         0x0000000000000000        0x8 /Users/manu/LPCXpresso/tp_2016/lpc_chip_175x_6x/Debug/liblpc_chip_175x_6x.a(sysinit_17xx_40xx.o)
 .group         0x0000000000000000        0x8 /Users/manu/LPCXpresso/tp_2016/lpc_chip_175x_6x/Debug/liblpc_chip_175x_6x.a(sysinit_17xx_40xx.o)
 .group         0x0000000000000000        0x8 /Users/manu/LPCXpresso/tp_2016/lpc_chip_175x_6x/Debug/liblpc_chip_175x_6x.a(sysinit_17xx_40xx.o)
 .group         0x0000000000000000        0x8 /Users/manu/LPCXpresso/tp_2016/lpc_chip_175x_6x/Debug/liblpc_chip_175x_6x.a(sysinit_17xx_40xx.o)
 .group         0x0000000000000000        0x8 /Users/manu/LPCXpresso/tp_2016/lpc_chip_175x_6x/Debug/liblpc_chip_175x_6x.a(sysinit_17xx_40xx.o)
 .group         0x0000000000000000        0x8 /Users/manu/LPCXpresso/tp_2016/lpc_chip_175x_6x/Debug/liblpc_chip_175x_6x.a(sysinit_17xx_40xx.o)
 .group         0x0000000000000000        0x8 /Users/manu/LPCXpresso/tp_2016/lpc_chip_175x_6x/Debug/liblpc_chip_175x_6x.a(sysinit_17xx_40xx.o)
 .group         0x0000000000000000        0x8 /Users/manu/LPCXpresso/tp_2016/lpc_chip_175x_6x/Debug/liblpc_chip_175x_6x.a(sysinit_17xx_40xx.o)
 .group         0x0000000000000000        0x8 /Users/manu/LPCXpresso/tp_2016/lpc_chip_175x_6x/Debug/liblpc_chip_175x_6x.a(sysinit_17xx_40xx.o)
 .group         0x0000000000000000        0x8 /Users/manu/LPCXpresso/tp_2016/lpc_chip_175x_6x/Debug/liblpc_chip_175x_6x.a(sysinit_17xx_40xx.o)
 .group         0x0000000000000000        0x8 /Users/manu/LPCXpresso/tp_2016/lpc_chip_175x_6x/Debug/liblpc_chip_175x_6x.a(sysinit_17xx_40xx.o)
 .group         0x0000000000000000        0x8 /Users/manu/LPCXpresso/tp_2016/lpc_chip_175x_6x/Debug/liblpc_chip_175x_6x.a(sysinit_17xx_40xx.o)
 .group         0x0000000000000000        0x8 /Users/manu/LPCXpresso/tp_2016/lpc_chip_175x_6x/Debug/liblpc_chip_175x_6x.a(sysinit_17xx_40xx.o)
 .group         0x0000000000000000        0x8 /Users/manu/LPCXpresso/tp_2016/lpc_chip_175x_6x/Debug/liblpc_chip_175x_6x.a(sysinit_17xx_40xx.o)
 .group         0x0000000000000000        0x8 /Users/manu/LPCXpresso/tp_2016/lpc_chip_175x_6x/Debug/liblpc_chip_175x_6x.a(sysinit_17xx_40xx.o)
 .group         0x0000000000000000        0x8 /Users/manu/LPCXpresso/tp_2016/lpc_chip_175x_6x/Debug/liblpc_chip_175x_6x.a(sysinit_17xx_40xx.o)
 .group         0x0000000000000000        0x8 /Users/manu/LPCXpresso/tp_2016/lpc_chip_175x_6x/Debug/liblpc_chip_175x_6x.a(sysinit_17xx_40xx.o)
 .group         0x0000000000000000        0x8 /Users/manu/LPCXpresso/tp_2016/lpc_chip_175x_6x/Debug/liblpc_chip_175x_6x.a(sysinit_17xx_40xx.o)
 .group         0x0000000000000000        0x8 /Users/manu/LPCXpresso/tp_2016/lpc_chip_175x_6x/Debug/liblpc_chip_175x_6x.a(sysinit_17xx_40xx.o)
 .group         0x0000000000000000        0x8 /Users/manu/LPCXpresso/tp_2016/lpc_chip_175x_6x/Debug/liblpc_chip_175x_6x.a(sysinit_17xx_40xx.o)
 .text          0x0000000000000000        0x0 /Users/manu/LPCXpresso/tp_2016/lpc_chip_175x_6x/Debug/liblpc_chip_175x_6x.a(sysinit_17xx_40xx.o)
 .data          0x0000000000000000        0x0 /Users/manu/LPCXpresso/tp_2016/lpc_chip_175x_6x/Debug/liblpc_chip_175x_6x.a(sysinit_17xx_40xx.o)
 .bss           0x0000000000000000        0x0 /Users/manu/LPCXpresso/tp_2016/lpc_chip_175x_6x/Debug/liblpc_chip_175x_6x.a(sysinit_17xx_40xx.o)
 .text.Chip_Clock_EnableCrystal
                0x0000000000000000       0x20 /Users/manu/LPCXpresso/tp_2016/lpc_chip_175x_6x/Debug/liblpc_chip_175x_6x.a(sysinit_17xx_40xx.o)
 .text.Chip_Clock_IsCrystalEnabled
                0x0000000000000000       0x28 /Users/manu/LPCXpresso/tp_2016/lpc_chip_175x_6x/Debug/liblpc_chip_175x_6x.a(sysinit_17xx_40xx.o)
 .text.Chip_SetupXtalClocking
                0x0000000000000000       0x90 /Users/manu/LPCXpresso/tp_2016/lpc_chip_175x_6x/Debug/liblpc_chip_175x_6x.a(sysinit_17xx_40xx.o)
 .debug_macro   0x0000000000000000      0x856 /Users/manu/LPCXpresso/tp_2016/lpc_chip_175x_6x/Debug/liblpc_chip_175x_6x.a(sysinit_17xx_40xx.o)
 .debug_macro   0x0000000000000000       0x10 /Users/manu/LPCXpresso/tp_2016/lpc_chip_175x_6x/Debug/liblpc_chip_175x_6x.a(sysinit_17xx_40xx.o)
 .debug_macro   0x0000000000000000      0x12d /Users/manu/LPCXpresso/tp_2016/lpc_chip_175x_6x/Debug/liblpc_chip_175x_6x.a(sysinit_17xx_40xx.o)
 .debug_macro   0x0000000000000000      0x5b2 /Users/manu/LPCXpresso/tp_2016/lpc_chip_175x_6x/Debug/liblpc_chip_175x_6x.a(sysinit_17xx_40xx.o)
 .debug_macro   0x0000000000000000       0x22 /Users/manu/LPCXpresso/tp_2016/lpc_chip_175x_6x/Debug/liblpc_chip_175x_6x.a(sysinit_17xx_40xx.o)
 .debug_macro   0x0000000000000000       0x7b /Users/manu/LPCXpresso/tp_2016/lpc_chip_175x_6x/Debug/liblpc_chip_175x_6x.a(sysinit_17xx_40xx.o)
 .debug_macro   0x0000000000000000       0x10 /Users/manu/LPCXpresso/tp_2016/lpc_chip_175x_6x/Debug/liblpc_chip_175x_6x.a(sysinit_17xx_40xx.o)
 .debug_macro   0x0000000000000000       0x2d /Users/manu/LPCXpresso/tp_2016/lpc_chip_175x_6x/Debug/liblpc_chip_175x_6x.a(sysinit_17xx_40xx.o)
 .debug_macro   0x0000000000000000       0x3a /Users/manu/LPCXpresso/tp_2016/lpc_chip_175x_6x/Debug/liblpc_chip_175x_6x.a(sysinit_17xx_40xx.o)
 .debug_macro   0x0000000000000000       0x2d /Users/manu/LPCXpresso/tp_2016/lpc_chip_175x_6x/Debug/liblpc_chip_175x_6x.a(sysinit_17xx_40xx.o)
 .debug_macro   0x0000000000000000      0xbb1 /Users/manu/LPCXpresso/tp_2016/lpc_chip_175x_6x/Debug/liblpc_chip_175x_6x.a(sysinit_17xx_40xx.o)
 .debug_macro   0x0000000000000000      0x22c /Users/manu/LPCXpresso/tp_2016/lpc_chip_175x_6x/Debug/liblpc_chip_175x_6x.a(sysinit_17xx_40xx.o)
 .debug_macro   0x0000000000000000       0x42 /Users/manu/LPCXpresso/tp_2016/lpc_chip_175x_6x/Debug/liblpc_chip_175x_6x.a(sysinit_17xx_40xx.o)
 .debug_macro   0x0000000000000000       0x52 /Users/manu/LPCXpresso/tp_2016/lpc_chip_175x_6x/Debug/liblpc_chip_175x_6x.a(sysinit_17xx_40xx.o)
 .debug_macro   0x0000000000000000       0x78 /Users/manu/LPCXpresso/tp_2016/lpc_chip_175x_6x/Debug/liblpc_chip_175x_6x.a(sysinit_17xx_40xx.o)
 .debug_macro   0x0000000000000000       0x82 /Users/manu/LPCXpresso/tp_2016/lpc_chip_175x_6x/Debug/liblpc_chip_175x_6x.a(sysinit_17xx_40xx.o)
 .debug_macro   0x0000000000000000      0x48c /Users/manu/LPCXpresso/tp_2016/lpc_chip_175x_6x/Debug/liblpc_chip_175x_6x.a(sysinit_17xx_40xx.o)
 .debug_macro   0x0000000000000000       0x34 /Users/manu/LPCXpresso/tp_2016/lpc_chip_175x_6x/Debug/liblpc_chip_175x_6x.a(sysinit_17xx_40xx.o)
 .debug_macro   0x0000000000000000      0x4c5 /Users/manu/LPCXpresso/tp_2016/lpc_chip_175x_6x/Debug/liblpc_chip_175x_6x.a(sysinit_17xx_40xx.o)
 .debug_macro   0x0000000000000000      0x1b7 /Users/manu/LPCXpresso/tp_2016/lpc_chip_175x_6x/Debug/liblpc_chip_175x_6x.a(sysinit_17xx_40xx.o)
 .debug_macro   0x0000000000000000       0x10 /Users/manu/LPCXpresso/tp_2016/lpc_chip_175x_6x/Debug/liblpc_chip_175x_6x.a(sysinit_17xx_40xx.o)
 .debug_macro   0x0000000000000000      0x21b /Users/manu/LPCXpresso/tp_2016/lpc_chip_175x_6x/Debug/liblpc_chip_175x_6x.a(sysinit_17xx_40xx.o)
 .debug_macro   0x0000000000000000      0x1b9 /Users/manu/LPCXpresso/tp_2016/lpc_chip_175x_6x/Debug/liblpc_chip_175x_6x.a(sysinit_17xx_40xx.o)
 .debug_macro   0x0000000000000000       0x40 /Users/manu/LPCXpresso/tp_2016/lpc_chip_175x_6x/Debug/liblpc_chip_175x_6x.a(sysinit_17xx_40xx.o)
 .debug_macro   0x0000000000000000       0x22 /Users/manu/LPCXpresso/tp_2016/lpc_chip_175x_6x/Debug/liblpc_chip_175x_6x.a(sysinit_17xx_40xx.o)
 .debug_macro   0x0000000000000000      0x162 /Users/manu/LPCXpresso/tp_2016/lpc_chip_175x_6x/Debug/liblpc_chip_175x_6x.a(sysinit_17xx_40xx.o)
 .debug_macro   0x0000000000000000       0x94 /Users/manu/LPCXpresso/tp_2016/lpc_chip_175x_6x/Debug/liblpc_chip_175x_6x.a(sysinit_17xx_40xx.o)
 .debug_macro   0x0000000000000000       0xb8 /Users/manu/LPCXpresso/tp_2016/lpc_chip_175x_6x/Debug/liblpc_chip_175x_6x.a(sysinit_17xx_40xx.o)
 .debug_macro   0x0000000000000000       0x4c /Users/manu/LPCXpresso/tp_2016/lpc_chip_175x_6x/Debug/liblpc_chip_175x_6x.a(sysinit_17xx_40xx.o)
 .debug_macro   0x0000000000000000       0x16 /Users/manu/LPCXpresso/tp_2016/lpc_chip_175x_6x/Debug/liblpc_chip_175x_6x.a(sysinit_17xx_40xx.o)
 .debug_macro   0x0000000000000000      0x328 /Users/manu/LPCXpresso/tp_2016/lpc_chip_175x_6x/Debug/liblpc_chip_175x_6x.a(sysinit_17xx_40xx.o)
 .debug_macro   0x0000000000000000       0x49 /Users/manu/LPCXpresso/tp_2016/lpc_chip_175x_6x/Debug/liblpc_chip_175x_6x.a(sysinit_17xx_40xx.o)
 .debug_macro   0x0000000000000000       0x16 /Users/manu/LPCXpresso/tp_2016/lpc_chip_175x_6x/Debug/liblpc_chip_175x_6x.a(sysinit_17xx_40xx.o)
 .debug_macro   0x0000000000000000       0xca /Users/manu/LPCXpresso/tp_2016/lpc_chip_175x_6x/Debug/liblpc_chip_175x_6x.a(sysinit_17xx_40xx.o)
 .debug_macro   0x0000000000000000       0x18 /Users/manu/LPCXpresso/tp_2016/lpc_chip_175x_6x/Debug/liblpc_chip_175x_6x.a(sysinit_17xx_40xx.o)
 .text          0x0000000000000000        0x0 /Applications/lpcxpresso_7.8.0_426/lpcxpresso/tools/bin/../lib/gcc/arm-none-eabi/4.9.3/../../../../arm-none-eabi/lib/armv7-m/libcr_c.a(__weak__main.o)
 .data          0x0000000000000000        0x0 /Applications/lpcxpresso_7.8.0_426/lpcxpresso/tools/bin/../lib/gcc/arm-none-eabi/4.9.3/../../../../arm-none-eabi/lib/armv7-m/libcr_c.a(__weak__main.o)
 .bss           0x0000000000000000        0x0 /Applications/lpcxpresso_7.8.0_426/lpcxpresso/tools/bin/../lib/gcc/arm-none-eabi/4.9.3/../../../../arm-none-eabi/lib/armv7-m/libcr_c.a(__weak__main.o)

Memory Configuration

Name             Origin             Length             Attributes
MFlash512        0x0000000000000000 0x0000000000080000 xr
RamLoc32         0x0000000010000000 0x0000000000008000 xrw
RamAHB32         0x000000002007c000 0x0000000000008000 xrw
*default*        0x0000000000000000 0xffffffffffffffff

Linker script and memory map

LOAD ./src/cr_startup_lpc175x_6x.o
LOAD ./src/crp.o
LOAD ./src/main.o
LOAD ./src/sysinit.o
LOAD /Users/manu/LPCXpresso/tp_2016/lpc_chip_175x_6x/Debug/liblpc_chip_175x_6x.a
START GROUP
LOAD /Applications/lpcxpresso_7.8.0_426/lpcxpresso/tools/bin/../lib/gcc/arm-none-eabi/4.9.3/../../../../arm-none-eabi/lib/armv7-m/libcr_c.a
LOAD /Applications/lpcxpresso_7.8.0_426/lpcxpresso/tools/bin/../lib/gcc/arm-none-eabi/4.9.3/armv7-m/libcr_eabihelpers.a
END GROUP
                0x0000000000080000                __top_MFlash512 = 0x80000
                0x0000000010008000                __top_RamLoc32 = 0x10008000
                0x0000000020084000                __top_RamAHB32 = 0x20084000

.text           0x0000000000000000      0x94c
 FILL mask 0xff
                0x0000000000000000                __vectors_start__ = ABSOLUTE (.)
 *(.isr_vector)
 .isr_vector    0x0000000000000000       0xcc ./src/cr_startup_lpc175x_6x.o
                0x0000000000000000                g_pfnVectors
                0x00000000000000cc                . = ALIGN (0x4)
                0x00000000000000cc                __section_table_start = .
                0x00000000000000cc                __data_section_table = .
                0x00000000000000cc        0x4 LONG 0x94c LOADADDR (.data)
                0x00000000000000d0        0x4 LONG 0x10000000 ADDR (.data)
                0x00000000000000d4        0x4 LONG 0x0 SIZEOF (.data)
                0x00000000000000d8        0x4 LONG 0x94c LOADADDR (.data_RAM2)
                0x00000000000000dc        0x4 LONG 0x2007c000 ADDR (.data_RAM2)
                0x00000000000000e0        0x4 LONG 0x0 SIZEOF (.data_RAM2)
                0x00000000000000e4                __data_section_table_end = .
                0x00000000000000e4                __bss_section_table = .
                0x00000000000000e4        0x4 LONG 0x10000000 ADDR (.bss)
                0x00000000000000e8        0x4 LONG 0x8 SIZEOF (.bss)
                0x00000000000000ec        0x4 LONG 0x2007c000 ADDR (.bss_RAM2)
                0x00000000000000f0        0x4 LONG 0x0 SIZEOF (.bss_RAM2)
                0x00000000000000f4                __bss_section_table_end = .
                0x00000000000000f4                __section_table_end = .
 *(.after_vectors*)
 .after_vectors
                0x00000000000000f4      0x144 ./src/cr_startup_lpc175x_6x.o
                0x00000000000000f4                data_init
                0x0000000000000138                bss_init
                0x0000000000000170                ResetISR
                0x00000000000001e8                NMI_Handler
                0x00000000000001f0                HardFault_Handler
                0x00000000000001f8                MemManage_Handler
                0x0000000000000200                BusFault_Handler
                0x0000000000000208                UsageFault_Handler
                0x0000000000000210                SVC_Handler
                0x0000000000000218                DebugMon_Handler
                0x0000000000000220                PendSV_Handler
                0x0000000000000230                UART0_IRQHandler
                0x0000000000000230                IntDefaultHandler
                0x0000000000000230                PLL0_IRQHandler
                0x0000000000000230                CAN_IRQHandler
                0x0000000000000230                PLL1_IRQHandler
                0x0000000000000230                SSP0_IRQHandler
                0x0000000000000230                I2S_IRQHandler
                0x0000000000000230                I2C2_IRQHandler
                0x0000000000000230                RTC_IRQHandler
                0x0000000000000230                TIMER0_IRQHandler
                0x0000000000000230                SPI_IRQHandler
                0x0000000000000230                EINT1_IRQHandler
                0x0000000000000230                TIMER1_IRQHandler
                0x0000000000000230                UART2_IRQHandler
                0x0000000000000230                ADC_IRQHandler
                0x0000000000000230                SSP1_IRQHandler
                0x0000000000000230                USB_IRQHandler
                0x0000000000000230                BOD_IRQHandler
                0x0000000000000230                WDT_IRQHandler
                0x0000000000000230                QEI_IRQHandler
                0x0000000000000230                EINT0_IRQHandler
                0x0000000000000230                ETH_IRQHandler
                0x0000000000000230                DMA_IRQHandler
                0x0000000000000230                UART3_IRQHandler
                0x0000000000000230                TIMER2_IRQHandler
                0x0000000000000230                MCPWM_IRQHandler
                0x0000000000000230                RIT_IRQHandler
                0x0000000000000230                I2C0_IRQHandler
                0x0000000000000230                USBActivity_IRQHandler
                0x0000000000000230                PWM1_IRQHandler
                0x0000000000000230                I2C1_IRQHandler
                0x0000000000000230                EINT2_IRQHandler
                0x0000000000000230                UART1_IRQHandler
                0x0000000000000230                EINT3_IRQHandler
                0x0000000000000230                CANActivity_IRQHandler
                0x0000000000000230                TIMER3_IRQHandler
 *(.text*)
 .text.NVIC_SetPriority
                0x0000000000000238       0x54 ./src/main.o
 .text.SysTick_Config
                0x000000000000028c       0x44 ./src/main.o
 .text.Chip_GPIO_SetPinState
                0x00000000000002d0       0x68 ./src/main.o
 .text.Chip_GPIO_GetPinState
                0x0000000000000338       0x3c ./src/main.o
 .text.Chip_GPIO_SetPinDIROutput
                0x0000000000000374       0x38 ./src/main.o
 .text.Chip_GPIO_SetPinToggle
                0x00000000000003ac       0x4c ./src/main.o
 .text.SysTick_Handler
                0x00000000000003f8       0x18 ./src/main.o
                0x00000000000003f8                SysTick_Handler
 .text.toggleLed
                0x0000000000000410       0x14 ./src/main.o
                0x0000000000000410                toggleLed
 .text.handleLedCycle
                0x0000000000000424       0x30 ./src/main.o
                0x0000000000000424                handleLedCycle
 .text.secondsClockUpdate
                0x0000000000000454       0x38 ./src/main.o
                0x0000000000000454                secondsClockUpdate
 .text.main     0x000000000000048c       0x70 ./src/main.o
                0x000000000000048c                main
 .text.SystemInit
                0x00000000000004fc       0x24 ./src/sysinit.o
                0x00000000000004fc                SystemInit
 .text.SystemCoreClockUpdate
                0x0000000000000520       0x14 /Users/manu/LPCXpresso/tp_2016/lpc_chip_175x_6x/Debug/liblpc_chip_175x_6x.a(chip_17xx_40xx.o)
                0x0000000000000520                SystemCoreClockUpdate
 .text.Chip_Clock_IsMainPLLEnabled
                0x0000000000000534       0x28 /Users/manu/LPCXpresso/tp_2016/lpc_chip_175x_6x/Debug/liblpc_chip_175x_6x.a(clock_17xx_40xx.o)
 .text.Chip_Clock_IsMainPLLConnected
                0x000000000000055c       0x28 /Users/manu/LPCXpresso/tp_2016/lpc_chip_175x_6x/Debug/liblpc_chip_175x_6x.a(clock_17xx_40xx.o)
 .text.Chip_Clock_FeedPLL
                0x0000000000000584       0x34 /Users/manu/LPCXpresso/tp_2016/lpc_chip_175x_6x/Debug/liblpc_chip_175x_6x.a(clock_17xx_40xx.o)
 .text.Chip_Clock_GetMainPLLSource
                0x00000000000005b8       0x20 /Users/manu/LPCXpresso/tp_2016/lpc_chip_175x_6x/Debug/liblpc_chip_175x_6x.a(clock_17xx_40xx.o)
 .text.Chip_Clock_GetMainOscRate
                0x00000000000005d8       0x18 /Users/manu/LPCXpresso/tp_2016/lpc_chip_175x_6x/Debug/liblpc_chip_175x_6x.a(clock_17xx_40xx.o)
 .text.Chip_Clock_GetIntOscRate
                0x00000000000005f0       0x14 /Users/manu/LPCXpresso/tp_2016/lpc_chip_175x_6x/Debug/liblpc_chip_175x_6x.a(clock_17xx_40xx.o)
 .text.Chip_Clock_GetRTCOscRate
                0x0000000000000604       0x18 /Users/manu/LPCXpresso/tp_2016/lpc_chip_175x_6x/Debug/liblpc_chip_175x_6x.a(clock_17xx_40xx.o)
 .text.Chip_Clock_GetMainPLLInClockRate
                0x000000000000061c       0x10 /Users/manu/LPCXpresso/tp_2016/lpc_chip_175x_6x/Debug/liblpc_chip_175x_6x.a(clock_17xx_40xx.o)
 .text.Chip_Clock_EnablePLL
                0x000000000000062c       0x44 /Users/manu/LPCXpresso/tp_2016/lpc_chip_175x_6x/Debug/liblpc_chip_175x_6x.a(clock_17xx_40xx.o)
                0x000000000000062c                Chip_Clock_EnablePLL
 .text.Chip_Clock_DisablePLL
                0x0000000000000670       0x44 /Users/manu/LPCXpresso/tp_2016/lpc_chip_175x_6x/Debug/liblpc_chip_175x_6x.a(clock_17xx_40xx.o)
                0x0000000000000670                Chip_Clock_DisablePLL
 .text.Chip_Clock_SetupPLL
                0x00000000000006b4       0x58 /Users/manu/LPCXpresso/tp_2016/lpc_chip_175x_6x/Debug/liblpc_chip_175x_6x.a(clock_17xx_40xx.o)
                0x00000000000006b4                Chip_Clock_SetupPLL
 .text.Chip_Clock_GetCPUClockSource
                0x000000000000070c       0x24 /Users/manu/LPCXpresso/tp_2016/lpc_chip_175x_6x/Debug/liblpc_chip_175x_6x.a(clock_17xx_40xx.o)
                0x000000000000070c                Chip_Clock_GetCPUClockSource
 .text.Chip_Clock_SetCPUClockDiv
                0x0000000000000730       0x20 /Users/manu/LPCXpresso/tp_2016/lpc_chip_175x_6x/Debug/liblpc_chip_175x_6x.a(clock_17xx_40xx.o)
                0x0000000000000730                Chip_Clock_SetCPUClockDiv
 .text.Chip_Clock_GetCPUClockDiv
                0x0000000000000750       0x1c /Users/manu/LPCXpresso/tp_2016/lpc_chip_175x_6x/Debug/liblpc_chip_175x_6x.a(clock_17xx_40xx.o)
                0x0000000000000750                Chip_Clock_GetCPUClockDiv
 .text.Chip_Clock_GetSYSCLKRate
                0x000000000000076c       0x34 /Users/manu/LPCXpresso/tp_2016/lpc_chip_175x_6x/Debug/liblpc_chip_175x_6x.a(clock_17xx_40xx.o)
                0x000000000000076c                Chip_Clock_GetSYSCLKRate
 .text.Chip_Clock_GetMainPLLOutClockRate
                0x00000000000007a0       0x54 /Users/manu/LPCXpresso/tp_2016/lpc_chip_175x_6x/Debug/liblpc_chip_175x_6x.a(clock_17xx_40xx.o)
                0x00000000000007a0                Chip_Clock_GetMainPLLOutClockRate
 .text.Chip_Clock_GetMainClockRate
                0x00000000000007f4       0x28 /Users/manu/LPCXpresso/tp_2016/lpc_chip_175x_6x/Debug/liblpc_chip_175x_6x.a(clock_17xx_40xx.o)
                0x00000000000007f4                Chip_Clock_GetMainClockRate
 .text.Chip_Clock_GetSystemClockRate
                0x000000000000081c       0x18 /Users/manu/LPCXpresso/tp_2016/lpc_chip_175x_6x/Debug/liblpc_chip_175x_6x.a(clock_17xx_40xx.o)
                0x000000000000081c                Chip_Clock_GetSystemClockRate
 .text.Chip_Clock_IsMainPLLEnabled
                0x0000000000000834       0x28 /Users/manu/LPCXpresso/tp_2016/lpc_chip_175x_6x/Debug/liblpc_chip_175x_6x.a(sysinit_17xx_40xx.o)
 .text.Chip_Clock_IsMainPLLLocked
                0x000000000000085c       0x28 /Users/manu/LPCXpresso/tp_2016/lpc_chip_175x_6x/Debug/liblpc_chip_175x_6x.a(sysinit_17xx_40xx.o)
 .text.Chip_Clock_IsMainPLLConnected
                0x0000000000000884       0x28 /Users/manu/LPCXpresso/tp_2016/lpc_chip_175x_6x/Debug/liblpc_chip_175x_6x.a(sysinit_17xx_40xx.o)
 .text.Chip_Clock_SetMainPLLSource
                0x00000000000008ac       0x20 /Users/manu/LPCXpresso/tp_2016/lpc_chip_175x_6x/Debug/liblpc_chip_175x_6x.a(sysinit_17xx_40xx.o)
 .text.Chip_SetupIrcClocking
                0x00000000000008cc       0x68 /Users/manu/LPCXpresso/tp_2016/lpc_chip_175x_6x/Debug/liblpc_chip_175x_6x.a(sysinit_17xx_40xx.o)
                0x00000000000008cc                Chip_SetupIrcClocking
 .text.Chip_SystemInit
                0x0000000000000934        0xc /Users/manu/LPCXpresso/tp_2016/lpc_chip_175x_6x/Debug/liblpc_chip_175x_6x.a(sysinit_17xx_40xx.o)
                0x0000000000000934                Chip_SystemInit
 .text.__weak_main
                0x0000000000000940        0x4 /Applications/lpcxpresso_7.8.0_426/lpcxpresso/tools/bin/../lib/gcc/arm-none-eabi/4.9.3/../../../../arm-none-eabi/lib/armv7-m/libcr_c.a(__weak__main.o)
                0x0000000000000940                __main
                0x0000000000000940                __weak_main
 *(.rodata .rodata.* .constdata .constdata.*)
 .rodata.OscRateIn
                0x0000000000000944        0x4 ./src/sysinit.o
                0x0000000000000944                OscRateIn
 .rodata.RTCOscRateIn
                0x0000000000000948        0x4 ./src/sysinit.o
                0x0000000000000948                RTCOscRateIn
                0x000000000000094c                . = ALIGN (0x4)

.glue_7         0x000000000000094c        0x0
 .glue_7        0x0000000000000000        0x0 linker stubs

.glue_7t        0x000000000000094c        0x0
 .glue_7t       0x0000000000000000        0x0 linker stubs

.vfp11_veneer   0x000000000000094c        0x0
 .vfp11_veneer  0x0000000000000000        0x0 linker stubs

.v4_bx          0x000000000000094c        0x0
 .v4_bx         0x0000000000000000        0x0 linker stubs

.iplt           0x000000000000094c        0x0
 .iplt          0x0000000000000000        0x0 ./src/cr_startup_lpc175x_6x.o

.rel.dyn        0x000000000000094c        0x0
 .rel.iplt      0x0000000000000000        0x0 ./src/cr_startup_lpc175x_6x.o

.ARM.extab
 *(.ARM.extab* .gnu.linkonce.armextab.*)
                0x000000000000094c                __exidx_start = .

.ARM.exidx
 *(.ARM.exidx* .gnu.linkonce.armexidx.*)
                0x000000000000094c                __exidx_end = .
                0x000000000000094c                _etext = .

.data_RAM2      0x000000002007c000        0x0 load address 0x000000000000094c
 FILL mask 0xff
                0x000000002007c000                PROVIDE (__start_data_RAM2, .)
 *(.ramfunc.$RAM2)
 *(.ramfunc.$RamAHB32)
 *(.data.$RAM2*)
 *(.data.$RamAHB32*)
                0x000000002007c000                . = ALIGN (0x4)
                0x000000002007c000                PROVIDE (__end_data_RAM2, .)

.uninit_RESERVED
                0x0000000010000000        0x0
 *(.bss.$RESERVED*)
                0x0000000010000000                . = ALIGN (0x4)
                0x0000000010000000                _end_uninit_RESERVED = .

.data           0x0000000010000000        0x0 load address 0x000000000000094c
 FILL mask 0xff
                0x0000000010000000                _data = .
 *(vtable)
 *(.ramfunc*)
 *(.data*)
                0x0000000010000000                . = ALIGN (0x4)
                0x0000000010000000                _edata = .

.igot.plt       0x0000000010000000        0x0 load address 0x000000000000094c
 .igot.plt      0x0000000000000000        0x0 ./src/cr_startup_lpc175x_6x.o

.bss_RAM2       0x000000002007c000        0x0
                0x000000002007c000                PROVIDE (__start_bss_RAM2, .)
 *(.bss.$RAM2*)
 *(.bss.$RamAHB32*)
                0x000000002007c000                . = ALIGN (0x4)
                0x000000002007c000                PROVIDE (__end_bss_RAM2, .)

.bss            0x0000000010000000        0x8
                0x0000000010000000                _bss = .
 *(.bss*)
 .bss.systick   0x0000000010000000        0x4 ./src/main.o
                0x0000000010000000                systick
 *(COMMON)
 COMMON         0x0000000010000004        0x4 /Users/manu/LPCXpresso/tp_2016/lpc_chip_175x_6x/Debug/liblpc_chip_175x_6x.a(chip_17xx_40xx.o)
                0x0000000010000004                SystemCoreClock
                0x0000000010000008                . = ALIGN (0x4)
                0x0000000010000008                _ebss = .
                0x0000000010000008                PROVIDE (end, .)

.noinit_RAM2    0x000000002007c000        0x0
 *(.noinit.$RAM2*)
 *(.noinit.$RamAHB32*)
                0x000000002007c000                . = ALIGN (0x4)

.noinit         0x0000000010000008        0x0
                0x0000000010000008                _noinit = .
 *(.noinit*)
                0x0000000010000008                . = ALIGN (0x4)
                0x0000000010000008                _end_noinit = .
                0x0000000010000008                PROVIDE (_pvHeapStart, DEFINED (__user_heap_base)?__user_heap_base:.)
                0x0000000010008000                PROVIDE (_vStackTop, DEFINED (__user_stack_top)?__user_stack_top:(__top_RamLoc32 - 0x0))
OUTPUT(tp1.axf elf32-littlearm)

.debug_info     0x0000000000000000     0x2126
 .debug_info    0x0000000000000000      0x24b ./src/cr_startup_lpc175x_6x.o
 .debug_info    0x000000000000024b      0x8a9 ./src/main.o
 .debug_info    0x0000000000000af4      0x1b1 ./src/sysinit.o
 .debug_info    0x0000000000000ca5      0x50a /Users/manu/LPCXpresso/tp_2016/lpc_chip_175x_6x/Debug/liblpc_chip_175x_6x.a(chip_17xx_40xx.o)
 .debug_info    0x00000000000011af      0xb46 /Users/manu/LPCXpresso/tp_2016/lpc_chip_175x_6x/Debug/liblpc_chip_175x_6x.a(clock_17xx_40xx.o)
 .debug_info    0x0000000000001cf5      0x431 /Users/manu/LPCXpresso/tp_2016/lpc_chip_175x_6x/Debug/liblpc_chip_175x_6x.a(sysinit_17xx_40xx.o)

.debug_abbrev   0x0000000000000000      0x9d8
 .debug_abbrev  0x0000000000000000       0xf5 ./src/cr_startup_lpc175x_6x.o
 .debug_abbrev  0x00000000000000f5      0x28c ./src/main.o
 .debug_abbrev  0x0000000000000381       0xca ./src/sysinit.o
 .debug_abbrev  0x000000000000044b      0x138 /Users/manu/LPCXpresso/tp_2016/lpc_chip_175x_6x/Debug/liblpc_chip_175x_6x.a(chip_17xx_40xx.o)
 .debug_abbrev  0x0000000000000583      0x2e4 /Users/manu/LPCXpresso/tp_2016/lpc_chip_175x_6x/Debug/liblpc_chip_175x_6x.a(clock_17xx_40xx.o)
 .debug_abbrev  0x0000000000000867      0x171 /Users/manu/LPCXpresso/tp_2016/lpc_chip_175x_6x/Debug/liblpc_chip_175x_6x.a(sysinit_17xx_40xx.o)

.debug_aranges  0x0000000000000000      0x2c8
 .debug_aranges
                0x0000000000000000       0x80 ./src/cr_startup_lpc175x_6x.o
 .debug_aranges
                0x0000000000000080       0x70 ./src/main.o
 .debug_aranges
                0x00000000000000f0       0x20 ./src/sysinit.o
 .debug_aranges
                0x0000000000000110       0x38 /Users/manu/LPCXpresso/tp_2016/lpc_chip_175x_6x/Debug/liblpc_chip_175x_6x.a(chip_17xx_40xx.o)
 .debug_aranges
                0x0000000000000148      0x120 /Users/manu/LPCXpresso/tp_2016/lpc_chip_175x_6x/Debug/liblpc_chip_175x_6x.a(clock_17xx_40xx.o)
 .debug_aranges
                0x0000000000000268       0x60 /Users/manu/LPCXpresso/tp_2016/lpc_chip_175x_6x/Debug/liblpc_chip_175x_6x.a(sysinit_17xx_40xx.o)

.debug_ranges   0x0000000000000000      0x268
 .debug_ranges  0x0000000000000000       0x70 ./src/cr_startup_lpc175x_6x.o
 .debug_ranges  0x0000000000000070       0x60 ./src/main.o
 .debug_ranges  0x00000000000000d0       0x10 ./src/sysinit.o
 .debug_ranges  0x00000000000000e0       0x28 /Users/manu/LPCXpresso/tp_2016/lpc_chip_175x_6x/Debug/liblpc_chip_175x_6x.a(chip_17xx_40xx.o)
 .debug_ranges  0x0000000000000108      0x110 /Users/manu/LPCXpresso/tp_2016/lpc_chip_175x_6x/Debug/liblpc_chip_175x_6x.a(clock_17xx_40xx.o)
 .debug_ranges  0x0000000000000218       0x50 /Users/manu/LPCXpresso/tp_2016/lpc_chip_175x_6x/Debug/liblpc_chip_175x_6x.a(sysinit_17xx_40xx.o)

.debug_macro    0x0000000000000000     0x52b6
 .debug_macro   0x0000000000000000       0x1d ./src/cr_startup_lpc175x_6x.o
 .debug_macro   0x000000000000001d      0x862 ./src/cr_startup_lpc175x_6x.o
 .debug_macro   0x000000000000087f      0x1e8 ./src/main.o
 .debug_macro   0x0000000000000a67      0x880 ./src/main.o
 .debug_macro   0x00000000000012e7       0x10 ./src/main.o
 .debug_macro   0x00000000000012f7      0x12d ./src/main.o
 .debug_macro   0x0000000000001424      0x5b2 ./src/main.o
 .debug_macro   0x00000000000019d6       0x22 ./src/main.o
 .debug_macro   0x00000000000019f8       0x7b ./src/main.o
 .debug_macro   0x0000000000001a73       0x10 ./src/main.o
 .debug_macro   0x0000000000001a83       0x2d ./src/main.o
 .debug_macro   0x0000000000001ab0       0x3a ./src/main.o
 .debug_macro   0x0000000000001aea       0x2d ./src/main.o
 .debug_macro   0x0000000000001b17      0xbb1 ./src/main.o
 .debug_macro   0x00000000000026c8      0x22c ./src/main.o
 .debug_macro   0x00000000000028f4       0x42 ./src/main.o
 .debug_macro   0x0000000000002936       0x52 ./src/main.o
 .debug_macro   0x0000000000002988       0x78 ./src/main.o
 .debug_macro   0x0000000000002a00       0x82 ./src/main.o
 .debug_macro   0x0000000000002a82      0x48c ./src/main.o
 .debug_macro   0x0000000000002f0e       0x34 ./src/main.o
 .debug_macro   0x0000000000002f42      0x4c5 ./src/main.o
 .debug_macro   0x0000000000003407      0x1b7 ./src/main.o
 .debug_macro   0x00000000000035be       0x10 ./src/main.o
 .debug_macro   0x00000000000035ce      0x21b ./src/main.o
 .debug_macro   0x00000000000037e9      0x1b9 ./src/main.o
 .debug_macro   0x00000000000039a2       0x40 ./src/main.o
 .debug_macro   0x00000000000039e2       0x22 ./src/main.o
 .debug_macro   0x0000000000003a04      0x162 ./src/main.o
 .debug_macro   0x0000000000003b66       0x94 ./src/main.o
 .debug_macro   0x0000000000003bfa       0xb8 ./src/main.o
 .debug_macro   0x0000000000003cb2       0x4c ./src/main.o
 .debug_macro   0x0000000000003cfe       0x16 ./src/main.o
 .debug_macro   0x0000000000003d14      0x328 ./src/main.o
 .debug_macro   0x000000000000403c       0x49 ./src/main.o
 .debug_macro   0x0000000000004085       0x16 ./src/main.o
 .debug_macro   0x000000000000409b       0xca ./src/main.o
 .debug_macro   0x0000000000004165       0x18 ./src/main.o
 .debug_macro   0x000000000000417d       0x82 ./src/main.o
 .debug_macro   0x00000000000041ff      0x1cd ./src/sysinit.o
 .debug_macro   0x00000000000043cc      0x12d ./src/sysinit.o
 .debug_macro   0x00000000000044f9      0x1cd /Users/manu/LPCXpresso/tp_2016/lpc_chip_175x_6x/Debug/liblpc_chip_175x_6x.a(chip_17xx_40xx.o)
 .debug_macro   0x00000000000046c6      0x856 /Users/manu/LPCXpresso/tp_2016/lpc_chip_175x_6x/Debug/liblpc_chip_175x_6x.a(chip_17xx_40xx.o)
 .debug_macro   0x0000000000004f1c      0x1cd /Users/manu/LPCXpresso/tp_2016/lpc_chip_175x_6x/Debug/liblpc_chip_175x_6x.a(clock_17xx_40xx.o)
 .debug_macro   0x00000000000050e9      0x1cd /Users/manu/LPCXpresso/tp_2016/lpc_chip_175x_6x/Debug/liblpc_chip_175x_6x.a(sysinit_17xx_40xx.o)

.debug_line     0x0000000000000000     0x19e3
 .debug_line    0x0000000000000000       0xdd ./src/cr_startup_lpc175x_6x.o
 .debug_line    0x00000000000000dd      0x536 ./src/main.o
 .debug_line    0x0000000000000613      0x3fe ./src/sysinit.o
 .debug_line    0x0000000000000a11      0x44e /Users/manu/LPCXpresso/tp_2016/lpc_chip_175x_6x/Debug/liblpc_chip_175x_6x.a(chip_17xx_40xx.o)
 .debug_line    0x0000000000000e5f      0x6c0 /Users/manu/LPCXpresso/tp_2016/lpc_chip_175x_6x/Debug/liblpc_chip_175x_6x.a(clock_17xx_40xx.o)
 .debug_line    0x000000000000151f      0x4c4 /Users/manu/LPCXpresso/tp_2016/lpc_chip_175x_6x/Debug/liblpc_chip_175x_6x.a(sysinit_17xx_40xx.o)

.debug_str      0x0000000000000000    0x11f8d
 .debug_str     0x0000000000000000     0x25ab ./src/cr_startup_lpc175x_6x.o
                                       0x25be (size before relaxing)
 .debug_str     0x00000000000025ab     0xec18 ./src/main.o
                                      0x10f9f (size before relaxing)
 .debug_str     0x00000000000111c3       0x5d ./src/sysinit.o
                                      0x10654 (size before relaxing)
 .debug_str     0x0000000000011220      0x452 /Users/manu/LPCXpresso/tp_2016/lpc_chip_175x_6x/Debug/liblpc_chip_175x_6x.a(chip_17xx_40xx.o)
                                      0x10a69 (size before relaxing)
 .debug_str     0x0000000000011672      0x857 /Users/manu/LPCXpresso/tp_2016/lpc_chip_175x_6x/Debug/liblpc_chip_175x_6x.a(clock_17xx_40xx.o)
                                      0x110d7 (size before relaxing)
 .debug_str     0x0000000000011ec9       0xc4 /Users/manu/LPCXpresso/tp_2016/lpc_chip_175x_6x/Debug/liblpc_chip_175x_6x.a(sysinit_17xx_40xx.o)
                                      0x1073c (size before relaxing)

.comment        0x0000000000000000      0x150
 .comment       0x0000000000000000       0x70 ./src/cr_startup_lpc175x_6x.o
                                         0x71 (size before relaxing)
 .comment       0x0000000000000070       0x70 ./src/main.o
                                         0x71 (size before relaxing)
 .comment       0x0000000000000000       0x71 ./src/sysinit.o
 .comment       0x0000000000000000       0x71 /Users/manu/LPCXpresso/tp_2016/lpc_chip_175x_6x/Debug/liblpc_chip_175x_6x.a(chip_17xx_40xx.o)
 .comment       0x0000000000000000       0x71 /Users/manu/LPCXpresso/tp_2016/lpc_chip_175x_6x/Debug/liblpc_chip_175x_6x.a(clock_17xx_40xx.o)
 .comment       0x0000000000000000       0x71 /Users/manu/LPCXpresso/tp_2016/lpc_chip_175x_6x/Debug/liblpc_chip_175x_6x.a(sysinit_17xx_40xx.o)
 .comment       0x00000000000000e0       0x70 /Applications/lpcxpresso_7.8.0_426/lpcxpresso/tools/bin/../lib/gcc/arm-none-eabi/4.9.3/../../../../arm-none-eabi/lib/armv7-m/libcr_c.a(__weak__main.o)
                                         0x71 (size before relaxing)

.ARM.attributes
                0x0000000000000000       0x33
 .ARM.attributes
                0x0000000000000000       0x33 ./src/cr_startup_lpc175x_6x.o
 .ARM.attributes
                0x0000000000000033       0x33 ./src/main.o
 .ARM.attributes
                0x0000000000000066       0x33 ./src/sysinit.o
 .ARM.attributes
                0x0000000000000099       0x33 /Users/manu/LPCXpresso/tp_2016/lpc_chip_175x_6x/Debug/liblpc_chip_175x_6x.a(chip_17xx_40xx.o)
 .ARM.attributes
                0x00000000000000cc       0x33 /Users/manu/LPCXpresso/tp_2016/lpc_chip_175x_6x/Debug/liblpc_chip_175x_6x.a(clock_17xx_40xx.o)
 .ARM.attributes
                0x00000000000000ff       0x33 /Users/manu/LPCXpresso/tp_2016/lpc_chip_175x_6x/Debug/liblpc_chip_175x_6x.a(sysinit_17xx_40xx.o)
 .ARM.attributes
                0x0000000000000132       0x33 /Applications/lpcxpresso_7.8.0_426/lpcxpresso/tools/bin/../lib/gcc/arm-none-eabi/4.9.3/../../../../arm-none-eabi/lib/armv7-m/libcr_c.a(__weak__main.o)

.debug_frame    0x0000000000000000      0x844
 .debug_frame   0x0000000000000000      0x158 ./src/cr_startup_lpc175x_6x.o
 .debug_frame   0x0000000000000158      0x1a0 ./src/main.o
 .debug_frame   0x00000000000002f8       0x30 ./src/sysinit.o
 .debug_frame   0x0000000000000328       0x78 /Users/manu/LPCXpresso/tp_2016/lpc_chip_175x_6x/Debug/liblpc_chip_175x_6x.a(chip_17xx_40xx.o)
 .debug_frame   0x00000000000003a0      0x3ac /Users/manu/LPCXpresso/tp_2016/lpc_chip_175x_6x/Debug/liblpc_chip_175x_6x.a(clock_17xx_40xx.o)
 .debug_frame   0x000000000000074c       0xf8 /Users/manu/LPCXpresso/tp_2016/lpc_chip_175x_6x/Debug/liblpc_chip_175x_6x.a(sysinit_17xx_40xx.o)
